------------------------------------------------------------
TimeQuest Timing Analyzer Summary
------------------------------------------------------------

Type  : Slow Model Setup 'sopc_clk'
Slack : 7.606
TNS   : 0.000

Type  : Slow Model Hold 'sopc_clk'
Slack : 0.391
TNS   : 0.000

Type  : Slow Model Recovery 'sopc_clk'
Slack : 15.557
TNS   : 0.000

Type  : Slow Model Removal 'sopc_clk'
Slack : 1.039
TNS   : 0.000

Type  : Slow Model Minimum Pulse Width 'sopc_clk'
Slack : 7.873
TNS   : 0.000

Type  : Slow Model Minimum Pulse Width 'altera_reserved_tck'
Slack : 97.778
TNS   : 0.000

Type  : Fast Model Setup 'sopc_clk'
Slack : 14.242
TNS   : 0.000

Type  : Fast Model Hold 'sopc_clk'
Slack : 0.215
TNS   : 0.000

Type  : Fast Model Recovery 'sopc_clk'
Slack : 17.436
TNS   : 0.000

Type  : Fast Model Removal 'sopc_clk'
Slack : 0.586
TNS   : 0.000

Type  : Fast Model Minimum Pulse Width 'sopc_clk'
Slack : 7.873
TNS   : 0.000

Type  : Fast Model Minimum Pulse Width 'altera_reserved_tck'
Slack : 97.778
TNS   : 0.000

------------------------------------------------------------
