Archive member included because of file (symbol)

c:/altera/13.0sp1/nios2eds/bin/gnu/h-i686-mingw32/bin/../lib/gcc/nios2-elf/4.1.2/mno-hw-mul\libgcc.a(_mul_df.o)
                              obj/default/count_leading_ones.o (__muldf3)
c:/altera/13.0sp1/nios2eds/bin/gnu/h-i686-mingw32/bin/../lib/gcc/nios2-elf/4.1.2/mno-hw-mul\libgcc.a(_div_df.o)
                              obj/default/count_leading_ones.o (__divdf3)
c:/altera/13.0sp1/nios2eds/bin/gnu/h-i686-mingw32/bin/../lib/gcc/nios2-elf/4.1.2/mno-hw-mul\libgcc.a(_thenan_df.o)
                              c:/altera/13.0sp1/nios2eds/bin/gnu/h-i686-mingw32/bin/../lib/gcc/nios2-elf/4.1.2/mno-hw-mul\libgcc.a(_mul_df.o) (__thenan_df)
c:/altera/13.0sp1/nios2eds/bin/gnu/h-i686-mingw32/bin/../lib/gcc/nios2-elf/4.1.2/mno-hw-mul\libgcc.a(_usi_to_df.o)
                              obj/default/count_leading_ones.o (__floatunsidf)
c:/altera/13.0sp1/nios2eds/bin/gnu/h-i686-mingw32/bin/../lib/gcc/nios2-elf/4.1.2/mno-hw-mul\libgcc.a(_muldi3.o)
                              c:/altera/13.0sp1/nios2eds/bin/gnu/h-i686-mingw32/bin/../lib/gcc/nios2-elf/4.1.2/mno-hw-mul\libgcc.a(_mul_df.o) (__muldi3)
c:/altera/13.0sp1/nios2eds/bin/gnu/h-i686-mingw32/bin/../lib/gcc/nios2-elf/4.1.2/mno-hw-mul\libgcc.a(_clzsi2.o)
                              c:/altera/13.0sp1/nios2eds/bin/gnu/h-i686-mingw32/bin/../lib/gcc/nios2-elf/4.1.2/mno-hw-mul\libgcc.a(_usi_to_df.o) (__clzsi2)
c:/altera/13.0sp1/nios2eds/bin/gnu/h-i686-mingw32/bin/../lib/gcc/nios2-elf/4.1.2/mno-hw-mul\libgcc.a(_pack_df.o)
                              c:/altera/13.0sp1/nios2eds/bin/gnu/h-i686-mingw32/bin/../lib/gcc/nios2-elf/4.1.2/mno-hw-mul\libgcc.a(_mul_df.o) (__pack_d)
c:/altera/13.0sp1/nios2eds/bin/gnu/h-i686-mingw32/bin/../lib/gcc/nios2-elf/4.1.2/mno-hw-mul\libgcc.a(_unpack_df.o)
                              c:/altera/13.0sp1/nios2eds/bin/gnu/h-i686-mingw32/bin/../lib/gcc/nios2-elf/4.1.2/mno-hw-mul\libgcc.a(_mul_df.o) (__unpack_d)
c:/altera/13.0sp1/nios2eds/bin/gnu/h-i686-mingw32/bin/../lib/gcc/nios2-elf/4.1.2/mno-hw-mul\libgcc.a(lib2-mul.o)
                              c:/altera/13.0sp1/nios2eds/bin/gnu/h-i686-mingw32/bin/../lib/gcc/nios2-elf/4.1.2/mno-hw-mul\libgcc.a(_muldi3.o) (__mulsi3)
c:/altera/13.0sp1/nios2eds/bin/gnu/h-i686-mingw32/bin/../lib/gcc/nios2-elf/4.1.2/mno-hw-mul\libgcc.a(_clz.o)
                              c:/altera/13.0sp1/nios2eds/bin/gnu/h-i686-mingw32/bin/../lib/gcc/nios2-elf/4.1.2/mno-hw-mul\libgcc.a(_clzsi2.o) (__clz_tab)
c:/altera/13.0sp1/nios2eds/bin/gnu/h-i686-mingw32/bin/../lib/gcc/nios2-elf/4.1.2/../../../../nios2-elf/lib/mno-hw-mul\libsmallc.a(lib_a-clock.o)
                              obj/default/count_leading_ones.o (clock)
c:/altera/13.0sp1/nios2eds/bin/gnu/h-i686-mingw32/bin/../lib/gcc/nios2-elf/4.1.2/../../../../nios2-elf/lib/mno-hw-mul\libsmallc.a(lib_a-impure.o)
                              c:/altera/13.0sp1/nios2eds/bin/gnu/h-i686-mingw32/bin/../lib/gcc/nios2-elf/4.1.2/../../../../nios2-elf/lib/mno-hw-mul\libsmallc.a(lib_a-clock.o) (_impure_ptr)
c:/altera/13.0sp1/nios2eds/bin/gnu/h-i686-mingw32/bin/../lib/gcc/nios2-elf/4.1.2/../../../../nios2-elf/lib/mno-hw-mul\libsmallc.a(lib_a-printf.o)
                              obj/default/count_leading_ones.o (printf)
c:/altera/13.0sp1/nios2eds/bin/gnu/h-i686-mingw32/bin/../lib/gcc/nios2-elf/4.1.2/../../../../nios2-elf/lib/mno-hw-mul\libsmallc.a(lib_a-puts.o)
                              obj/default/count_leading_ones.o (puts)
c:/altera/13.0sp1/nios2eds/bin/gnu/h-i686-mingw32/bin/../lib/gcc/nios2-elf/4.1.2/../../../../nios2-elf/lib/mno-hw-mul\libsmallc.a(lib_a-strlen.o)
                              c:/altera/13.0sp1/nios2eds/bin/gnu/h-i686-mingw32/bin/../lib/gcc/nios2-elf/4.1.2/../../../../nios2-elf/lib/mno-hw-mul\libsmallc.a(lib_a-puts.o) (strlen)
c:/altera/13.0sp1/nios2eds/bin/gnu/h-i686-mingw32/bin/../lib/gcc/nios2-elf/4.1.2/../../../../nios2-elf/lib/mno-hw-mul\libsmallc.a(lib_a-timesr.o)
                              c:/altera/13.0sp1/nios2eds/bin/gnu/h-i686-mingw32/bin/../lib/gcc/nios2-elf/4.1.2/../../../../nios2-elf/lib/mno-hw-mul\libsmallc.a(lib_a-clock.o) (_times_r)
c:/altera/13.0sp1/nios2eds/bin/gnu/h-i686-mingw32/bin/../lib/gcc/nios2-elf/4.1.2/../../../../nios2-elf/lib/mno-hw-mul\libsmallc.a(lib_a-vfprintf.o)
                              c:/altera/13.0sp1/nios2eds/bin/gnu/h-i686-mingw32/bin/../lib/gcc/nios2-elf/4.1.2/../../../../nios2-elf/lib/mno-hw-mul\libsmallc.a(lib_a-printf.o) (___vfprintf_internal_r)
c:/altera/13.0sp1/nios2eds/bin/gnu/h-i686-mingw32/bin/../lib/gcc/nios2-elf/4.1.2/../../../../nios2-elf/lib/mno-hw-mul\libsmallc.a(lib_a-fvwrite_small_dev.o)
                              c:/altera/13.0sp1/nios2eds/bin/gnu/h-i686-mingw32/bin/../lib/gcc/nios2-elf/4.1.2/../../../../nios2-elf/lib/mno-hw-mul\libsmallc.a(lib_a-printf.o) (__sfvwrite_small_dev)
c:/altera/13.0sp1/nios2eds/bin/gnu/h-i686-mingw32/bin/../lib/gcc/nios2-elf/4.1.2/../../../../nios2-elf/lib/mno-hw-mul\libsmallc.a(lib_a-writer.o)
[...]
Memory Configuration

Name             Origin             Length             Attributes
sram             0x00000000         0x00080000
onchip_mem       0x00080000         0x00005000
reset            0x01000000         0x00000020
sdram            0x01000020         0x007fffe0
*default*        0x00000000         0xffffffff

Linker script and memory map

LOAD ../NiosIICountLeadingOnes_bsp//obj/HAL/src/crt0.o
LOAD obj/default/count_leading_ones.o
LOAD c:/altera/13.0sp1/nios2eds/bin/gnu/h-i686-mingw32/bin/../lib/gcc/nios2-elf/4.1.2/../../../../nios2-elf/lib/mno-hw-mul\libstdc++.a
LOAD c:/altera/13.0sp1/nios2eds/bin/gnu/h-i686-mingw32/bin/../lib/gcc/nios2-elf/4.1.2/../../../../nios2-elf/lib/mno-hw-mul\libm.a
LOAD c:/altera/13.0sp1/nios2eds/bin/gnu/h-i686-mingw32/bin/../lib/gcc/nios2-elf/4.1.2/mno-hw-mul\libgcc.a
START GROUP
LOAD c:/altera/13.0sp1/nios2eds/bin/gnu/h-i686-mingw32/bin/../lib/gcc/nios2-elf/4.1.2/../../../../nios2-elf/lib/mno-hw-mul\libsmallc.a
LOAD c:/altera/13.0sp1/nios2eds/bin/gnu/h-i686-mingw32/bin/../lib/gcc/nios2-elf/4.1.2/mno-hw-mul\libgcc.a
LOAD ../NiosIICountLeadingOnes_bsp/\libhal_bsp.a
END GROUP
LOAD c:/altera/13.0sp1/nios2eds/bin/gnu/h-i686-mingw32/bin/../lib/gcc/nios2-elf/4.1.2/mno-hw-mul\libgcc.a
                0x00000000                __alt_mem_sram = 0x0
                0x00080000                __alt_mem_onchip_mem = 0x80000
                0x01000000                __alt_mem_sdram = 0x1000000

.entry          0x01000000       0x20
 *(.entry)
 .entry         0x01000000       0x20 ../NiosIICountLeadingOnes_bsp//obj/HAL/src/crt0.o
                0x01000000                __reset

.exceptions     0x01000020      0x194
                0x01000020                PROVIDE (__ram_exceptions_start, ABSOLUTE (.))
                0x01000020                . = ALIGN (0x20)
 *(.irq)
 *(.exceptions.entry.label)
 .exceptions.entry.label
                0x01000020        0x0 ../NiosIICountLeadingOnes_bsp/\libhal_bsp.a(alt_irq_entry.o)
                0x01000020                alt_irq_entry
 .exceptions.entry.label
                0x01000020        0x0 ../NiosIICountLeadingOnes_bsp/\libhal_bsp.a(alt_exception_entry.o)
                0x01000020                alt_exception
 *(.exceptions.entry.user)
 *(.exceptions.entry)
 .exceptions.entry
                0x01000020       0x54 ../NiosIICountLeadingOnes_bsp/\libhal_bsp.a(alt_exception_entry.o)
 *(.exceptions.irqtest.user)
 *(.exceptions.irqtest)
 .exceptions.irqtest
                0x01000074       0x10 ../NiosIICountLeadingOnes_bsp/\libhal_bsp.a(alt_irq_entry.o)
 *(.exceptions.irqhandler.user)
 *(.exceptions.irqhandler)
 .exceptions.irqhandler
                0x01000084        0x4 ../NiosIICountLeadingOnes_bsp/\libhal_bsp.a(alt_irq_entry.o)
 *(.exceptions.irqreturn.user)
 *(.exceptions.irqreturn)
 .exceptions.irqreturn
                0x01000088        0x4 ../NiosIICountLeadingOnes_bsp/\libhal_bsp.a(alt_irq_entry.o)
 *(.exceptions.notirq.label)
 .exceptions.notirq.label
                0x0100008c        0x0 ../NiosIICountLeadingOnes_bsp/\libhal_bsp.a(alt_irq_entry.o)
 *(.exceptions.notirq.user)
 *(.exceptions.notirq)
 .exceptions.notirq
                0x0100008c        0x8 ../NiosIICountLeadingOnes_bsp/\libhal_bsp.a(alt_exception_entry.o)
 *(.exceptions.soft.user)
 *(.exceptions.soft)
 *(.exceptions.unknown.user)
 *(.exceptions.unknown)
 .exceptions.unknown
                0x01000094        0x4 ../NiosIICountLeadingOnes_bsp/\libhal_bsp.a(alt_exception_entry.o)
 *(.exceptions.exit.label)
 .exceptions.exit.label
                0x01000098        0x0 ../NiosIICountLeadingOnes_bsp/\libhal_bsp.a(alt_irq_entry.o)
 .exceptions.exit.label
                0x01000098        0x0 ../NiosIICountLeadingOnes_bsp/\libhal_bsp.a(alt_exception_entry.o)
 *(.exceptions.exit.user)
 *(.exceptions.exit)
 .exceptions.exit
                0x01000098       0x54 ../NiosIICountLeadingOnes_bsp/\libhal_bsp.a(alt_exception_entry.o)
 *(.exceptions)
 .exceptions    0x010000ec       0xc8 ../NiosIICountLeadingOnes_bsp/\libhal_bsp.a(alt_irq_handler.o)
                0x010000ec                alt_irq_handler
                0x010001b4                PROVIDE (__ram_exceptions_end, ABSOLUTE (.))
                0x01000020                PROVIDE (__flash_exceptions_start, LOADADDR (.exceptions))

.text           0x010001b4     0x3524
                0x010001b4                PROVIDE (stext, ABSOLUTE (.))
 *(.interp)
 *(.hash)
 *(.dynsym)
 *(.dynstr)
 *(.gnu.version)
 *(.gnu.version_d)
 *(.gnu.version_r)
 *(.rel.init)
 *(.rela.init)
 *(.rel.text .rel.text.* .rel.gnu.linkonce.t.*)
 *(.rela.text .rela.text.* .rela.gnu.linkonce.t.*)
 *(.rel.fini)
 *(.rela.fini)
 *(.rel.rodata .rel.rodata.* .rel.gnu.linkonce.r.*)
 *(.rela.rodata .rela.rodata.* .rela.gnu.linkonce.r.*)
 *(.rel.data .rel.data.* .rel.gnu.linkonce.d.*)
 *(.rela.data .rela.data.* .rela.gnu.linkonce.d.*)
 *(.rel.tdata .rel.tdata.* .rel.gnu.linkonce.td.*)
 *(.rela.tdata .rela.tdata.* .rela.gnu.linkonce.td.*)
 *(.rel.tbss .rel.tbss.* .rel.gnu.linkonce.tb.*)
 *(.rela.tbss .rela.tbss.* .rela.gnu.linkonce.tb.*)
 *(.rel.ctors)
 *(.rela.ctors)
 *(.rel.dtors)
 *(.rela.dtors)
 *(.rel.got)
 *(.rela.got)
 *(.rel.sdata .rel.sdata.* .rel.gnu.linkonce.s.*)
 *(.rela.sdata .rela.sdata.* .rela.gnu.linkonce.s.*)
 *(.rel.sbss .rel.sbss.* .rel.gnu.linkonce.sb.*)
 *(.rela.sbss .rela.sbss.* .rela.gnu.linkonce.sb.*)
 *(.rel.sdata2 .rel.sdata2.* .rel.gnu.linkonce.s2.*)
 *(.rela.sdata2 .rela.sdata2.* .rela.gnu.linkonce.s2.*)
 *(.rel.sbss2 .rel.sbss2.* .rel.gnu.linkonce.sb2.*)
 *(.rela.sbss2 .rela.sbss2.* .rela.gnu.linkonce.sb2.*)
 *(.rel.bss .rel.bss.* .rel.gnu.linkonce.b.*)
 *(.rela.bss .rela.bss.* .rela.gnu.linkonce.b.*)
 *(.rel.plt)
 *(.rela.plt)
 *(.rel.dyn)
 *(.init)
 *(.plt)
 *(.text .stub .text.* .gnu.linkonce.t.*)
 .text          0x010001b4       0x3c ../NiosIICountLeadingOnes_bsp//obj/HAL/src/crt0.o
                0x010001b4                _start
 .text          0x010001f0      0x210 obj/default/count_leading_ones.o
                0x010001f0                count_leading_ones
                0x010003c8                main
 .text          0x01000400      0x3c4 c:/altera/13.0sp1/nios2eds/bin/gnu/h-i686-mingw32/bin/../lib/gcc/nios2-elf/4.1.2/mno-hw-mul\libgcc.a(_mul_df.o)
                0x01000400                __muldf3
 .text          0x010007c4      0x258 c:/altera/13.0sp1/nios2eds/bin/gnu/h-i686-mingw32/bin/../lib/gcc/nios2-elf/4.1.2/mno-hw-mul\libgcc.a(_div_df.o)
                0x010007c4                __divdf3
 .text          0x01000a1c        0x0 c:/altera/13.0sp1/nios2eds/bin/gnu/h-i686-mingw32/bin/../lib/gcc/nios2-elf/4.1.2/mno-hw-mul\libgcc.a(_thenan_df.o)
 .text          0x01000a1c      0x194 c:/altera/13.0sp1/nios2eds/bin/gnu/h-i686-mingw32/bin/../lib/gcc/nios2-elf/4.1.2/mno-hw-mul\libgcc.a(_usi_to_df.o)
                0x01000a1c                __floatunsidf
 .text          0x01000bb0      0x124 c:/altera/13.0sp1/nios2eds/bin/gnu/h-i686-mingw32/bin/../lib/gcc/nios2-elf/4.1.2/mno-hw-mul\libgcc.a(_muldi3.o)
                0x01000bb0                __muldi3
 .text          0x01000cd4       0x80 c:/altera/13.0sp1/nios2eds/bin/gnu/h-i686-mingw32/bin/../lib/gcc/nios2-elf/4.1.2/mno-hw-mul\libgcc.a(_clzsi2.o)
                0x01000cd4                __clzsi2
 .text          0x01000d54      0x314 c:/altera/13.0sp1/nios2eds/bin/gnu/h-i686-mingw32/bin/../lib/gcc/nios2-elf/4.1.2/mno-hw-mul\libgcc.a(_pack_df.o)
                0x01000d54                __pack_d
 .text          0x01001068      0x138 c:/altera/13.0sp1/nios2eds/bin/gnu/h-i686-mingw32/bin/../lib/gcc/nios2-elf/4.1.2/mno-hw-mul\libgcc.a(_unpack_df.o)
                0x01001068                __unpack_d
 .text          0x010011a0       0x38 c:/altera/13.0sp1/nios2eds/bin/gnu/h-i686-mingw32/bin/../lib/gcc/nios2-elf/4.1.2/mno-hw-mul\libgcc.a(lib2-mul.o)
                0x010011a0                __mulsi3
 .text          0x010011d8        0x0 c:/altera/13.0sp1/nios2eds/bin/gnu/h-i686-mingw32/bin/../lib/gcc/nios2-elf/4.1.2/mno-hw-mul\libgcc.a(_clz.o)
 .text          0x010011d8       0x54 c:/altera/13.0sp1/nios2eds/bin/gnu/h-i686-mingw32/bin/../lib/gcc/nios2-elf/4.1.2/../../../../nios2-elf/lib/mno-hw-mul\libsmallc.a(lib_a-clock.o)
                0x010011d8                clock
 .text          0x0100122c        0x0 c:/altera/13.0sp1/nios2eds/bin/gnu/h-i686-mingw32/bin/../lib/gcc/nios2-elf/4.1.2/../../../../nios2-elf/lib/mno-hw-mul\libsmallc.a(lib_a-impure.o)
 .text          0x0100122c       0x98 c:/altera/13.0sp1/nios2eds/bin/gnu/h-i686-mingw32/bin/../lib/gcc/nios2-elf/4.1.2/../../../../nios2-elf/lib/mno-hw-mul\libsmallc.a(lib_a-printf.o)
                0x0100122c                printf
                0x01001280                _printf_r
 .text          0x010012c4       0xa4 c:/altera/13.0sp1/nios2eds/bin/gnu/h-i686-mingw32/bin/../lib/gcc/nios2-elf/4.1.2/../../../../nios2-elf/lib/mno-hw-mul\libsmallc.a(lib_a-puts.o)
                0x010012c4                _puts_r
                0x01001354                puts
 .text          0x01001368       0x20 c:/altera/13.0sp1/nios2eds/bin/gnu/h-i686-mingw32/bin/../lib/gcc/nios2-elf/4.1.2/../../../../nios2-elf/lib/mno-hw-mul\libsmallc.a(lib_a-strlen.o)
                0x01001368                strlen
 .text          0x01001388        0x8 c:/altera/13.0sp1/nios2eds/bin/gnu/h-i686-mingw32/bin/../lib/gcc/nios2-elf/4.1.2/../../../../nios2-elf/lib/mno-hw-mul\libsmallc.a(lib_a-timesr.o)
                0x01001388                _times_r
 .text          0x01001390      0x740 c:/altera/13.0sp1/nios2eds/bin/gnu/h-i686-mingw32/bin/../lib/gcc/nios2-elf/4.1.2/../../../../nios2-elf/lib/mno-hw-mul\libsmallc.a(lib_a-vfprintf.o)
                0x01001410                ___vfprintf_internal_r
                0x01001aac                __vfprintf_internal
 .text          0x01001ad0       0xbc c:/altera/13.0sp1/nios2eds/bin/gnu/h-i686-mingw32/bin/../lib/gcc/nios2-elf/4.1.2/../../../../nios2-elf/lib/mno-hw-mul\libsmallc.a(lib_a-fvwrite_small_dev.o)
                0x01001ad0                __sfvwrite_small_dev
 .text          0x01001b8c       0x78 c:/altera/13.0sp1/nios2eds/bin/gnu/h-i686-mingw32/bin/../lib/gcc/nios2-elf/4.1.2/../../../../nios2-elf/lib/mno-hw-mul\libsmallc.a(lib_a-writer.o)
                0x01001b8c                _write_r
 .text          0x01001c04        0x0 c:/altera/13.0sp1/nios2eds/bin/gnu/h-i686-mingw32/bin/../lib/gcc/nios2-elf/4.1.2/../../../../nios2-elf/lib/mno-hw-mul\libsmallc.a(lib_a-int_errno.o)
 .text          0x01001c04      0x14c c:/altera/13.0sp1/nios2eds/bin/gnu/h-i686-mingw32/bin/../lib/gcc/nios2-elf/4.1.2/mno-hw-mul\libgcc.a(lib2-divmod.o)
                0x01001c80                __divsi3
                0x01001ce0                __modsi3
                0x01001d40                __udivsi3
                0x01001d48                __umodsi3
 .text          0x01001d50       0xec ../NiosIICountLeadingOnes_bsp/\libhal_bsp.a(alt_load.o)
                0x01001d50                alt_load
 .text          0x01001e3c       0x5c ../NiosIICountLeadingOnes_bsp/\libhal_bsp.a(alt_main.o)
                0x01001e3c                alt_main
 .text          0x01001e98       0xf4 ../NiosIICountLeadingOnes_bsp/\libhal_bsp.a(alt_times.o)
                0x01001e98                times
 .text          0x01001f8c      0x184 ../NiosIICountLeadingOnes_bsp/\libhal_bsp.a(alt_write.o)
                0x01001f8c                write
 .text          0x01002110       0xb4 ../NiosIICountLeadingOnes_bsp/\libhal_bsp.a(alt_sys_init.o)
                0x01002110                alt_irq_init
                0x01002144                alt_sys_init
 .text          0x010021c4       0xb0 ../NiosIICountLeadingOnes_bsp/\libhal_bsp.a(altera_avalon_jtag_uart_fd.o)
                0x010021c4                altera_avalon_jtag_uart_read_fd
                0x0100221c                altera_avalon_jtag_uart_write_fd
 .text          0x01002274      0x104 ../NiosIICountLeadingOnes_bsp/\libhal_bsp.a(altera_avalon_jtag_uart_read.o)
                0x01002274                altera_avalon_jtag_uart_read
 .text          0x01002378       0xa4 ../NiosIICountLeadingOnes_bsp/\libhal_bsp.a(altera_avalon_jtag_uart_write.o)
                0x01002378                altera_avalon_jtag_uart_write
 .text          0x0100241c      0x100 ../NiosIICountLeadingOnes_bsp/\libhal_bsp.a(altera_avalon_timer_sc.o)
                0x0100248c                alt_avalon_timer_sc_init
 .text          0x0100251c      0x160 ../NiosIICountLeadingOnes_bsp/\libhal_bsp.a(alt_close.o)
                0x0100251c                close
 .text          0x0100267c       0x1c ../NiosIICountLeadingOnes_bsp/\libhal_bsp.a(alt_dcache_flush_all.o)
                0x0100267c                alt_dcache_flush_all
 .text          0x01002698       0x2c ../NiosIICountLeadingOnes_bsp/\libhal_bsp.a(alt_dev.o)
 .text          0x010026c4      0x114 ../NiosIICountLeadingOnes_bsp/\libhal_bsp.a(alt_dev_llist_insert.o)
                0x010026c4                alt_dev_llist_insert
 .text          0x010027d8        0x0 ../NiosIICountLeadingOnes_bsp/\libhal_bsp.a(alt_errno.o)
 .text          0x010027d8       0x30 ../NiosIICountLeadingOnes_bsp/\libhal_bsp.a(alt_icache_flush_all.o)
                0x010027d8                alt_icache_flush_all
 .text          0x01002808      0x1d4 ../NiosIICountLeadingOnes_bsp/\libhal_bsp.a(alt_iic.o)
                0x01002808                alt_ic_isr_register
                0x01002858                alt_ic_irq_enable
                0x010028f4                alt_ic_irq_disable
                0x01002994                alt_ic_irq_enabled
 .text          0x010029dc       0xf8 ../NiosIICountLeadingOnes_bsp/\libhal_bsp.a(alt_iic_isr_register.o)
                0x010029dc                alt_iic_isr_register
 .text          0x01002ad4      0x150 ../NiosIICountLeadingOnes_bsp/\libhal_bsp.a(alt_io_redirect.o)
                0x01002bac                alt_io_redirect
 .text          0x01002c24        0x0 ../NiosIICountLeadingOnes_bsp/\libhal_bsp.a(alt_irq_entry.o)
 .text          0x01002c24        0x0 ../NiosIICountLeadingOnes_bsp/\libhal_bsp.a(alt_irq_handler.o)
 .text          0x01002c24        0x0 ../NiosIICountLeadingOnes_bsp/\libhal_bsp.a(alt_irq_vars.o)
 .text          0x01002c24      0x2e4 ../NiosIICountLeadingOnes_bsp/\libhal_bsp.a(alt_open.o)
                0x01002d1c                open
 .text          0x01002f08       0x78 ../NiosIICountLeadingOnes_bsp/\libhal_bsp.a(alt_release_fd.o)
                0x01002f08                alt_release_fd
 .text          0x01002f80      0x1a4 ../NiosIICountLeadingOnes_bsp/\libhal_bsp.a(alt_tick.o)
                0x01002f80                alt_alarm_stop
                0x01003018                alt_tick
 .text          0x01003124       0x20 ../NiosIICountLeadingOnes_bsp/\libhal_bsp.a(altera_nios2_qsys_irq.o)
                0x01003124                altera_nios2_qsys_irq_init
 .text          0x01003144        0x0 ../NiosIICountLeadingOnes_bsp/\libhal_bsp.a(alt_exception_entry.o)
 .text          0x01003144       0x94 ../NiosIICountLeadingOnes_bsp/\libhal_bsp.a(alt_find_dev.o)
                0x01003144                alt_find_dev
 .text          0x010031d8      0x120 ../NiosIICountLeadingOnes_bsp/\libhal_bsp.a(alt_find_file.o)
                0x010031d8                alt_find_file
 .text          0x010032f8       0xd0 ../NiosIICountLeadingOnes_bsp/\libhal_bsp.a(alt_get_fd.o)
                0x010032f8                alt_get_fd
 .text          0x010033c8       0x90 ../NiosIICountLeadingOnes_bsp/\libhal_bsp.a(alt_icache_flush.o)
                0x010033c8                alt_icache_flush
 .text          0x01003458       0x20 c:/altera/13.0sp1/nios2eds/bin/gnu/h-i686-mingw32/bin/../lib/gcc/nios2-elf/4.1.2/../../../../nios2-elf/lib/mno-hw-mul\libsmallc.a(lib_a-exit.o)
                0x01003458                exit
 .text          0x01003478       0x3c c:/altera/13.0sp1/nios2eds/bin/gnu/h-i686-mingw32/bin/../lib/gcc/nios2-elf/4.1.2/../../../../nios2-elf/lib/mno-hw-mul\libsmallc.a(lib_a-memcmp.o)
                0x01003478                memcmp
 .text          0x010034b4      0x1c0 c:/altera/13.0sp1/nios2eds/bin/gnu/h-i686-mingw32/bin/../lib/gcc/nios2-elf/4.1.2/../../../../nios2-elf/lib/mno-hw-mul\libsmallc.a(lib_a-__call_atexit.o)
                0x010034b8                __call_exitprocs
 .text          0x01003674       0x60 ../NiosIICountLeadingOnes_bsp/\libhal_bsp.a(alt_exit.o)
                0x010036b4                _exit
 *(.gnu.warning.*)
 *(.fini)
                0x010036d4                PROVIDE (__etext, ABSOLUTE (.))
                0x010036d4                PROVIDE (_etext, ABSOLUTE (.))
                0x010036d4                PROVIDE (etext, ABSOLUTE (.))
 *(.eh_frame_hdr)
                0x010036d4                . = ALIGN (0x4)
                0x010036d4                PROVIDE (__preinit_array_start, ABSOLUTE (.))
 *(.preinit_array)
                0x010036d4                PROVIDE (__preinit_array_end, ABSOLUTE (.))
                0x010036d4                PROVIDE (__init_array_start, ABSOLUTE (.))
 *(.init_array)
                0x010036d4                PROVIDE (__init_array_end, ABSOLUTE (.))
                0x010036d4                PROVIDE (__fini_array_start, ABSOLUTE (.))
 *(.fini_array)
                0x010036d4                PROVIDE (__fini_array_end, ABSOLUTE (.))
 *(.eh_frame)
 *(.gcc_except_table)
 *(.dynamic)
                0x010036d4                PROVIDE (__CTOR_LIST__, ABSOLUTE (.))
 *(.ctors)
 *(SORT(.ctors.*))
 .ctors.65535   0x010036d4        0x4 c:/altera/13.0sp1/nios2eds/bin/gnu/h-i686-mingw32/bin/../lib/gcc/nios2-elf/4.1.2/../../../../nios2-elf/lib/mno-hw-mul\libsmallc.a(lib_a-__call_atexit.o)
                0x010036d8                PROVIDE (__CTOR_END__, ABSOLUTE (.))
                0x010036d8                PROVIDE (__DTOR_LIST__, ABSOLUTE (.))
 *(.dtors)
 *(SORT(.dtors.*))
                0x010036d8                PROVIDE (__DTOR_END__, ABSOLUTE (.))
 *(.jcr)
                0x010036d8                . = ALIGN (0x4)

.rodata         0x010036d8      0x1ec
                0x010036d8                PROVIDE (__ram_rodata_start, ABSOLUTE (.))
                0x010036d8                . = ALIGN (0x4)
 *(.rodata .rodata.* .gnu.linkonce.r.*)
 .rodata        0x010036d8       0xa8 obj/default/count_leading_ones.o
 .rodata        0x01003780       0x14 c:/altera/13.0sp1/nios2eds/bin/gnu/h-i686-mingw32/bin/../lib/gcc/nios2-elf/4.1.2/mno-hw-mul\libgcc.a(_thenan_df.o)
                0x01003780                __thenan_df
 .rodata        0x01003794      0x100 c:/altera/13.0sp1/nios2eds/bin/gnu/h-i686-mingw32/bin/../lib/gcc/nios2-elf/4.1.2/mno-hw-mul\libgcc.a(_clz.o)
                0x01003794                __clz_tab
 .rodata.str1.4
                0x01003894        0x4 c:/altera/13.0sp1/nios2eds/bin/gnu/h-i686-mingw32/bin/../lib/gcc/nios2-elf/4.1.2/../../../../nios2-elf/lib/mno-hw-mul\libsmallc.a(lib_a-puts.o)
 .rodata        0x01003898       0x10 ../NiosIICountLeadingOnes_bsp/\libhal_bsp.a(alt_main.o)
 .rodata        0x010038a8       0x10 ../NiosIICountLeadingOnes_bsp/\libhal_bsp.a(alt_sys_init.o)
 .rodata        0x010038b8        0xc ../NiosIICountLeadingOnes_bsp/\libhal_bsp.a(alt_dev.o)
 *(.rodata1)
                0x010038c4                . = ALIGN (0x4)
                0x010038c4                PROVIDE (__ram_rodata_end, ABSOLUTE (.))
                0x010036d8                PROVIDE (__flash_rodata_start, LOADADDR (.rodata))

.rwdata         0x010038c4      0x2e4 load address 0x01003ba8
                0x010038c4                PROVIDE (__ram_rwdata_start, ABSOLUTE (.))
                0x010038c4                . = ALIGN (0x4)
 *(.got.plt)
 *(.got)
 *(.data1)
 *(.data .data.* .gnu.linkonce.d.*)
 .data          0x010038c4        0x0 ../NiosIICountLeadingOnes_bsp//obj/HAL/src/crt0.o
 .data          0x010038c4        0x0 obj/default/count_leading_ones.o
 .data          0x010038c4        0x0 c:/altera/13.0sp1/nios2eds/bin/gnu/h-i686-mingw32/bin/../lib/gcc/nios2-elf/4.1.2/mno-hw-mul\libgcc.a(_mul_df.o)
 .data          0x010038c4        0x0 c:/altera/13.0sp1/nios2eds/bin/gnu/h-i686-mingw32/bin/../lib/gcc/nios2-elf/4.1.2/mno-hw-mul\libgcc.a(_div_df.o)
 .data          0x010038c4        0x0 c:/altera/13.0sp1/nios2eds/bin/gnu/h-i686-mingw32/bin/../lib/gcc/nios2-elf/4.1.2/mno-hw-mul\libgcc.a(_thenan_df.o)
 .data          0x010038c4        0x0 c:/altera/13.0sp1/nios2eds/bin/gnu/h-i686-mingw32/bin/../lib/gcc/nios2-elf/4.1.2/mno-hw-mul\libgcc.a(_usi_to_df.o)
 .data          0x010038c4        0x0 c:/altera/13.0sp1/nios2eds/bin/gnu/h-i686-mingw32/bin/../lib/gcc/nios2-elf/4.1.2/mno-hw-mul\libgcc.a(_muldi3.o)
 .data          0x010038c4        0x0 c:/altera/13.0sp1/nios2eds/bin/gnu/h-i686-mingw32/bin/../lib/gcc/nios2-elf/4.1.2/mno-hw-mul\libgcc.a(_clzsi2.o)
 .data          0x010038c4        0x0 c:/altera/13.0sp1/nios2eds/bin/gnu/h-i686-mingw32/bin/../lib/gcc/nios2-elf/4.1.2/mno-hw-mul\libgcc.a(_pack_df.o)
 .data          0x010038c4        0x0 c:/altera/13.0sp1/nios2eds/bin/gnu/h-i686-mingw32/bin/../lib/gcc/nios2-elf/4.1.2/mno-hw-mul\libgcc.a(_unpack_df.o)
 .data          0x010038c4        0x0 c:/altera/13.0sp1/nios2eds/bin/gnu/h-i686-mingw32/bin/../lib/gcc/nios2-elf/4.1.2/mno-hw-mul\libgcc.a(lib2-mul.o)
 .data          0x010038c4        0x0 c:/altera/13.0sp1/nios2eds/bin/gnu/h-i686-mingw32/bin/../lib/gcc/nios2-elf/4.1.2/mno-hw-mul\libgcc.a(_clz.o)
 .data          0x010038c4        0x0 c:/altera/13.0sp1/nios2eds/bin/gnu/h-i686-mingw32/bin/../lib/gcc/nios2-elf/4.1.2/../../../../nios2-elf/lib/mno-hw-mul\libsmallc.a(lib_a-clock.o)
 .data          0x010038c4       0xe0 c:/altera/13.0sp1/nios2eds/bin/gnu/h-i686-mingw32/bin/../lib/gcc/nios2-elf/4.1.2/../../../../nios2-elf/lib/mno-hw-mul\libsmallc.a(lib_a-impure.o)
 .data          0x010039a4        0x0 c:/altera/13.0sp1/nios2eds/bin/gnu/h-i686-mingw32/bin/../lib/gcc/nios2-elf/4.1.2/../../../../nios2-elf/lib/mno-hw-mul\libsmallc.a(lib_a-printf.o)
 .data          0x010039a4        0x0 c:/altera/13.0sp1/nios2eds/bin/gnu/h-i686-mingw32/bin/../lib/gcc/nios2-elf/4.1.2/../../../../nios2-elf/lib/mno-hw-mul\libsmallc.a(lib_a-puts.o)
 .data          0x010039a4        0x0 c:/altera/13.0sp1/nios2eds/bin/gnu/h-i686-mingw32/bin/../lib/gcc/nios2-elf/4.1.2/../../../../nios2-elf/lib/mno-hw-mul\libsmallc.a(lib_a-strlen.o)
 .data          0x010039a4        0x0 c:/altera/13.0sp1/nios2eds/bin/gnu/h-i686-mingw32/bin/../lib/gcc/nios2-elf/4.1.2/../../../../nios2-elf/lib/mno-hw-mul\libsmallc.a(lib_a-timesr.o)
 .data          0x010039a4        0x0 c:/altera/13.0sp1/nios2eds/bin/gnu/h-i686-mingw32/bin/../lib/gcc/nios2-elf/4.1.2/../../../../nios2-elf/lib/mno-hw-mul\libsmallc.a(lib_a-vfprintf.o)
 .data          0x010039a4        0x0 c:/altera/13.0sp1/nios2eds/bin/gnu/h-i686-mingw32/bin/../lib/gcc/nios2-elf/4.1.2/../../../../nios2-elf/lib/mno-hw-mul\libsmallc.a(lib_a-fvwrite_small_dev.o)
 .data          0x010039a4        0x0 c:/altera/13.0sp1/nios2eds/bin/gnu/h-i686-mingw32/bin/../lib/gcc/nios2-elf/4.1.2/../../../../nios2-elf/lib/mno-hw-mul\libsmallc.a(lib_a-writer.o)
 .data          0x010039a4        0x0 c:/altera/13.0sp1/nios2eds/bin/gnu/h-i686-mingw32/bin/../lib/gcc/nios2-elf/4.1.2/../../../../nios2-elf/lib/mno-hw-mul\libsmallc.a(lib_a-int_errno.o)
 .data          0x010039a4        0x0 c:/altera/13.0sp1/nios2eds/bin/gnu/h-i686-mingw32/bin/../lib/gcc/nios2-elf/4.1.2/mno-hw-mul\libgcc.a(lib2-divmod.o)
 .data          0x010039a4        0x0 ../NiosIICountLeadingOnes_bsp/\libhal_bsp.a(alt_load.o)
 .data          0x010039a4        0x0 ../NiosIICountLeadingOnes_bsp/\libhal_bsp.a(alt_main.o)
 .data          0x010039a4        0x0 ../NiosIICountLeadingOnes_bsp/\libhal_bsp.a(alt_times.o)
 .data          0x010039a4        0x0 ../NiosIICountLeadingOnes_bsp/\libhal_bsp.a(alt_write.o)
 .data          0x010039a4       0x2c ../NiosIICountLeadingOnes_bsp/\libhal_bsp.a(alt_sys_init.o)
 .data          0x010039d0        0x0 ../NiosIICountLeadingOnes_bsp/\libhal_bsp.a(altera_avalon_jtag_uart_fd.o)
 .data          0x010039d0        0x0 ../NiosIICountLeadingOnes_bsp/\libhal_bsp.a(altera_avalon_jtag_uart_read.o)
 .data          0x010039d0        0x0 ../NiosIICountLeadingOnes_bsp/\libhal_bsp.a(altera_avalon_jtag_uart_write.o)
 .data          0x010039d0        0x0 ../NiosIICountLeadingOnes_bsp/\libhal_bsp.a(altera_avalon_timer_sc.o)
 .data          0x010039d0        0x0 ../NiosIICountLeadingOnes_bsp/\libhal_bsp.a(alt_close.o)
 .data          0x010039d0        0x0 ../NiosIICountLeadingOnes_bsp/\libhal_bsp.a(alt_dcache_flush_all.o)
 .data          0x010039d0      0x1a8 ../NiosIICountLeadingOnes_bsp/\libhal_bsp.a(alt_dev.o)
                0x010039d0                alt_dev_null
                0x010039f8                alt_fd_list
 .data          0x01003b78        0x0 ../NiosIICountLeadingOnes_bsp/\libhal_bsp.a(alt_dev_llist_insert.o)
 .data          0x01003b78        0x0 ../NiosIICountLeadingOnes_bsp/\libhal_bsp.a(alt_errno.o)
 .data          0x01003b78        0x0 ../NiosIICountLeadingOnes_bsp/\libhal_bsp.a(alt_icache_flush_all.o)
 .data          0x01003b78        0x0 ../NiosIICountLeadingOnes_bsp/\libhal_bsp.a(alt_iic.o)
 .data          0x01003b78        0x0 ../NiosIICountLeadingOnes_bsp/\libhal_bsp.a(alt_iic_isr_register.o)
 .data          0x01003b78        0x0 ../NiosIICountLeadingOnes_bsp/\libhal_bsp.a(alt_io_redirect.o)
 .data          0x01003b78        0x0 ../NiosIICountLeadingOnes_bsp/\libhal_bsp.a(alt_irq_entry.o)
 .data          0x01003b78        0x0 ../NiosIICountLeadingOnes_bsp/\libhal_bsp.a(alt_irq_handler.o)
 .data          0x01003b78        0x0 ../NiosIICountLeadingOnes_bsp/\libhal_bsp.a(alt_irq_vars.o)
 .data          0x01003b78        0x0 ../NiosIICountLeadingOnes_bsp/\libhal_bsp.a(alt_open.o)
 .data          0x01003b78        0x0 ../NiosIICountLeadingOnes_bsp/\libhal_bsp.a(alt_release_fd.o)
 .data          0x01003b78        0x0 ../NiosIICountLeadingOnes_bsp/\libhal_bsp.a(alt_tick.o)
 .data          0x01003b78        0x0 ../NiosIICountLeadingOnes_bsp/\libhal_bsp.a(altera_nios2_qsys_irq.o)
 .data          0x01003b78        0x0 ../NiosIICountLeadingOnes_bsp/\libhal_bsp.a(alt_exception_entry.o)
 .data          0x01003b78        0x0 ../NiosIICountLeadingOnes_bsp/\libhal_bsp.a(alt_find_dev.o)
 .data          0x01003b78        0x0 ../NiosIICountLeadingOnes_bsp/\libhal_bsp.a(alt_find_file.o)
 .data          0x01003b78        0x0 ../NiosIICountLeadingOnes_bsp/\libhal_bsp.a(alt_get_fd.o)
 .data          0x01003b78        0x0 ../NiosIICountLeadingOnes_bsp/\libhal_bsp.a(alt_icache_flush.o)
 .data          0x01003b78        0x0 c:/altera/13.0sp1/nios2eds/bin/gnu/h-i686-mingw32/bin/../lib/gcc/nios2-elf/4.1.2/../../../../nios2-elf/lib/mno-hw-mul\libsmallc.a(lib_a-exit.o)
 .data          0x01003b78        0x0 c:/altera/13.0sp1/nios2eds/bin/gnu/h-i686-mingw32/bin/../lib/gcc/nios2-elf/4.1.2/../../../../nios2-elf/lib/mno-hw-mul\libsmallc.a(lib_a-memcmp.o)
 .data          0x01003b78        0x0 c:/altera/13.0sp1/nios2eds/bin/gnu/h-i686-mingw32/bin/../lib/gcc/nios2-elf/4.1.2/../../../../nios2-elf/lib/mno-hw-mul\libsmallc.a(lib_a-__call_atexit.o)
 .data          0x01003b78        0x0 ../NiosIICountLeadingOnes_bsp/\libhal_bsp.a(alt_exit.o)
                0x0100bb78                _gp = ABSOLUTE ((. + 0x8000))
                0x0100bb78                PROVIDE (gp, _gp)
 *(.rwdata .rwdata.*)
 *(.sdata .sdata.* .gnu.linkonce.s.*)
 .sdata         0x01003b78        0x4 obj/default/count_leading_ones.o
 .sdata         0x01003b7c        0x8 c:/altera/13.0sp1/nios2eds/bin/gnu/h-i686-mingw32/bin/../lib/gcc/nios2-elf/4.1.2/../../../../nios2-elf/lib/mno-hw-mul\libsmallc.a(lib_a-impure.o)
                0x01003b7c                _impure_ptr
                0x01003b80                _global_impure_ptr
 .sdata         0x01003b84       0x14 ../NiosIICountLeadingOnes_bsp/\libhal_bsp.a(alt_dev.o)
                0x01003b84                alt_fs_list
                0x01003b8c                alt_dev_list
                0x01003b94                alt_max_fd
 .sdata         0x01003b98        0x4 ../NiosIICountLeadingOnes_bsp/\libhal_bsp.a(alt_errno.o)
                0x01003b98                alt_errno
 .sdata         0x01003b9c        0x4 ../NiosIICountLeadingOnes_bsp/\libhal_bsp.a(alt_irq_vars.o)
                0x01003b9c                alt_priority_mask
 .sdata         0x01003ba0        0x8 ../NiosIICountLeadingOnes_bsp/\libhal_bsp.a(alt_tick.o)
                0x01003ba0                alt_alarm_list
 *(.sdata2 .sdata2.* .gnu.linkonce.s2.*)
                0x01003ba8                . = ALIGN (0x4)
                0x01003ba8                _edata = ABSOLUTE (.)
                0x01003ba8                PROVIDE (edata, ABSOLUTE (.))
                0x01003ba8                PROVIDE (__ram_rwdata_end, ABSOLUTE (.))
                0x01003ba8                PROVIDE (__flash_rwdata_start, LOADADDR (.rwdata))

.bss            0x01003e8c      0x11c
                0x01003e8c                __bss_start = ABSOLUTE (.)
                0x01003e8c                PROVIDE (__sbss_start, ABSOLUTE (.))
                0x01003e8c                PROVIDE (___sbss_start, ABSOLUTE (.))
 *(.dynsbss)
 *(.sbss .sbss.* .gnu.linkonce.sb.*)
 .sbss          0x01003e8c        0x4 c:/altera/13.0sp1/nios2eds/bin/gnu/h-i686-mingw32/bin/../lib/gcc/nios2-elf/4.1.2/../../../../nios2-elf/lib/mno-hw-mul\libsmallc.a(lib_a-int_errno.o)
                0x01003e8c                errno
 .sbss          0x01003e90        0xc ../NiosIICountLeadingOnes_bsp/\libhal_bsp.a(alt_main.o)
                0x01003e90                alt_argc
                0x01003e94                alt_argv
                0x01003e98                alt_envp
 .sbss          0x01003e9c        0x4 ../NiosIICountLeadingOnes_bsp/\libhal_bsp.a(alt_irq_vars.o)
                0x01003e9c                alt_irq_active
 .sbss          0x01003ea0        0x8 ../NiosIICountLeadingOnes_bsp/\libhal_bsp.a(alt_tick.o)
                0x01003ea0                _alt_tick_rate
                0x01003ea4                _alt_nticks
 *(.sbss2 .sbss2.* .gnu.linkonce.sb2.*)
 *(.scommon)
                0x01003ea8                PROVIDE (__sbss_end, ABSOLUTE (.))
                0x01003ea8                PROVIDE (___sbss_end, ABSOLUTE (.))
 *(.dynbss)
 *(.bss .bss.* .gnu.linkonce.b.*)
 .bss           0x01003ea8        0x0 ../NiosIICountLeadingOnes_bsp//obj/HAL/src/crt0.o
 .bss           0x01003ea8        0x0 obj/default/count_leading_ones.o
 .bss           0x01003ea8        0x0 c:/altera/13.0sp1/nios2eds/bin/gnu/h-i686-mingw32/bin/../lib/gcc/nios2-elf/4.1.2/mno-hw-mul\libgcc.a(_mul_df.o)
 .bss           0x01003ea8        0x0 c:/altera/13.0sp1/nios2eds/bin/gnu/h-i686-mingw32/bin/../lib/gcc/nios2-elf/4.1.2/mno-hw-mul\libgcc.a(_div_df.o)
 .bss           0x01003ea8        0x0 c:/altera/13.0sp1/nios2eds/bin/gnu/h-i686-mingw32/bin/../lib/gcc/nios2-elf/4.1.2/mno-hw-mul\libgcc.a(_thenan_df.o)
 .bss           0x01003ea8        0x0 c:/altera/13.0sp1/nios2eds/bin/gnu/h-i686-mingw32/bin/../lib/gcc/nios2-elf/4.1.2/mno-hw-mul\libgcc.a(_usi_to_df.o)
 .bss           0x01003ea8        0x0 c:/altera/13.0sp1/nios2eds/bin/gnu/h-i686-mingw32/bin/../lib/gcc/nios2-elf/4.1.2/mno-hw-mul\libgcc.a(_muldi3.o)
 .bss           0x01003ea8        0x0 c:/altera/13.0sp1/nios2eds/bin/gnu/h-i686-mingw32/bin/../lib/gcc/nios2-elf/4.1.2/mno-hw-mul\libgcc.a(_clzsi2.o)
 .bss           0x01003ea8        0x0 c:/altera/13.0sp1/nios2eds/bin/gnu/h-i686-mingw32/bin/../lib/gcc/nios2-elf/4.1.2/mno-hw-mul\libgcc.a(_pack_df.o)
 .bss           0x01003ea8        0x0 c:/altera/13.0sp1/nios2eds/bin/gnu/h-i686-mingw32/bin/../lib/gcc/nios2-elf/4.1.2/mno-hw-mul\libgcc.a(_unpack_df.o)
 .bss           0x01003ea8        0x0 c:/altera/13.0sp1/nios2eds/bin/gnu/h-i686-mingw32/bin/../lib/gcc/nios2-elf/4.1.2/mno-hw-mul\libgcc.a(lib2-mul.o)
 .bss           0x01003ea8        0x0 c:/altera/13.0sp1/nios2eds/bin/gnu/h-i686-mingw32/bin/../lib/gcc/nios2-elf/4.1.2/mno-hw-mul\libgcc.a(_clz.o)
 .bss           0x01003ea8        0x0 c:/altera/13.0sp1/nios2eds/bin/gnu/h-i686-mingw32/bin/../lib/gcc/nios2-elf/4.1.2/../../../../nios2-elf/lib/mno-hw-mul\libsmallc.a(lib_a-clock.o)
 .bss           0x01003ea8        0x0 c:/altera/13.0sp1/nios2eds/bin/gnu/h-i686-mingw32/bin/../lib/gcc/nios2-elf/4.1.2/../../../../nios2-elf/lib/mno-hw-mul\libsmallc.a(lib_a-impure.o)
 .bss           0x01003ea8        0x0 c:/altera/13.0sp1/nios2eds/bin/gnu/h-i686-mingw32/bin/../lib/gcc/nios2-elf/4.1.2/../../../../nios2-elf/lib/mno-hw-mul\libsmallc.a(lib_a-printf.o)
 .bss           0x01003ea8        0x0 c:/altera/13.0sp1/nios2eds/bin/gnu/h-i686-mingw32/bin/../lib/gcc/nios2-elf/4.1.2/../../../../nios2-elf/lib/mno-hw-mul\libsmallc.a(lib_a-puts.o)
 .bss           0x01003ea8        0x0 c:/altera/13.0sp1/nios2eds/bin/gnu/h-i686-mingw32/bin/../lib/gcc/nios2-elf/4.1.2/../../../../nios2-elf/lib/mno-hw-mul\libsmallc.a(lib_a-strlen.o)
 .bss           0x01003ea8        0x0 c:/altera/13.0sp1/nios2eds/bin/gnu/h-i686-mingw32/bin/../lib/gcc/nios2-elf/4.1.2/../../../../nios2-elf/lib/mno-hw-mul\libsmallc.a(lib_a-timesr.o)
 .bss           0x01003ea8        0x0 c:/altera/13.0sp1/nios2eds/bin/gnu/h-i686-mingw32/bin/../lib/gcc/nios2-elf/4.1.2/../../../../nios2-elf/lib/mno-hw-mul\libsmallc.a(lib_a-vfprintf.o)
 .bss           0x01003ea8        0x0 c:/altera/13.0sp1/nios2eds/bin/gnu/h-i686-mingw32/bin/../lib/gcc/nios2-elf/4.1.2/../../../../nios2-elf/lib/mno-hw-mul\libsmallc.a(lib_a-fvwrite_small_dev.o)
 .bss           0x01003ea8        0x0 c:/altera/13.0sp1/nios2eds/bin/gnu/h-i686-mingw32/bin/../lib/gcc/nios2-elf/4.1.2/../../../../nios2-elf/lib/mno-hw-mul\libsmallc.a(lib_a-writer.o)
 .bss           0x01003ea8        0x0 c:/altera/13.0sp1/nios2eds/bin/gnu/h-i686-mingw32/bin/../lib/gcc/nios2-elf/4.1.2/../../../../nios2-elf/lib/mno-hw-mul\libsmallc.a(lib_a-int_errno.o)
 .bss           0x01003ea8        0x0 c:/altera/13.0sp1/nios2eds/bin/gnu/h-i686-mingw32/bin/../lib/gcc/nios2-elf/4.1.2/mno-hw-mul\libgcc.a(lib2-divmod.o)
 .bss           0x01003ea8        0x0 ../NiosIICountLeadingOnes_bsp/\libhal_bsp.a(alt_load.o)
 .bss           0x01003ea8        0x0 ../NiosIICountLeadingOnes_bsp/\libhal_bsp.a(alt_main.o)
 .bss           0x01003ea8        0x0 ../NiosIICountLeadingOnes_bsp/\libhal_bsp.a(alt_times.o)
 .bss           0x01003ea8        0x0 ../NiosIICountLeadingOnes_bsp/\libhal_bsp.a(alt_write.o)
 .bss           0x01003ea8        0x0 ../NiosIICountLeadingOnes_bsp/\libhal_bsp.a(alt_sys_init.o)
 .bss           0x01003ea8        0x0 ../NiosIICountLeadingOnes_bsp/\libhal_bsp.a(altera_avalon_jtag_uart_fd.o)
 .bss           0x01003ea8        0x0 ../NiosIICountLeadingOnes_bsp/\libhal_bsp.a(altera_avalon_jtag_uart_read.o)
 .bss           0x01003ea8        0x0 ../NiosIICountLeadingOnes_bsp/\libhal_bsp.a(altera_avalon_jtag_uart_write.o)
 .bss           0x01003ea8        0x0 ../NiosIICountLeadingOnes_bsp/\libhal_bsp.a(altera_avalon_timer_sc.o)
 .bss           0x01003ea8        0x0 ../NiosIICountLeadingOnes_bsp/\libhal_bsp.a(alt_close.o)
 .bss           0x01003ea8        0x0 ../NiosIICountLeadingOnes_bsp/\libhal_bsp.a(alt_dcache_flush_all.o)
 .bss           0x01003ea8        0x0 ../NiosIICountLeadingOnes_bsp/\libhal_bsp.a(alt_dev.o)
 .bss           0x01003ea8        0x0 ../NiosIICountLeadingOnes_bsp/\libhal_bsp.a(alt_dev_llist_insert.o)
 .bss           0x01003ea8        0x0 ../NiosIICountLeadingOnes_bsp/\libhal_bsp.a(alt_errno.o)
 .bss           0x01003ea8        0x0 ../NiosIICountLeadingOnes_bsp/\libhal_bsp.a(alt_icache_flush_all.o)
 .bss           0x01003ea8        0x0 ../NiosIICountLeadingOnes_bsp/\libhal_bsp.a(alt_iic.o)
 .bss           0x01003ea8        0x0 ../NiosIICountLeadingOnes_bsp/\libhal_bsp.a(alt_iic_isr_register.o)
 .bss           0x01003ea8        0x0 ../NiosIICountLeadingOnes_bsp/\libhal_bsp.a(alt_io_redirect.o)
 .bss           0x01003ea8        0x0 ../NiosIICountLeadingOnes_bsp/\libhal_bsp.a(alt_irq_entry.o)
 .bss           0x01003ea8        0x0 ../NiosIICountLeadingOnes_bsp/\libhal_bsp.a(alt_irq_handler.o)
 .bss           0x01003ea8        0x0 ../NiosIICountLeadingOnes_bsp/\libhal_bsp.a(alt_irq_vars.o)
 .bss           0x01003ea8        0x0 ../NiosIICountLeadingOnes_bsp/\libhal_bsp.a(alt_open.o)
 .bss           0x01003ea8        0x0 ../NiosIICountLeadingOnes_bsp/\libhal_bsp.a(alt_release_fd.o)
 .bss           0x01003ea8        0x0 ../NiosIICountLeadingOnes_bsp/\libhal_bsp.a(alt_tick.o)
 .bss           0x01003ea8        0x0 ../NiosIICountLeadingOnes_bsp/\libhal_bsp.a(altera_nios2_qsys_irq.o)
 .bss           0x01003ea8        0x0 ../NiosIICountLeadingOnes_bsp/\libhal_bsp.a(alt_exception_entry.o)
 .bss           0x01003ea8        0x0 ../NiosIICountLeadingOnes_bsp/\libhal_bsp.a(alt_find_dev.o)
 .bss           0x01003ea8        0x0 ../NiosIICountLeadingOnes_bsp/\libhal_bsp.a(alt_find_file.o)
 .bss           0x01003ea8        0x0 ../NiosIICountLeadingOnes_bsp/\libhal_bsp.a(alt_get_fd.o)
 .bss           0x01003ea8        0x0 ../NiosIICountLeadingOnes_bsp/\libhal_bsp.a(alt_icache_flush.o)
 .bss           0x01003ea8        0x0 c:/altera/13.0sp1/nios2eds/bin/gnu/h-i686-mingw32/bin/../lib/gcc/nios2-elf/4.1.2/../../../../nios2-elf/lib/mno-hw-mul\libsmallc.a(lib_a-exit.o)
 .bss           0x01003ea8        0x0 c:/altera/13.0sp1/nios2eds/bin/gnu/h-i686-mingw32/bin/../lib/gcc/nios2-elf/4.1.2/../../../../nios2-elf/lib/mno-hw-mul\libsmallc.a(lib_a-memcmp.o)
 .bss           0x01003ea8        0x0 c:/altera/13.0sp1/nios2eds/bin/gnu/h-i686-mingw32/bin/../lib/gcc/nios2-elf/4.1.2/../../../../nios2-elf/lib/mno-hw-mul\libsmallc.a(lib_a-__call_atexit.o)
 .bss           0x01003ea8        0x0 ../NiosIICountLeadingOnes_bsp/\libhal_bsp.a(alt_exit.o)
 *(COMMON)
 COMMON         0x01003ea8      0x100 ../NiosIICountLeadingOnes_bsp/\libhal_bsp.a(alt_irq_handler.o)
                0x01003ea8                alt_irq
                0x01003fa8                . = ALIGN (0x4)
                0x01003fa8                __bss_end = ABSOLUTE (.)

.sram           0x00000000        0x0 load address 0x01003fa8
                0x00000000                PROVIDE (_alt_partition_sram_start, ABSOLUTE (.))
 *(.sram. sram.*)
                0x00000000                . = ALIGN (0x4)
                0x00000000                PROVIDE (_alt_partition_sram_end, ABSOLUTE (.))
                0x01003fa8                PROVIDE (_alt_partition_sram_load_addr, LOADADDR (.sram))

.onchip_mem     0x00080000        0x0 load address 0x01003fa8
                0x00080000                PROVIDE (_alt_partition_onchip_mem_start, ABSOLUTE (.))
 *(.onchip_mem. onchip_mem.*)
                0x00080000                . = ALIGN (0x4)
                0x00080000                PROVIDE (_alt_partition_onchip_mem_end, ABSOLUTE (.))
                0x01003fa8                PROVIDE (_alt_partition_onchip_mem_load_addr, LOADADDR (.onchip_mem))

.sdram          0x01003fa8        0x0
                0x01003fa8                PROVIDE (_alt_partition_sdram_start, ABSOLUTE (.))
 *(.sdram. sdram.*)
                0x01003fa8                . = ALIGN (0x4)
                0x01003fa8                PROVIDE (_alt_partition_sdram_end, ABSOLUTE (.))
                0x01003fa8                _end = ABSOLUTE (.)
                0x01003fa8                end = ABSOLUTE (.)
                0x01003fa8                __alt_stack_base = ABSOLUTE (.)
                0x01003fa8                PROVIDE (_alt_partition_sdram_load_addr, LOADADDR (.sdram))

.stab
 *(.stab)

.stabstr
 *(.stabstr)

.stab.excl
 *(.stab.excl)

.stab.exclstr
 *(.stab.exclstr)

.stab.index
 *(.stab.index)

.stab.indexstr
 *(.stab.indexstr)

.comment        0x00000000       0x26
 *(.comment)
 .comment       0x00000000       0x26 obj/default/count_leading_ones.o
                                 0x27 (size before relaxing)
 .comment       0x00000000       0x27 c:/altera/13.0sp1/nios2eds/bin/gnu/h-i686-mingw32/bin/../lib/gcc/nios2-elf/4.1.2/mno-hw-mul\libgcc.a(_mul_df.o)
 .comment       0x00000000       0x27 c:/altera/13.0sp1/nios2eds/bin/gnu/h-i686-mingw32/bin/../lib/gcc/nios2-elf/4.1.2/mno-hw-mul\libgcc.a(_div_df.o)
 .comment       0x00000000       0x27 c:/altera/13.0sp1/nios2eds/bin/gnu/h-i686-mingw32/bin/../lib/gcc/nios2-elf/4.1.2/mno-hw-mul\libgcc.a(_thenan_df.o)
 .comment       0x00000000       0x27 c:/altera/13.0sp1/nios2eds/bin/gnu/h-i686-mingw32/bin/../lib/gcc/nios2-elf/4.1.2/mno-hw-mul\libgcc.a(_usi_to_df.o)
 .comment       0x00000000       0x27 c:/altera/13.0sp1/nios2eds/bin/gnu/h-i686-mingw32/bin/../lib/gcc/nios2-elf/4.1.2/mno-hw-mul\libgcc.a(_muldi3.o)
 .comment       0x00000000       0x27 c:/altera/13.0sp1/nios2eds/bin/gnu/h-i686-mingw32/bin/../lib/gcc/nios2-elf/4.1.2/mno-hw-mul\libgcc.a(_clzsi2.o)
 .comment       0x00000000       0x27 c:/altera/13.0sp1/nios2eds/bin/gnu/h-i686-mingw32/bin/../lib/gcc/nios2-elf/4.1.2/mno-hw-mul\libgcc.a(_pack_df.o)
 .comment       0x00000000       0x27 c:/altera/13.0sp1/nios2eds/bin/gnu/h-i686-mingw32/bin/../lib/gcc/nios2-elf/4.1.2/mno-hw-mul\libgcc.a(_unpack_df.o)
 .comment       0x00000000       0x27 c:/altera/13.0sp1/nios2eds/bin/gnu/h-i686-mingw32/bin/../lib/gcc/nios2-elf/4.1.2/mno-hw-mul\libgcc.a(lib2-mul.o)
 .comment       0x00000000       0x27 c:/altera/13.0sp1/nios2eds/bin/gnu/h-i686-mingw32/bin/../lib/gcc/nios2-elf/4.1.2/mno-hw-mul\libgcc.a(_clz.o)
 .comment       0x00000000       0x27 c:/altera/13.0sp1/nios2eds/bin/gnu/h-i686-mingw32/bin/../lib/gcc/nios2-elf/4.1.2/../../../../nios2-elf/lib/mno-hw-mul\libsmallc.a(lib_a-clock.o)
 .comment       0x00000000       0x27 c:/altera/13.0sp1/nios2eds/bin/gnu/h-i686-mingw32/bin/../lib/gcc/nios2-elf/4.1.2/../../../../nios2-elf/lib/mno-hw-mul\libsmallc.a(lib_a-impure.o)
 .comment       0x00000000       0x27 c:/altera/13.0sp1/nios2eds/bin/gnu/h-i686-mingw32/bin/../lib/gcc/nios2-elf/4.1.2/../../../../nios2-elf/lib/mno-hw-mul\libsmallc.a(lib_a-printf.o)
 .comment       0x00000000       0x27 c:/altera/13.0sp1/nios2eds/bin/gnu/h-i686-mingw32/bin/../lib/gcc/nios2-elf/4.1.2/../../../../nios2-elf/lib/mno-hw-mul\libsmallc.a(lib_a-puts.o)
 .comment       0x00000000       0x27 c:/altera/13.0sp1/nios2eds/bin/gnu/h-i686-mingw32/bin/../lib/gcc/nios2-elf/4.1.2/../../../../nios2-elf/lib/mno-hw-mul\libsmallc.a(lib_a-strlen.o)
 .comment       0x00000000       0x27 c:/altera/13.0sp1/nios2eds/bin/gnu/h-i686-mingw32/bin/../lib/gcc/nios2-elf/4.1.2/../../../../nios2-elf/lib/mno-hw-mul\libsmallc.a(lib_a-timesr.o)
 .comment       0x00000000       0x27 c:/altera/13.0sp1/nios2eds/bin/gnu/h-i686-mingw32/bin/../lib/gcc/nios2-elf/4.1.2/../../../../nios2-elf/lib/mno-hw-mul\libsmallc.a(lib_a-vfprintf.o)
 .comment       0x00000000       0x27 c:/altera/13.0sp1/nios2eds/bin/gnu/h-i686-mingw32/bin/../lib/gcc/nios2-elf/4.1.2/../../../../nios2-elf/lib/mno-hw-mul\libsmallc.a(lib_a-fvwrite_small_dev.o)
 .comment       0x00000000       0x27 c:/altera/13.0sp1/nios2eds/bin/gnu/h-i686-mingw32/bin/../lib/gcc/nios2-elf/4.1.2/../../../../nios2-elf/lib/mno-hw-mul\libsmallc.a(lib_a-writer.o)
 .comment       0x00000000       0x27 c:/altera/13.0sp1/nios2eds/bin/gnu/h-i686-mingw32/bin/../lib/gcc/nios2-elf/4.1.2/../../../../nios2-elf/lib/mno-hw-mul\libsmallc.a(lib_a-int_errno.o)
 .comment       0x00000000       0x27 c:/altera/13.0sp1/nios2eds/bin/gnu/h-i686-mingw32/bin/../lib/gcc/nios2-elf/4.1.2/mno-hw-mul\libgcc.a(lib2-divmod.o)
 .comment       0x00000000       0x27 ../NiosIICountLeadingOnes_bsp/\libhal_bsp.a(alt_load.o)
 .comment       0x00000000       0x27 ../NiosIICountLeadingOnes_bsp/\libhal_bsp.a(alt_main.o)
 .comment       0x00000000       0x27 ../NiosIICountLeadingOnes_bsp/\libhal_bsp.a(alt_times.o)
 .comment       0x00000000       0x27 ../NiosIICountLeadingOnes_bsp/\libhal_bsp.a(alt_write.o)
 .comment       0x00000000       0x27 ../NiosIICountLeadingOnes_bsp/\libhal_bsp.a(alt_sys_init.o)
 .comment       0x00000000       0x27 ../NiosIICountLeadingOnes_bsp/\libhal_bsp.a(altera_avalon_jtag_uart_fd.o)
 .comment       0x00000000       0x27 ../NiosIICountLeadingOnes_bsp/\libhal_bsp.a(altera_avalon_jtag_uart_read.o)
 .comment       0x00000000       0x27 ../NiosIICountLeadingOnes_bsp/\libhal_bsp.a(altera_avalon_jtag_uart_write.o)
 .comment       0x00000000       0x27 ../NiosIICountLeadingOnes_bsp/\libhal_bsp.a(altera_avalon_timer_sc.o)
 .comment       0x00000000       0x27 ../NiosIICountLeadingOnes_bsp/\libhal_bsp.a(alt_close.o)
 .comment       0x00000000       0x27 ../NiosIICountLeadingOnes_bsp/\libhal_bsp.a(alt_dcache_flush_all.o)
 .comment       0x00000000       0x27 ../NiosIICountLeadingOnes_bsp/\libhal_bsp.a(alt_dev.o)
 .comment       0x00000000       0x27 ../NiosIICountLeadingOnes_bsp/\libhal_bsp.a(alt_dev_llist_insert.o)
 .comment       0x00000000       0x27 ../NiosIICountLeadingOnes_bsp/\libhal_bsp.a(alt_errno.o)
 .comment       0x00000000       0x27 ../NiosIICountLeadingOnes_bsp/\libhal_bsp.a(alt_icache_flush_all.o)
 .comment       0x00000000       0x27 ../NiosIICountLeadingOnes_bsp/\libhal_bsp.a(alt_iic.o)
 .comment       0x00000000       0x27 ../NiosIICountLeadingOnes_bsp/\libhal_bsp.a(alt_iic_isr_register.o)
 .comment       0x00000000       0x27 ../NiosIICountLeadingOnes_bsp/\libhal_bsp.a(alt_io_redirect.o)
 .comment       0x00000000       0x27 ../NiosIICountLeadingOnes_bsp/\libhal_bsp.a(alt_irq_handler.o)
 .comment       0x00000000       0x27 ../NiosIICountLeadingOnes_bsp/\libhal_bsp.a(alt_irq_vars.o)
 .comment       0x00000000       0x27 ../NiosIICountLeadingOnes_bsp/\libhal_bsp.a(alt_open.o)
 .comment       0x00000000       0x27 ../NiosIICountLeadingOnes_bsp/\libhal_bsp.a(alt_release_fd.o)
 .comment       0x00000000       0x27 ../NiosIICountLeadingOnes_bsp/\libhal_bsp.a(alt_tick.o)
 .comment       0x00000000       0x27 ../NiosIICountLeadingOnes_bsp/\libhal_bsp.a(altera_nios2_qsys_irq.o)
 .comment       0x00000000       0x27 ../NiosIICountLeadingOnes_bsp/\libhal_bsp.a(alt_find_dev.o)
 .comment       0x00000000       0x27 ../NiosIICountLeadingOnes_bsp/\libhal_bsp.a(alt_find_file.o)
 .comment       0x00000000       0x27 ../NiosIICountLeadingOnes_bsp/\libhal_bsp.a(alt_get_fd.o)
 .comment       0x00000000       0x27 ../NiosIICountLeadingOnes_bsp/\libhal_bsp.a(alt_icache_flush.o)
 .comment       0x00000000       0x27 c:/altera/13.0sp1/nios2eds/bin/gnu/h-i686-mingw32/bin/../lib/gcc/nios2-elf/4.1.2/../../../../nios2-elf/lib/mno-hw-mul\libsmallc.a(lib_a-exit.o)
 .comment       0x00000000       0x27 c:/altera/13.0sp1/nios2eds/bin/gnu/h-i686-mingw32/bin/../lib/gcc/nios2-elf/4.1.2/../../../../nios2-elf/lib/mno-hw-mul\libsmallc.a(lib_a-memcmp.o)
 .comment       0x00000000       0x27 c:/altera/13.0sp1/nios2eds/bin/gnu/h-i686-mingw32/bin/../lib/gcc/nios2-elf/4.1.2/../../../../nios2-elf/lib/mno-hw-mul\libsmallc.a(lib_a-__call_atexit.o)
 .comment       0x00000000       0x27 ../NiosIICountLeadingOnes_bsp/\libhal_bsp.a(alt_exit.o)

.debug
 *(.debug)

.line
 *(.line)

.debug_srcinfo
 *(.debug_srcinfo)

.debug_sfnames
 *(.debug_sfnames)

.debug_aranges  0x00000000      0x698
 *(.debug_aranges)
 .debug_aranges
                0x00000000       0x28 ../NiosIICountLeadingOnes_bsp//obj/HAL/src/crt0.o
 .debug_aranges
                0x00000028       0x20 obj/default/count_leading_ones.o
 .debug_aranges
                0x00000048       0x20 c:/altera/13.0sp1/nios2eds/bin/gnu/h-i686-mingw32/bin/../lib/gcc/nios2-elf/4.1.2/mno-hw-mul\libgcc.a(_mul_df.o)
 .debug_aranges
                0x00000068       0x20 c:/altera/13.0sp1/nios2eds/bin/gnu/h-i686-mingw32/bin/../lib/gcc/nios2-elf/4.1.2/mno-hw-mul\libgcc.a(_div_df.o)
 .debug_aranges
                0x00000088       0x20 c:/altera/13.0sp1/nios2eds/bin/gnu/h-i686-mingw32/bin/../lib/gcc/nios2-elf/4.1.2/mno-hw-mul\libgcc.a(_usi_to_df.o)
 .debug_aranges
                0x000000a8       0x20 c:/altera/13.0sp1/nios2eds/bin/gnu/h-i686-mingw32/bin/../lib/gcc/nios2-elf/4.1.2/mno-hw-mul\libgcc.a(_muldi3.o)
 .debug_aranges
                0x000000c8       0x20 c:/altera/13.0sp1/nios2eds/bin/gnu/h-i686-mingw32/bin/../lib/gcc/nios2-elf/4.1.2/mno-hw-mul\libgcc.a(_clzsi2.o)
 .debug_aranges
                0x000000e8       0x20 c:/altera/13.0sp1/nios2eds/bin/gnu/h-i686-mingw32/bin/../lib/gcc/nios2-elf/4.1.2/mno-hw-mul\libgcc.a(_pack_df.o)
 .debug_aranges
                0x00000108       0x20 c:/altera/13.0sp1/nios2eds/bin/gnu/h-i686-mingw32/bin/../lib/gcc/nios2-elf/4.1.2/mno-hw-mul\libgcc.a(_unpack_df.o)
 .debug_aranges
                0x00000128       0x20 c:/altera/13.0sp1/nios2eds/bin/gnu/h-i686-mingw32/bin/../lib/gcc/nios2-elf/4.1.2/mno-hw-mul\libgcc.a(lib2-mul.o)
 .debug_aranges
                0x00000148       0x20 c:/altera/13.0sp1/nios2eds/bin/gnu/h-i686-mingw32/bin/../lib/gcc/nios2-elf/4.1.2/../../../../nios2-elf/lib/mno-hw-mul\libsmallc.a(lib_a-clock.o)
 .debug_aranges
                0x00000168       0x20 c:/altera/13.0sp1/nios2eds/bin/gnu/h-i686-mingw32/bin/../lib/gcc/nios2-elf/4.1.2/../../../../nios2-elf/lib/mno-hw-mul\libsmallc.a(lib_a-printf.o)
 .debug_aranges
                0x00000188       0x20 c:/altera/13.0sp1/nios2eds/bin/gnu/h-i686-mingw32/bin/../lib/gcc/nios2-elf/4.1.2/../../../../nios2-elf/lib/mno-hw-mul\libsmallc.a(lib_a-puts.o)
 .debug_aranges
                0x000001a8       0x20 c:/altera/13.0sp1/nios2eds/bin/gnu/h-i686-mingw32/bin/../lib/gcc/nios2-elf/4.1.2/../../../../nios2-elf/lib/mno-hw-mul\libsmallc.a(lib_a-strlen.o)
 .debug_aranges
                0x000001c8       0x20 c:/altera/13.0sp1/nios2eds/bin/gnu/h-i686-mingw32/bin/../lib/gcc/nios2-elf/4.1.2/../../../../nios2-elf/lib/mno-hw-mul\libsmallc.a(lib_a-timesr.o)
 .debug_aranges
                0x000001e8       0x20 c:/altera/13.0sp1/nios2eds/bin/gnu/h-i686-mingw32/bin/../lib/gcc/nios2-elf/4.1.2/../../../../nios2-elf/lib/mno-hw-mul\libsmallc.a(lib_a-vfprintf.o)
 .debug_aranges
                0x00000208       0x20 c:/altera/13.0sp1/nios2eds/bin/gnu/h-i686-mingw32/bin/../lib/gcc/nios2-elf/4.1.2/../../../../nios2-elf/lib/mno-hw-mul\libsmallc.a(lib_a-fvwrite_small_dev.o)
 .debug_aranges
                0x00000228       0x20 c:/altera/13.0sp1/nios2eds/bin/gnu/h-i686-mingw32/bin/../lib/gcc/nios2-elf/4.1.2/../../../../nios2-elf/lib/mno-hw-mul\libsmallc.a(lib_a-writer.o)
 .debug_aranges
                0x00000248       0x20 c:/altera/13.0sp1/nios2eds/bin/gnu/h-i686-mingw32/bin/../lib/gcc/nios2-elf/4.1.2/mno-hw-mul\libgcc.a(lib2-divmod.o)
 .debug_aranges
                0x00000268       0x20 ../NiosIICountLeadingOnes_bsp/\libhal_bsp.a(alt_load.o)
 .debug_aranges
                0x00000288       0x20 ../NiosIICountLeadingOnes_bsp/\libhal_bsp.a(alt_main.o)
 .debug_aranges
                0x000002a8       0x20 ../NiosIICountLeadingOnes_bsp/\libhal_bsp.a(alt_times.o)
 .debug_aranges
                0x000002c8       0x20 ../NiosIICountLeadingOnes_bsp/\libhal_bsp.a(alt_write.o)
 .debug_aranges
                0x000002e8       0x20 ../NiosIICountLeadingOnes_bsp/\libhal_bsp.a(alt_sys_init.o)
 .debug_aranges
                0x00000308       0x20 ../NiosIICountLeadingOnes_bsp/\libhal_bsp.a(altera_avalon_jtag_uart_fd.o)
 .debug_aranges
                0x00000328       0x20 ../NiosIICountLeadingOnes_bsp/\libhal_bsp.a(altera_avalon_jtag_uart_read.o)
 .debug_aranges
                0x00000348       0x20 ../NiosIICountLeadingOnes_bsp/\libhal_bsp.a(altera_avalon_jtag_uart_write.o)
 .debug_aranges
                0x00000368       0x20 ../NiosIICountLeadingOnes_bsp/\libhal_bsp.a(altera_avalon_timer_sc.o)
 .debug_aranges
                0x00000388       0x20 ../NiosIICountLeadingOnes_bsp/\libhal_bsp.a(alt_close.o)
 .debug_aranges
                0x000003a8       0x20 ../NiosIICountLeadingOnes_bsp/\libhal_bsp.a(alt_dcache_flush_all.o)
 .debug_aranges
                0x000003c8       0x20 ../NiosIICountLeadingOnes_bsp/\libhal_bsp.a(alt_dev.o)
 .debug_aranges
                0x000003e8       0x20 ../NiosIICountLeadingOnes_bsp/\libhal_bsp.a(alt_dev_llist_insert.o)
 .debug_aranges
                0x00000408       0x20 ../NiosIICountLeadingOnes_bsp/\libhal_bsp.a(alt_icache_flush_all.o)
 .debug_aranges
                0x00000428       0x20 ../NiosIICountLeadingOnes_bsp/\libhal_bsp.a(alt_iic.o)
 .debug_aranges
                0x00000448       0x20 ../NiosIICountLeadingOnes_bsp/\libhal_bsp.a(alt_iic_isr_register.o)
 .debug_aranges
                0x00000468       0x20 ../NiosIICountLeadingOnes_bsp/\libhal_bsp.a(alt_io_redirect.o)
 .debug_aranges
                0x00000488       0x30 ../NiosIICountLeadingOnes_bsp/\libhal_bsp.a(alt_irq_entry.o)
 .debug_aranges
                0x000004b8       0x28 ../NiosIICountLeadingOnes_bsp/\libhal_bsp.a(alt_irq_handler.o)
 .debug_aranges
                0x000004e0       0x20 ../NiosIICountLeadingOnes_bsp/\libhal_bsp.a(alt_open.o)
 .debug_aranges
                0x00000500       0x20 ../NiosIICountLeadingOnes_bsp/\libhal_bsp.a(alt_release_fd.o)
 .debug_aranges
                0x00000520       0x20 ../NiosIICountLeadingOnes_bsp/\libhal_bsp.a(alt_tick.o)
 .debug_aranges
                0x00000540       0x20 ../NiosIICountLeadingOnes_bsp/\libhal_bsp.a(altera_nios2_qsys_irq.o)
 .debug_aranges
                0x00000560       0x38 ../NiosIICountLeadingOnes_bsp/\libhal_bsp.a(alt_exception_entry.o)
 .debug_aranges
                0x00000598       0x20 ../NiosIICountLeadingOnes_bsp/\libhal_bsp.a(alt_find_dev.o)
 .debug_aranges
                0x000005b8       0x20 ../NiosIICountLeadingOnes_bsp/\libhal_bsp.a(alt_find_file.o)
 .debug_aranges
                0x000005d8       0x20 ../NiosIICountLeadingOnes_bsp/\libhal_bsp.a(alt_get_fd.o)
 .debug_aranges
                0x000005f8       0x20 ../NiosIICountLeadingOnes_bsp/\libhal_bsp.a(alt_icache_flush.o)
 .debug_aranges
                0x00000618       0x20 c:/altera/13.0sp1/nios2eds/bin/gnu/h-i686-mingw32/bin/../lib/gcc/nios2-elf/4.1.2/../../../../nios2-elf/lib/mno-hw-mul\libsmallc.a(lib_a-exit.o)
 .debug_aranges
                0x00000638       0x20 c:/altera/13.0sp1/nios2eds/bin/gnu/h-i686-mingw32/bin/../lib/gcc/nios2-elf/4.1.2/../../../../nios2-elf/lib/mno-hw-mul\libsmallc.a(lib_a-memcmp.o)
 .debug_aranges
                0x00000658       0x20 c:/altera/13.0sp1/nios2eds/bin/gnu/h-i686-mingw32/bin/../lib/gcc/nios2-elf/4.1.2/../../../../nios2-elf/lib/mno-hw-mul\libsmallc.a(lib_a-__call_atexit.o)
 .debug_aranges
                0x00000678       0x20 ../NiosIICountLeadingOnes_bsp/\libhal_bsp.a(alt_exit.o)

.debug_pubnames
                0x00000000      0x93a
 *(.debug_pubnames)
 .debug_pubnames
                0x00000000       0x32 obj/default/count_leading_ones.o
 .debug_pubnames
                0x00000032       0x1f c:/altera/13.0sp1/nios2eds/bin/gnu/h-i686-mingw32/bin/../lib/gcc/nios2-elf/4.1.2/mno-hw-mul\libgcc.a(_mul_df.o)
 .debug_pubnames
                0x00000051       0x1f c:/altera/13.0sp1/nios2eds/bin/gnu/h-i686-mingw32/bin/../lib/gcc/nios2-elf/4.1.2/mno-hw-mul\libgcc.a(_div_df.o)
 .debug_pubnames
                0x00000070       0x22 c:/altera/13.0sp1/nios2eds/bin/gnu/h-i686-mingw32/bin/../lib/gcc/nios2-elf/4.1.2/mno-hw-mul\libgcc.a(_thenan_df.o)
 .debug_pubnames
                0x00000092       0x24 c:/altera/13.0sp1/nios2eds/bin/gnu/h-i686-mingw32/bin/../lib/gcc/nios2-elf/4.1.2/mno-hw-mul\libgcc.a(_usi_to_df.o)
 .debug_pubnames
                0x000000b6       0x1f c:/altera/13.0sp1/nios2eds/bin/gnu/h-i686-mingw32/bin/../lib/gcc/nios2-elf/4.1.2/mno-hw-mul\libgcc.a(_muldi3.o)
 .debug_pubnames
                0x000000d5       0x1f c:/altera/13.0sp1/nios2eds/bin/gnu/h-i686-mingw32/bin/../lib/gcc/nios2-elf/4.1.2/mno-hw-mul\libgcc.a(_clzsi2.o)
 .debug_pubnames
                0x000000f4       0x1f c:/altera/13.0sp1/nios2eds/bin/gnu/h-i686-mingw32/bin/../lib/gcc/nios2-elf/4.1.2/mno-hw-mul\libgcc.a(_pack_df.o)
 .debug_pubnames
                0x00000113       0x21 c:/altera/13.0sp1/nios2eds/bin/gnu/h-i686-mingw32/bin/../lib/gcc/nios2-elf/4.1.2/mno-hw-mul\libgcc.a(_unpack_df.o)
 .debug_pubnames
                0x00000134       0x1f c:/altera/13.0sp1/nios2eds/bin/gnu/h-i686-mingw32/bin/../lib/gcc/nios2-elf/4.1.2/mno-hw-mul\libgcc.a(lib2-mul.o)
 .debug_pubnames
                0x00000153       0x20 c:/altera/13.0sp1/nios2eds/bin/gnu/h-i686-mingw32/bin/../lib/gcc/nios2-elf/4.1.2/mno-hw-mul\libgcc.a(_clz.o)
 .debug_pubnames
                0x00000173       0x1c c:/altera/13.0sp1/nios2eds/bin/gnu/h-i686-mingw32/bin/../lib/gcc/nios2-elf/4.1.2/../../../../nios2-elf/lib/mno-hw-mul\libsmallc.a(lib_a-clock.o)
 .debug_pubnames
                0x0000018f       0x39 c:/altera/13.0sp1/nios2eds/bin/gnu/h-i686-mingw32/bin/../lib/gcc/nios2-elf/4.1.2/../../../../nios2-elf/lib/mno-hw-mul\libsmallc.a(lib_a-impure.o)
 .debug_pubnames
                0x000001c8       0x2b c:/altera/13.0sp1/nios2eds/bin/gnu/h-i686-mingw32/bin/../lib/gcc/nios2-elf/4.1.2/../../../../nios2-elf/lib/mno-hw-mul\libsmallc.a(lib_a-printf.o)
 .debug_pubnames
                0x000001f3       0x27 c:/altera/13.0sp1/nios2eds/bin/gnu/h-i686-mingw32/bin/../lib/gcc/nios2-elf/4.1.2/../../../../nios2-elf/lib/mno-hw-mul\libsmallc.a(lib_a-puts.o)
 .debug_pubnames
                0x0000021a       0x1d c:/altera/13.0sp1/nios2eds/bin/gnu/h-i686-mingw32/bin/../lib/gcc/nios2-elf/4.1.2/../../../../nios2-elf/lib/mno-hw-mul\libsmallc.a(lib_a-strlen.o)
 .debug_pubnames
                0x00000237       0x1f c:/altera/13.0sp1/nios2eds/bin/gnu/h-i686-mingw32/bin/../lib/gcc/nios2-elf/4.1.2/../../../../nios2-elf/lib/mno-hw-mul\libsmallc.a(lib_a-timesr.o)
 .debug_pubnames
                0x00000256       0x45 c:/altera/13.0sp1/nios2eds/bin/gnu/h-i686-mingw32/bin/../lib/gcc/nios2-elf/4.1.2/../../../../nios2-elf/lib/mno-hw-mul\libsmallc.a(lib_a-vfprintf.o)
 .debug_pubnames
                0x0000029b       0x2b c:/altera/13.0sp1/nios2eds/bin/gnu/h-i686-mingw32/bin/../lib/gcc/nios2-elf/4.1.2/../../../../nios2-elf/lib/mno-hw-mul\libsmallc.a(lib_a-fvwrite_small_dev.o)
 .debug_pubnames
                0x000002c6       0x1f c:/altera/13.0sp1/nios2eds/bin/gnu/h-i686-mingw32/bin/../lib/gcc/nios2-elf/4.1.2/../../../../nios2-elf/lib/mno-hw-mul\libsmallc.a(lib_a-writer.o)
 .debug_pubnames
                0x000002e5       0x1c c:/altera/13.0sp1/nios2eds/bin/gnu/h-i686-mingw32/bin/../lib/gcc/nios2-elf/4.1.2/../../../../nios2-elf/lib/mno-hw-mul\libsmallc.a(lib_a-int_errno.o)
 .debug_pubnames
                0x00000301       0x48 c:/altera/13.0sp1/nios2eds/bin/gnu/h-i686-mingw32/bin/../lib/gcc/nios2-elf/4.1.2/mno-hw-mul\libgcc.a(lib2-divmod.o)
 .debug_pubnames
                0x00000349       0x1f ../NiosIICountLeadingOnes_bsp/\libhal_bsp.a(alt_load.o)
 .debug_pubnames
                0x00000368       0x46 ../NiosIICountLeadingOnes_bsp/\libhal_bsp.a(alt_main.o)
 .debug_pubnames
                0x000003ae       0x1c ../NiosIICountLeadingOnes_bsp/\libhal_bsp.a(alt_times.o)
 .debug_pubnames
                0x000003ca       0x1c ../NiosIICountLeadingOnes_bsp/\libhal_bsp.a(alt_write.o)
 .debug_pubnames
                0x000003e6       0x34 ../NiosIICountLeadingOnes_bsp/\libhal_bsp.a(alt_sys_init.o)
 .debug_pubnames
                0x0000041a       0x5b ../NiosIICountLeadingOnes_bsp/\libhal_bsp.a(altera_avalon_jtag_uart_fd.o)
 .debug_pubnames
                0x00000475       0x33 ../NiosIICountLeadingOnes_bsp/\libhal_bsp.a(altera_avalon_jtag_uart_read.o)
 .debug_pubnames
                0x000004a8       0x34 ../NiosIICountLeadingOnes_bsp/\libhal_bsp.a(altera_avalon_jtag_uart_write.o)
 .debug_pubnames
                0x000004dc       0x2f ../NiosIICountLeadingOnes_bsp/\libhal_bsp.a(altera_avalon_timer_sc.o)
 .debug_pubnames
                0x0000050b       0x1c ../NiosIICountLeadingOnes_bsp/\libhal_bsp.a(alt_close.o)
 .debug_pubnames
                0x00000527       0x2b ../NiosIICountLeadingOnes_bsp/\libhal_bsp.a(alt_dcache_flush_all.o)
 .debug_pubnames
                0x00000552       0x63 ../NiosIICountLeadingOnes_bsp/\libhal_bsp.a(alt_dev.o)
 .debug_pubnames
                0x000005b5       0x2b ../NiosIICountLeadingOnes_bsp/\libhal_bsp.a(alt_dev_llist_insert.o)
 .debug_pubnames
                0x000005e0       0x20 ../NiosIICountLeadingOnes_bsp/\libhal_bsp.a(alt_errno.o)
 .debug_pubnames
                0x00000600       0x2b ../NiosIICountLeadingOnes_bsp/\libhal_bsp.a(alt_icache_flush_all.o)
 .debug_pubnames
                0x0000062b       0x6e ../NiosIICountLeadingOnes_bsp/\libhal_bsp.a(alt_iic.o)
 .debug_pubnames
                0x00000699       0x2b ../NiosIICountLeadingOnes_bsp/\libhal_bsp.a(alt_iic_isr_register.o)
 .debug_pubnames
                0x000006c4       0x26 ../NiosIICountLeadingOnes_bsp/\libhal_bsp.a(alt_io_redirect.o)
 .debug_pubnames
                0x000006ea       0x32 ../NiosIICountLeadingOnes_bsp/\libhal_bsp.a(alt_irq_handler.o)
 .debug_pubnames
                0x0000071c       0x3b ../NiosIICountLeadingOnes_bsp/\libhal_bsp.a(alt_irq_vars.o)
 .debug_pubnames
                0x00000757       0x1b ../NiosIICountLeadingOnes_bsp/\libhal_bsp.a(alt_open.o)
 .debug_pubnames
                0x00000772       0x25 ../NiosIICountLeadingOnes_bsp/\libhal_bsp.a(alt_release_fd.o)
 .debug_pubnames
                0x00000797       0x68 ../NiosIICountLeadingOnes_bsp/\libhal_bsp.a(alt_tick.o)
 .debug_pubnames
                0x000007ff       0x31 ../NiosIICountLeadingOnes_bsp/\libhal_bsp.a(altera_nios2_qsys_irq.o)
 .debug_pubnames
                0x00000830       0x23 ../NiosIICountLeadingOnes_bsp/\libhal_bsp.a(alt_find_dev.o)
 .debug_pubnames
                0x00000853       0x24 ../NiosIICountLeadingOnes_bsp/\libhal_bsp.a(alt_find_file.o)
 .debug_pubnames
                0x00000877       0x21 ../NiosIICountLeadingOnes_bsp/\libhal_bsp.a(alt_get_fd.o)
 .debug_pubnames
                0x00000898       0x27 ../NiosIICountLeadingOnes_bsp/\libhal_bsp.a(alt_icache_flush.o)
 .debug_pubnames
                0x000008bf       0x1b c:/altera/13.0sp1/nios2eds/bin/gnu/h-i686-mingw32/bin/../lib/gcc/nios2-elf/4.1.2/../../../../nios2-elf/lib/mno-hw-mul\libsmallc.a(lib_a-exit.o)
 .debug_pubnames
                0x000008da       0x1d c:/altera/13.0sp1/nios2eds/bin/gnu/h-i686-mingw32/bin/../lib/gcc/nios2-elf/4.1.2/../../../../nios2-elf/lib/mno-hw-mul\libsmallc.a(lib_a-memcmp.o)
 .debug_pubnames
                0x000008f7       0x27 c:/altera/13.0sp1/nios2eds/bin/gnu/h-i686-mingw32/bin/../lib/gcc/nios2-elf/4.1.2/../../../../nios2-elf/lib/mno-hw-mul\libsmallc.a(lib_a-__call_atexit.o)
 .debug_pubnames
                0x0000091e       0x1c ../NiosIICountLeadingOnes_bsp/\libhal_bsp.a(alt_exit.o)

.debug_info     0x00000000     0xc92c
 *(.debug_info .gnu.linkonce.wi.*)
 .debug_info    0x00000000       0xaf ../NiosIICountLeadingOnes_bsp//obj/HAL/src/crt0.o
 .debug_info    0x000000af      0x2cf obj/default/count_leading_ones.o
 .debug_info    0x0000037e      0x488 c:/altera/13.0sp1/nios2eds/bin/gnu/h-i686-mingw32/bin/../lib/gcc/nios2-elf/4.1.2/mno-hw-mul\libgcc.a(_mul_df.o)
 .debug_info    0x00000806      0x39b c:/altera/13.0sp1/nios2eds/bin/gnu/h-i686-mingw32/bin/../lib/gcc/nios2-elf/4.1.2/mno-hw-mul\libgcc.a(_div_df.o)
 .debug_info    0x00000ba1      0x164 c:/altera/13.0sp1/nios2eds/bin/gnu/h-i686-mingw32/bin/../lib/gcc/nios2-elf/4.1.2/mno-hw-mul\libgcc.a(_thenan_df.o)
 .debug_info    0x00000d05      0x213 c:/altera/13.0sp1/nios2eds/bin/gnu/h-i686-mingw32/bin/../lib/gcc/nios2-elf/4.1.2/mno-hw-mul\libgcc.a(_usi_to_df.o)
 .debug_info    0x00000f18      0x210 c:/altera/13.0sp1/nios2eds/bin/gnu/h-i686-mingw32/bin/../lib/gcc/nios2-elf/4.1.2/mno-hw-mul\libgcc.a(_muldi3.o)
 .debug_info    0x00001128      0x130 c:/altera/13.0sp1/nios2eds/bin/gnu/h-i686-mingw32/bin/../lib/gcc/nios2-elf/4.1.2/mno-hw-mul\libgcc.a(_clzsi2.o)
 .debug_info    0x00001258      0x2fc c:/altera/13.0sp1/nios2eds/bin/gnu/h-i686-mingw32/bin/../lib/gcc/nios2-elf/4.1.2/mno-hw-mul\libgcc.a(_pack_df.o)
 .debug_info    0x00001554      0x268 c:/altera/13.0sp1/nios2eds/bin/gnu/h-i686-mingw32/bin/../lib/gcc/nios2-elf/4.1.2/mno-hw-mul\libgcc.a(_unpack_df.o)
 .debug_info    0x000017bc       0xf3 c:/altera/13.0sp1/nios2eds/bin/gnu/h-i686-mingw32/bin/../lib/gcc/nios2-elf/4.1.2/mno-hw-mul\libgcc.a(lib2-mul.o)
 .debug_info    0x000018af       0xc9 c:/altera/13.0sp1/nios2eds/bin/gnu/h-i686-mingw32/bin/../lib/gcc/nios2-elf/4.1.2/mno-hw-mul\libgcc.a(_clz.o)
 .debug_info    0x00001978      0x695 c:/altera/13.0sp1/nios2eds/bin/gnu/h-i686-mingw32/bin/../lib/gcc/nios2-elf/4.1.2/../../../../nios2-elf/lib/mno-hw-mul\libsmallc.a(lib_a-clock.o)
 .debug_info    0x0000200d      0x636 c:/altera/13.0sp1/nios2eds/bin/gnu/h-i686-mingw32/bin/../lib/gcc/nios2-elf/4.1.2/../../../../nios2-elf/lib/mno-hw-mul\libsmallc.a(lib_a-impure.o)
 .debug_info    0x00002643      0x6c8 c:/altera/13.0sp1/nios2eds/bin/gnu/h-i686-mingw32/bin/../lib/gcc/nios2-elf/4.1.2/../../../../nios2-elf/lib/mno-hw-mul\libsmallc.a(lib_a-printf.o)
 .debug_info    0x00002d0b      0x685 c:/altera/13.0sp1/nios2eds/bin/gnu/h-i686-mingw32/bin/../lib/gcc/nios2-elf/4.1.2/../../../../nios2-elf/lib/mno-hw-mul\libsmallc.a(lib_a-puts.o)
 .debug_info    0x00003390       0xc2 c:/altera/13.0sp1/nios2eds/bin/gnu/h-i686-mingw32/bin/../lib/gcc/nios2-elf/4.1.2/../../../../nios2-elf/lib/mno-hw-mul\libsmallc.a(lib_a-strlen.o)
 .debug_info    0x00003452      0x697 c:/altera/13.0sp1/nios2eds/bin/gnu/h-i686-mingw32/bin/../lib/gcc/nios2-elf/4.1.2/../../../../nios2-elf/lib/mno-hw-mul\libsmallc.a(lib_a-timesr.o)
 .debug_info    0x00003ae9      0x9b6 c:/altera/13.0sp1/nios2eds/bin/gnu/h-i686-mingw32/bin/../lib/gcc/nios2-elf/4.1.2/../../../../nios2-elf/lib/mno-hw-mul\libsmallc.a(lib_a-vfprintf.o)
 .debug_info    0x0000449f      0x68e c:/altera/13.0sp1/nios2eds/bin/gnu/h-i686-mingw32/bin/../lib/gcc/nios2-elf/4.1.2/../../../../nios2-elf/lib/mno-hw-mul\libsmallc.a(lib_a-fvwrite_small_dev.o)
 .debug_info    0x00004b2d      0x68c c:/altera/13.0sp1/nios2eds/bin/gnu/h-i686-mingw32/bin/../lib/gcc/nios2-elf/4.1.2/../../../../nios2-elf/lib/mno-hw-mul\libsmallc.a(lib_a-writer.o)
 .debug_info    0x000051b9       0x8c c:/altera/13.0sp1/nios2eds/bin/gnu/h-i686-mingw32/bin/../lib/gcc/nios2-elf/4.1.2/../../../../nios2-elf/lib/mno-hw-mul\libsmallc.a(lib_a-int_errno.o)
 .debug_info    0x00005245      0x21c c:/altera/13.0sp1/nios2eds/bin/gnu/h-i686-mingw32/bin/../lib/gcc/nios2-elf/4.1.2/mno-hw-mul\libgcc.a(lib2-divmod.o)
 .debug_info    0x00005461      0x2c1 ../NiosIICountLeadingOnes_bsp/\libhal_bsp.a(alt_load.o)
 .debug_info    0x00005722      0x259 ../NiosIICountLeadingOnes_bsp/\libhal_bsp.a(alt_main.o)
 .debug_info    0x0000597b      0x2f8 ../NiosIICountLeadingOnes_bsp/\libhal_bsp.a(alt_times.o)
 .debug_info    0x00005c73      0x6c7 ../NiosIICountLeadingOnes_bsp/\libhal_bsp.a(alt_write.o)
 .debug_info    0x0000633a      0x5f5 ../NiosIICountLeadingOnes_bsp/\libhal_bsp.a(alt_sys_init.o)
 .debug_info    0x0000692f      0x5ed ../NiosIICountLeadingOnes_bsp/\libhal_bsp.a(altera_avalon_jtag_uart_fd.o)
 .debug_info    0x00006f1c      0x33d ../NiosIICountLeadingOnes_bsp/\libhal_bsp.a(altera_avalon_jtag_uart_read.o)
 .debug_info    0x00007259      0x31a ../NiosIICountLeadingOnes_bsp/\libhal_bsp.a(altera_avalon_jtag_uart_write.o)
 .debug_info    0x00007573      0x3bf ../NiosIICountLeadingOnes_bsp/\libhal_bsp.a(altera_avalon_timer_sc.o)
 .debug_info    0x00007932      0x49b ../NiosIICountLeadingOnes_bsp/\libhal_bsp.a(alt_close.o)
 .debug_info    0x00007dcd      0x190 ../NiosIICountLeadingOnes_bsp/\libhal_bsp.a(alt_dcache_flush_all.o)
 .debug_info    0x00007f5d      0x6b3 ../NiosIICountLeadingOnes_bsp/\libhal_bsp.a(alt_dev.o)
 .debug_info    0x00008610      0x2eb ../NiosIICountLeadingOnes_bsp/\libhal_bsp.a(alt_dev_llist_insert.o)
 .debug_info    0x000088fb      0x198 ../NiosIICountLeadingOnes_bsp/\libhal_bsp.a(alt_errno.o)
 .debug_info    0x00008a93      0x190 ../NiosIICountLeadingOnes_bsp/\libhal_bsp.a(alt_icache_flush_all.o)
 .debug_info    0x00008c23      0x4c7 ../NiosIICountLeadingOnes_bsp/\libhal_bsp.a(alt_iic.o)
 .debug_info    0x000090ea      0x348 ../NiosIICountLeadingOnes_bsp/\libhal_bsp.a(alt_iic_isr_register.o)
 .debug_info    0x00009432      0x6c9 ../NiosIICountLeadingOnes_bsp/\libhal_bsp.a(alt_io_redirect.o)
 .debug_info    0x00009afb       0xb8 ../NiosIICountLeadingOnes_bsp/\libhal_bsp.a(alt_irq_entry.o)
 .debug_info    0x00009bb3      0x2a9 ../NiosIICountLeadingOnes_bsp/\libhal_bsp.a(alt_irq_handler.o)
 .debug_info    0x00009e5c      0x19b ../NiosIICountLeadingOnes_bsp/\libhal_bsp.a(alt_irq_vars.o)
 .debug_info    0x00009ff7      0x559 ../NiosIICountLeadingOnes_bsp/\libhal_bsp.a(alt_open.o)
 .debug_info    0x0000a550      0x426 ../NiosIICountLeadingOnes_bsp/\libhal_bsp.a(alt_release_fd.o)
 .debug_info    0x0000a976      0x432 ../NiosIICountLeadingOnes_bsp/\libhal_bsp.a(alt_tick.o)
 .debug_info    0x0000ada8      0x197 ../NiosIICountLeadingOnes_bsp/\libhal_bsp.a(altera_nios2_qsys_irq.o)
 .debug_info    0x0000af3f       0xbe ../NiosIICountLeadingOnes_bsp/\libhal_bsp.a(alt_exception_entry.o)
 .debug_info    0x0000affd      0x44c ../NiosIICountLeadingOnes_bsp/\libhal_bsp.a(alt_find_dev.o)
 .debug_info    0x0000b449      0x453 ../NiosIICountLeadingOnes_bsp/\libhal_bsp.a(alt_find_file.o)
 .debug_info    0x0000b89c      0x494 ../NiosIICountLeadingOnes_bsp/\libhal_bsp.a(alt_get_fd.o)
 .debug_info    0x0000bd30      0x1d8 ../NiosIICountLeadingOnes_bsp/\libhal_bsp.a(alt_icache_flush.o)
 .debug_info    0x0000bf08       0x9f c:/altera/13.0sp1/nios2eds/bin/gnu/h-i686-mingw32/bin/../lib/gcc/nios2-elf/4.1.2/../../../../nios2-elf/lib/mno-hw-mul\libsmallc.a(lib_a-exit.o)
 .debug_info    0x0000bfa7       0xef c:/altera/13.0sp1/nios2eds/bin/gnu/h-i686-mingw32/bin/../lib/gcc/nios2-elf/4.1.2/../../../../nios2-elf/lib/mno-hw-mul\libsmallc.a(lib_a-memcmp.o)
 .debug_info    0x0000c096      0x6d5 c:/altera/13.0sp1/nios2eds/bin/gnu/h-i686-mingw32/bin/../lib/gcc/nios2-elf/4.1.2/../../../../nios2-elf/lib/mno-hw-mul\libsmallc.a(lib_a-__call_atexit.o)
 .debug_info    0x0000c76b      0x1c1 ../NiosIICountLeadingOnes_bsp/\libhal_bsp.a(alt_exit.o)

.debug_abbrev   0x00000000     0x33e6
 *(.debug_abbrev)
 .debug_abbrev  0x00000000       0x12 ../NiosIICountLeadingOnes_bsp//obj/HAL/src/crt0.o
 .debug_abbrev  0x00000012       0xaf obj/default/count_leading_ones.o
 .debug_abbrev  0x000000c1      0x204 c:/altera/13.0sp1/nios2eds/bin/gnu/h-i686-mingw32/bin/../lib/gcc/nios2-elf/4.1.2/mno-hw-mul\libgcc.a(_mul_df.o)
 .debug_abbrev  0x000002c5      0x1e3 c:/altera/13.0sp1/nios2eds/bin/gnu/h-i686-mingw32/bin/../lib/gcc/nios2-elf/4.1.2/mno-hw-mul\libgcc.a(_div_df.o)
 .debug_abbrev  0x000004a8       0xba c:/altera/13.0sp1/nios2eds/bin/gnu/h-i686-mingw32/bin/../lib/gcc/nios2-elf/4.1.2/mno-hw-mul\libgcc.a(_thenan_df.o)
 .debug_abbrev  0x00000562      0x155 c:/altera/13.0sp1/nios2eds/bin/gnu/h-i686-mingw32/bin/../lib/gcc/nios2-elf/4.1.2/mno-hw-mul\libgcc.a(_usi_to_df.o)
 .debug_abbrev  0x000006b7       0xfb c:/altera/13.0sp1/nios2eds/bin/gnu/h-i686-mingw32/bin/../lib/gcc/nios2-elf/4.1.2/mno-hw-mul\libgcc.a(_muldi3.o)
 .debug_abbrev  0x000007b2       0xb9 c:/altera/13.0sp1/nios2eds/bin/gnu/h-i686-mingw32/bin/../lib/gcc/nios2-elf/4.1.2/mno-hw-mul\libgcc.a(_clzsi2.o)
 .debug_abbrev  0x0000086b      0x1b1 c:/altera/13.0sp1/nios2eds/bin/gnu/h-i686-mingw32/bin/../lib/gcc/nios2-elf/4.1.2/mno-hw-mul\libgcc.a(_pack_df.o)
 .debug_abbrev  0x00000a1c      0x149 c:/altera/13.0sp1/nios2eds/bin/gnu/h-i686-mingw32/bin/../lib/gcc/nios2-elf/4.1.2/mno-hw-mul\libgcc.a(_unpack_df.o)
 .debug_abbrev  0x00000b65       0x7b c:/altera/13.0sp1/nios2eds/bin/gnu/h-i686-mingw32/bin/../lib/gcc/nios2-elf/4.1.2/mno-hw-mul\libgcc.a(lib2-mul.o)
 .debug_abbrev  0x00000be0       0x61 c:/altera/13.0sp1/nios2eds/bin/gnu/h-i686-mingw32/bin/../lib/gcc/nios2-elf/4.1.2/mno-hw-mul\libgcc.a(_clz.o)
 .debug_abbrev  0x00000c41      0x176 c:/altera/13.0sp1/nios2eds/bin/gnu/h-i686-mingw32/bin/../lib/gcc/nios2-elf/4.1.2/../../../../nios2-elf/lib/mno-hw-mul\libsmallc.a(lib_a-clock.o)
 .debug_abbrev  0x00000db7      0x13f c:/altera/13.0sp1/nios2eds/bin/gnu/h-i686-mingw32/bin/../lib/gcc/nios2-elf/4.1.2/../../../../nios2-elf/lib/mno-hw-mul\libsmallc.a(lib_a-impure.o)
 .debug_abbrev  0x00000ef6      0x179 c:/altera/13.0sp1/nios2eds/bin/gnu/h-i686-mingw32/bin/../lib/gcc/nios2-elf/4.1.2/../../../../nios2-elf/lib/mno-hw-mul\libsmallc.a(lib_a-printf.o)
 .debug_abbrev  0x0000106f      0x180 c:/altera/13.0sp1/nios2eds/bin/gnu/h-i686-mingw32/bin/../lib/gcc/nios2-elf/4.1.2/../../../../nios2-elf/lib/mno-hw-mul\libsmallc.a(lib_a-puts.o)
 .debug_abbrev  0x000011ef       0x7a c:/altera/13.0sp1/nios2eds/bin/gnu/h-i686-mingw32/bin/../lib/gcc/nios2-elf/4.1.2/../../../../nios2-elf/lib/mno-hw-mul\libsmallc.a(lib_a-strlen.o)
 .debug_abbrev  0x00001269      0x172 c:/altera/13.0sp1/nios2eds/bin/gnu/h-i686-mingw32/bin/../lib/gcc/nios2-elf/4.1.2/../../../../nios2-elf/lib/mno-hw-mul\libsmallc.a(lib_a-timesr.o)
 .debug_abbrev  0x000013db      0x263 c:/altera/13.0sp1/nios2eds/bin/gnu/h-i686-mingw32/bin/../lib/gcc/nios2-elf/4.1.2/../../../../nios2-elf/lib/mno-hw-mul\libsmallc.a(lib_a-vfprintf.o)
 .debug_abbrev  0x0000163e      0x179 c:/altera/13.0sp1/nios2eds/bin/gnu/h-i686-mingw32/bin/../lib/gcc/nios2-elf/4.1.2/../../../../nios2-elf/lib/mno-hw-mul\libsmallc.a(lib_a-fvwrite_small_dev.o)
 .debug_abbrev  0x000017b7      0x16c c:/altera/13.0sp1/nios2eds/bin/gnu/h-i686-mingw32/bin/../lib/gcc/nios2-elf/4.1.2/../../../../nios2-elf/lib/mno-hw-mul\libsmallc.a(lib_a-writer.o)
 .debug_abbrev  0x00001923       0x3b c:/altera/13.0sp1/nios2eds/bin/gnu/h-i686-mingw32/bin/../lib/gcc/nios2-elf/4.1.2/../../../../nios2-elf/lib/mno-hw-mul\libsmallc.a(lib_a-int_errno.o)
 .debug_abbrev  0x0000195e       0xe0 c:/altera/13.0sp1/nios2eds/bin/gnu/h-i686-mingw32/bin/../lib/gcc/nios2-elf/4.1.2/mno-hw-mul\libgcc.a(lib2-divmod.o)
 .debug_abbrev  0x00001a3e       0x88 ../NiosIICountLeadingOnes_bsp/\libhal_bsp.a(alt_load.o)
 .debug_abbrev  0x00001ac6       0xb7 ../NiosIICountLeadingOnes_bsp/\libhal_bsp.a(alt_main.o)
 .debug_abbrev  0x00001b7d       0xeb ../NiosIICountLeadingOnes_bsp/\libhal_bsp.a(alt_times.o)
 .debug_abbrev  0x00001c68      0x100 ../NiosIICountLeadingOnes_bsp/\libhal_bsp.a(alt_write.o)
 .debug_abbrev  0x00001d68      0x121 ../NiosIICountLeadingOnes_bsp/\libhal_bsp.a(alt_sys_init.o)
 .debug_abbrev  0x00001e89       0xcb ../NiosIICountLeadingOnes_bsp/\libhal_bsp.a(altera_avalon_jtag_uart_fd.o)
 .debug_abbrev  0x00001f54       0xb6 ../NiosIICountLeadingOnes_bsp/\libhal_bsp.a(altera_avalon_jtag_uart_read.o)
 .debug_abbrev  0x0000200a       0xb4 ../NiosIICountLeadingOnes_bsp/\libhal_bsp.a(altera_avalon_jtag_uart_write.o)
 .debug_abbrev  0x000020be      0x137 ../NiosIICountLeadingOnes_bsp/\libhal_bsp.a(altera_avalon_timer_sc.o)
 .debug_abbrev  0x000021f5       0xfb ../NiosIICountLeadingOnes_bsp/\libhal_bsp.a(alt_close.o)
 .debug_abbrev  0x000022f0       0x3f ../NiosIICountLeadingOnes_bsp/\libhal_bsp.a(alt_dcache_flush_all.o)
 .debug_abbrev  0x0000232f       0xc7 ../NiosIICountLeadingOnes_bsp/\libhal_bsp.a(alt_dev.o)
 .debug_abbrev  0x000023f6       0xf6 ../NiosIICountLeadingOnes_bsp/\libhal_bsp.a(alt_dev_llist_insert.o)
 .debug_abbrev  0x000024ec       0x5e ../NiosIICountLeadingOnes_bsp/\libhal_bsp.a(alt_errno.o)
 .debug_abbrev  0x0000254a       0x3f ../NiosIICountLeadingOnes_bsp/\libhal_bsp.a(alt_icache_flush_all.o)
 .debug_abbrev  0x00002589      0x134 ../NiosIICountLeadingOnes_bsp/\libhal_bsp.a(alt_iic.o)
 .debug_abbrev  0x000026bd      0x14e ../NiosIICountLeadingOnes_bsp/\libhal_bsp.a(alt_iic_isr_register.o)
 .debug_abbrev  0x0000280b       0xf0 ../NiosIICountLeadingOnes_bsp/\libhal_bsp.a(alt_io_redirect.o)
 .debug_abbrev  0x000028fb       0x12 ../NiosIICountLeadingOnes_bsp/\libhal_bsp.a(alt_irq_entry.o)
 .debug_abbrev  0x0000290d      0x10c ../NiosIICountLeadingOnes_bsp/\libhal_bsp.a(alt_irq_handler.o)
 .debug_abbrev  0x00002a19       0x44 ../NiosIICountLeadingOnes_bsp/\libhal_bsp.a(alt_irq_vars.o)
 .debug_abbrev  0x00002a5d      0x112 ../NiosIICountLeadingOnes_bsp/\libhal_bsp.a(alt_open.o)
 .debug_abbrev  0x00002b6f       0xc1 ../NiosIICountLeadingOnes_bsp/\libhal_bsp.a(alt_release_fd.o)
 .debug_abbrev  0x00002c30      0x150 ../NiosIICountLeadingOnes_bsp/\libhal_bsp.a(alt_tick.o)
 .debug_abbrev  0x00002d80       0x3f ../NiosIICountLeadingOnes_bsp/\libhal_bsp.a(altera_nios2_qsys_irq.o)
 .debug_abbrev  0x00002dbf       0x12 ../NiosIICountLeadingOnes_bsp/\libhal_bsp.a(alt_exception_entry.o)
 .debug_abbrev  0x00002dd1       0xcf ../NiosIICountLeadingOnes_bsp/\libhal_bsp.a(alt_find_dev.o)
 .debug_abbrev  0x00002ea0       0xcf ../NiosIICountLeadingOnes_bsp/\libhal_bsp.a(alt_find_file.o)
 .debug_abbrev  0x00002f6f       0xfb ../NiosIICountLeadingOnes_bsp/\libhal_bsp.a(alt_get_fd.o)
 .debug_abbrev  0x0000306a       0x7a ../NiosIICountLeadingOnes_bsp/\libhal_bsp.a(alt_icache_flush.o)
 .debug_abbrev  0x000030e4       0x4e c:/altera/13.0sp1/nios2eds/bin/gnu/h-i686-mingw32/bin/../lib/gcc/nios2-elf/4.1.2/../../../../nios2-elf/lib/mno-hw-mul\libsmallc.a(lib_a-exit.o)
 .debug_abbrev  0x00003132       0x7c c:/altera/13.0sp1/nios2eds/bin/gnu/h-i686-mingw32/bin/../lib/gcc/nios2-elf/4.1.2/../../../../nios2-elf/lib/mno-hw-mul\libsmallc.a(lib_a-memcmp.o)
 .debug_abbrev  0x000031ae      0x1c6 c:/altera/13.0sp1/nios2eds/bin/gnu/h-i686-mingw32/bin/../lib/gcc/nios2-elf/4.1.2/../../../../nios2-elf/lib/mno-hw-mul\libsmallc.a(lib_a-__call_atexit.o)
 .debug_abbrev  0x00003374       0x72 ../NiosIICountLeadingOnes_bsp/\libhal_bsp.a(alt_exit.o)

.debug_line     0x00000000     0x7e40
 *(.debug_line)
 .debug_line    0x00000000       0x6c ../NiosIICountLeadingOnes_bsp//obj/HAL/src/crt0.o
 .debug_line    0x0000006c      0x2af obj/default/count_leading_ones.o
 .debug_line    0x0000031b      0x3e5 c:/altera/13.0sp1/nios2eds/bin/gnu/h-i686-mingw32/bin/../lib/gcc/nios2-elf/4.1.2/mno-hw-mul\libgcc.a(_mul_df.o)
 .debug_line    0x00000700      0x301 c:/altera/13.0sp1/nios2eds/bin/gnu/h-i686-mingw32/bin/../lib/gcc/nios2-elf/4.1.2/mno-hw-mul\libgcc.a(_div_df.o)
 .debug_line    0x00000a01       0x94 c:/altera/13.0sp1/nios2eds/bin/gnu/h-i686-mingw32/bin/../lib/gcc/nios2-elf/4.1.2/mno-hw-mul\libgcc.a(_thenan_df.o)
 .debug_line    0x00000a95      0x189 c:/altera/13.0sp1/nios2eds/bin/gnu/h-i686-mingw32/bin/../lib/gcc/nios2-elf/4.1.2/mno-hw-mul\libgcc.a(_usi_to_df.o)
 .debug_line    0x00000c1e      0x14f c:/altera/13.0sp1/nios2eds/bin/gnu/h-i686-mingw32/bin/../lib/gcc/nios2-elf/4.1.2/mno-hw-mul\libgcc.a(_muldi3.o)
 .debug_line    0x00000d6d      0x105 c:/altera/13.0sp1/nios2eds/bin/gnu/h-i686-mingw32/bin/../lib/gcc/nios2-elf/4.1.2/mno-hw-mul\libgcc.a(_clzsi2.o)
 .debug_line    0x00000e72      0x222 c:/altera/13.0sp1/nios2eds/bin/gnu/h-i686-mingw32/bin/../lib/gcc/nios2-elf/4.1.2/mno-hw-mul\libgcc.a(_pack_df.o)
 .debug_line    0x00001094      0x1e4 c:/altera/13.0sp1/nios2eds/bin/gnu/h-i686-mingw32/bin/../lib/gcc/nios2-elf/4.1.2/mno-hw-mul\libgcc.a(_unpack_df.o)
 .debug_line    0x00001278      0x11a c:/altera/13.0sp1/nios2eds/bin/gnu/h-i686-mingw32/bin/../lib/gcc/nios2-elf/4.1.2/mno-hw-mul\libgcc.a(lib2-mul.o)
 .debug_line    0x00001392       0xaa c:/altera/13.0sp1/nios2eds/bin/gnu/h-i686-mingw32/bin/../lib/gcc/nios2-elf/4.1.2/mno-hw-mul\libgcc.a(_clz.o)
 .debug_line    0x0000143c      0x23b c:/altera/13.0sp1/nios2eds/bin/gnu/h-i686-mingw32/bin/../lib/gcc/nios2-elf/4.1.2/../../../../nios2-elf/lib/mno-hw-mul\libsmallc.a(lib_a-clock.o)
 .debug_line    0x00001677      0x230 c:/altera/13.0sp1/nios2eds/bin/gnu/h-i686-mingw32/bin/../lib/gcc/nios2-elf/4.1.2/../../../../nios2-elf/lib/mno-hw-mul\libsmallc.a(lib_a-impure.o)
 .debug_line    0x000018a7      0x2be c:/altera/13.0sp1/nios2eds/bin/gnu/h-i686-mingw32/bin/../lib/gcc/nios2-elf/4.1.2/../../../../nios2-elf/lib/mno-hw-mul\libsmallc.a(lib_a-printf.o)
 .debug_line    0x00001b65      0x2b2 c:/altera/13.0sp1/nios2eds/bin/gnu/h-i686-mingw32/bin/../lib/gcc/nios2-elf/4.1.2/../../../../nios2-elf/lib/mno-hw-mul\libsmallc.a(lib_a-puts.o)
 .debug_line    0x00001e17      0x250 c:/altera/13.0sp1/nios2eds/bin/gnu/h-i686-mingw32/bin/../lib/gcc/nios2-elf/4.1.2/../../../../nios2-elf/lib/mno-hw-mul\libsmallc.a(lib_a-strlen.o)
 .debug_line    0x00002067      0x236 c:/altera/13.0sp1/nios2eds/bin/gnu/h-i686-mingw32/bin/../lib/gcc/nios2-elf/4.1.2/../../../../nios2-elf/lib/mno-hw-mul\libsmallc.a(lib_a-timesr.o)
 .debug_line    0x0000229d      0x666 c:/altera/13.0sp1/nios2eds/bin/gnu/h-i686-mingw32/bin/../lib/gcc/nios2-elf/4.1.2/../../../../nios2-elf/lib/mno-hw-mul\libsmallc.a(lib_a-vfprintf.o)
 .debug_line    0x00002903      0x2a9 c:/altera/13.0sp1/nios2eds/bin/gnu/h-i686-mingw32/bin/../lib/gcc/nios2-elf/4.1.2/../../../../nios2-elf/lib/mno-hw-mul\libsmallc.a(lib_a-fvwrite_small_dev.o)
 .debug_line    0x00002bac      0x29d c:/altera/13.0sp1/nios2eds/bin/gnu/h-i686-mingw32/bin/../lib/gcc/nios2-elf/4.1.2/../../../../nios2-elf/lib/mno-hw-mul\libsmallc.a(lib_a-writer.o)
 .debug_line    0x00002e49      0x1e2 c:/altera/13.0sp1/nios2eds/bin/gnu/h-i686-mingw32/bin/../lib/gcc/nios2-elf/4.1.2/../../../../nios2-elf/lib/mno-hw-mul\libsmallc.a(lib_a-int_errno.o)
 .debug_line    0x0000302b      0x24f c:/altera/13.0sp1/nios2eds/bin/gnu/h-i686-mingw32/bin/../lib/gcc/nios2-elf/4.1.2/mno-hw-mul\libgcc.a(lib2-divmod.o)
 .debug_line    0x0000327a      0x217 ../NiosIICountLeadingOnes_bsp/\libhal_bsp.a(alt_load.o)
 .debug_line    0x00003491      0x2ba ../NiosIICountLeadingOnes_bsp/\libhal_bsp.a(alt_main.o)
 .debug_line    0x0000374b      0x296 ../NiosIICountLeadingOnes_bsp/\libhal_bsp.a(alt_times.o)
 .debug_line    0x000039e1      0x2c9 ../NiosIICountLeadingOnes_bsp/\libhal_bsp.a(alt_write.o)
 .debug_line    0x00003caa      0x2c7 ../NiosIICountLeadingOnes_bsp/\libhal_bsp.a(alt_sys_init.o)
 .debug_line    0x00003f71      0x1d7 ../NiosIICountLeadingOnes_bsp/\libhal_bsp.a(altera_avalon_jtag_uart_fd.o)
 .debug_line    0x00004148      0x343 ../NiosIICountLeadingOnes_bsp/\libhal_bsp.a(altera_avalon_jtag_uart_read.o)
 .debug_line    0x0000448b      0x304 ../NiosIICountLeadingOnes_bsp/\libhal_bsp.a(altera_avalon_jtag_uart_write.o)
 .debug_line    0x0000478f      0x2b3 ../NiosIICountLeadingOnes_bsp/\libhal_bsp.a(altera_avalon_timer_sc.o)
 .debug_line    0x00004a42      0x299 ../NiosIICountLeadingOnes_bsp/\libhal_bsp.a(alt_close.o)
 .debug_line    0x00004cdb      0x1b5 ../NiosIICountLeadingOnes_bsp/\libhal_bsp.a(alt_dcache_flush_all.o)
 .debug_line    0x00004e90      0x254 ../NiosIICountLeadingOnes_bsp/\libhal_bsp.a(alt_dev.o)
 .debug_line    0x000050e4      0x25a ../NiosIICountLeadingOnes_bsp/\libhal_bsp.a(alt_dev_llist_insert.o)
 .debug_line    0x0000533e      0x1aa ../NiosIICountLeadingOnes_bsp/\libhal_bsp.a(alt_errno.o)
 .debug_line    0x000054e8      0x1bd ../NiosIICountLeadingOnes_bsp/\libhal_bsp.a(alt_icache_flush_all.o)
 .debug_line    0x000056a5      0x2c8 ../NiosIICountLeadingOnes_bsp/\libhal_bsp.a(alt_iic.o)
 .debug_line    0x0000596d      0x249 ../NiosIICountLeadingOnes_bsp/\libhal_bsp.a(alt_iic_isr_register.o)
 .debug_line    0x00005bb6      0x2b4 ../NiosIICountLeadingOnes_bsp/\libhal_bsp.a(alt_io_redirect.o)
 .debug_line    0x00005e6a       0x6b ../NiosIICountLeadingOnes_bsp/\libhal_bsp.a(alt_irq_entry.o)
 .debug_line    0x00005ed5      0x248 ../NiosIICountLeadingOnes_bsp/\libhal_bsp.a(alt_irq_handler.o)
 .debug_line    0x0000611d       0x72 ../NiosIICountLeadingOnes_bsp/\libhal_bsp.a(alt_irq_vars.o)
 .debug_line    0x0000618f      0x2ff ../NiosIICountLeadingOnes_bsp/\libhal_bsp.a(alt_open.o)
 .debug_line    0x0000648e       0xed ../NiosIICountLeadingOnes_bsp/\libhal_bsp.a(alt_release_fd.o)
 .debug_line    0x0000657b      0x2dc ../NiosIICountLeadingOnes_bsp/\libhal_bsp.a(alt_tick.o)
 .debug_line    0x00006857      0x1ce ../NiosIICountLeadingOnes_bsp/\libhal_bsp.a(altera_nios2_qsys_irq.o)
 .debug_line    0x00006a25       0xab ../NiosIICountLeadingOnes_bsp/\libhal_bsp.a(alt_exception_entry.o)
 .debug_line    0x00006ad0      0x26b ../NiosIICountLeadingOnes_bsp/\libhal_bsp.a(alt_find_dev.o)
 .debug_line    0x00006d3b      0x27c ../NiosIICountLeadingOnes_bsp/\libhal_bsp.a(alt_find_file.o)
 .debug_line    0x00006fb7      0x297 ../NiosIICountLeadingOnes_bsp/\libhal_bsp.a(alt_get_fd.o)
 .debug_line    0x0000724e      0x1f9 ../NiosIICountLeadingOnes_bsp/\libhal_bsp.a(alt_icache_flush.o)
 .debug_line    0x00007447      0x223 c:/altera/13.0sp1/nios2eds/bin/gnu/h-i686-mingw32/bin/../lib/gcc/nios2-elf/4.1.2/../../../../nios2-elf/lib/mno-hw-mul\libsmallc.a(lib_a-exit.o)
 .debug_line    0x0000766a      0x270 c:/altera/13.0sp1/nios2eds/bin/gnu/h-i686-mingw32/bin/../lib/gcc/nios2-elf/4.1.2/../../../../nios2-elf/lib/mno-hw-mul\libsmallc.a(lib_a-memcmp.o)
 .debug_line    0x000078da      0x360 c:/altera/13.0sp1/nios2eds/bin/gnu/h-i686-mingw32/bin/../lib/gcc/nios2-elf/4.1.2/../../../../nios2-elf/lib/mno-hw-mul\libsmallc.a(lib_a-__call_atexit.o)
 .debug_line    0x00007c3a      0x206 ../NiosIICountLeadingOnes_bsp/\libhal_bsp.a(alt_exit.o)

.debug_frame    0x00000000      0xb10
 *(.debug_frame)
 .debug_frame   0x00000000       0x64 obj/default/count_leading_ones.o
 .debug_frame   0x00000064       0x3c c:/altera/13.0sp1/nios2eds/bin/gnu/h-i686-mingw32/bin/../lib/gcc/nios2-elf/4.1.2/mno-hw-mul\libgcc.a(_mul_df.o)
 .debug_frame   0x000000a0       0x30 c:/altera/13.0sp1/nios2eds/bin/gnu/h-i686-mingw32/bin/../lib/gcc/nios2-elf/4.1.2/mno-hw-mul\libgcc.a(_div_df.o)
 .debug_frame   0x000000d0       0x38 c:/altera/13.0sp1/nios2eds/bin/gnu/h-i686-mingw32/bin/../lib/gcc/nios2-elf/4.1.2/mno-hw-mul\libgcc.a(_usi_to_df.o)
 .debug_frame   0x00000108       0x40 c:/altera/13.0sp1/nios2eds/bin/gnu/h-i686-mingw32/bin/../lib/gcc/nios2-elf/4.1.2/mno-hw-mul\libgcc.a(_muldi3.o)
 .debug_frame   0x00000148       0x20 c:/altera/13.0sp1/nios2eds/bin/gnu/h-i686-mingw32/bin/../lib/gcc/nios2-elf/4.1.2/mno-hw-mul\libgcc.a(_clzsi2.o)
 .debug_frame   0x00000168       0x2c c:/altera/13.0sp1/nios2eds/bin/gnu/h-i686-mingw32/bin/../lib/gcc/nios2-elf/4.1.2/mno-hw-mul\libgcc.a(_pack_df.o)
 .debug_frame   0x00000194       0x20 c:/altera/13.0sp1/nios2eds/bin/gnu/h-i686-mingw32/bin/../lib/gcc/nios2-elf/4.1.2/mno-hw-mul\libgcc.a(_unpack_df.o)
 .debug_frame   0x000001b4       0x20 c:/altera/13.0sp1/nios2eds/bin/gnu/h-i686-mingw32/bin/../lib/gcc/nios2-elf/4.1.2/mno-hw-mul\libgcc.a(lib2-mul.o)
 .debug_frame   0x000001d4       0x28 c:/altera/13.0sp1/nios2eds/bin/gnu/h-i686-mingw32/bin/../lib/gcc/nios2-elf/4.1.2/../../../../nios2-elf/lib/mno-hw-mul\libsmallc.a(lib_a-clock.o)
 .debug_frame   0x000001fc       0x40 c:/altera/13.0sp1/nios2eds/bin/gnu/h-i686-mingw32/bin/../lib/gcc/nios2-elf/4.1.2/../../../../nios2-elf/lib/mno-hw-mul\libsmallc.a(lib_a-printf.o)
 .debug_frame   0x0000023c       0x3c c:/altera/13.0sp1/nios2eds/bin/gnu/h-i686-mingw32/bin/../lib/gcc/nios2-elf/4.1.2/../../../../nios2-elf/lib/mno-hw-mul\libsmallc.a(lib_a-puts.o)
 .debug_frame   0x00000278       0x20 c:/altera/13.0sp1/nios2eds/bin/gnu/h-i686-mingw32/bin/../lib/gcc/nios2-elf/4.1.2/../../../../nios2-elf/lib/mno-hw-mul\libsmallc.a(lib_a-strlen.o)
 .debug_frame   0x00000298       0x20 c:/altera/13.0sp1/nios2eds/bin/gnu/h-i686-mingw32/bin/../lib/gcc/nios2-elf/4.1.2/../../../../nios2-elf/lib/mno-hw-mul\libsmallc.a(lib_a-timesr.o)
 .debug_frame   0x000002b8       0x64 c:/altera/13.0sp1/nios2eds/bin/gnu/h-i686-mingw32/bin/../lib/gcc/nios2-elf/4.1.2/../../../../nios2-elf/lib/mno-hw-mul\libsmallc.a(lib_a-vfprintf.o)
 .debug_frame   0x0000031c       0x30 c:/altera/13.0sp1/nios2eds/bin/gnu/h-i686-mingw32/bin/../lib/gcc/nios2-elf/4.1.2/../../../../nios2-elf/lib/mno-hw-mul\libsmallc.a(lib_a-fvwrite_small_dev.o)
 .debug_frame   0x0000034c       0x2c c:/altera/13.0sp1/nios2eds/bin/gnu/h-i686-mingw32/bin/../lib/gcc/nios2-elf/4.1.2/../../../../nios2-elf/lib/mno-hw-mul\libsmallc.a(lib_a-writer.o)
 .debug_frame   0x00000378       0x70 c:/altera/13.0sp1/nios2eds/bin/gnu/h-i686-mingw32/bin/../lib/gcc/nios2-elf/4.1.2/mno-hw-mul\libgcc.a(lib2-divmod.o)
 .debug_frame   0x000003e8       0x48 ../NiosIICountLeadingOnes_bsp/\libhal_bsp.a(alt_load.o)
 .debug_frame   0x00000430       0x2c ../NiosIICountLeadingOnes_bsp/\libhal_bsp.a(alt_main.o)
 .debug_frame   0x0000045c       0x48 ../NiosIICountLeadingOnes_bsp/\libhal_bsp.a(alt_times.o)
 .debug_frame   0x000004a4       0x48 ../NiosIICountLeadingOnes_bsp/\libhal_bsp.a(alt_write.o)
 .debug_frame   0x000004ec       0x64 ../NiosIICountLeadingOnes_bsp/\libhal_bsp.a(alt_sys_init.o)
 .debug_frame   0x00000550       0x48 ../NiosIICountLeadingOnes_bsp/\libhal_bsp.a(altera_avalon_jtag_uart_fd.o)
 .debug_frame   0x00000598       0x2c ../NiosIICountLeadingOnes_bsp/\libhal_bsp.a(altera_avalon_jtag_uart_read.o)
 .debug_frame   0x000005c4       0x2c ../NiosIICountLeadingOnes_bsp/\libhal_bsp.a(altera_avalon_jtag_uart_write.o)
 .debug_frame   0x000005f0       0x48 ../NiosIICountLeadingOnes_bsp/\libhal_bsp.a(altera_avalon_timer_sc.o)
 .debug_frame   0x00000638       0x48 ../NiosIICountLeadingOnes_bsp/\libhal_bsp.a(alt_close.o)
 .debug_frame   0x00000680       0x2c ../NiosIICountLeadingOnes_bsp/\libhal_bsp.a(alt_dcache_flush_all.o)
 .debug_frame   0x000006ac       0x2c ../NiosIICountLeadingOnes_bsp/\libhal_bsp.a(alt_dev.o)
 .debug_frame   0x000006d8       0x48 ../NiosIICountLeadingOnes_bsp/\libhal_bsp.a(alt_dev_llist_insert.o)
 .debug_frame   0x00000720       0x2c ../NiosIICountLeadingOnes_bsp/\libhal_bsp.a(alt_icache_flush_all.o)
 .debug_frame   0x0000074c       0x80 ../NiosIICountLeadingOnes_bsp/\libhal_bsp.a(alt_iic.o)
 .debug_frame   0x000007cc       0x2c ../NiosIICountLeadingOnes_bsp/\libhal_bsp.a(alt_iic_isr_register.o)
 .debug_frame   0x000007f8       0x4c ../NiosIICountLeadingOnes_bsp/\libhal_bsp.a(alt_io_redirect.o)
 .debug_frame   0x00000844       0x2c ../NiosIICountLeadingOnes_bsp/\libhal_bsp.a(alt_irq_handler.o)
 .debug_frame   0x00000870       0x68 ../NiosIICountLeadingOnes_bsp/\libhal_bsp.a(alt_open.o)
 .debug_frame   0x000008d8       0x30 ../NiosIICountLeadingOnes_bsp/\libhal_bsp.a(alt_release_fd.o)
 .debug_frame   0x00000908       0x48 ../NiosIICountLeadingOnes_bsp/\libhal_bsp.a(alt_tick.o)
 .debug_frame   0x00000950       0x2c ../NiosIICountLeadingOnes_bsp/\libhal_bsp.a(altera_nios2_qsys_irq.o)
 .debug_frame   0x0000097c       0x2c ../NiosIICountLeadingOnes_bsp/\libhal_bsp.a(alt_find_dev.o)
 .debug_frame   0x000009a8       0x2c ../NiosIICountLeadingOnes_bsp/\libhal_bsp.a(alt_find_file.o)
 .debug_frame   0x000009d4       0x30 ../NiosIICountLeadingOnes_bsp/\libhal_bsp.a(alt_get_fd.o)
 .debug_frame   0x00000a04       0x2c ../NiosIICountLeadingOnes_bsp/\libhal_bsp.a(alt_icache_flush.o)
 .debug_frame   0x00000a30       0x2c c:/altera/13.0sp1/nios2eds/bin/gnu/h-i686-mingw32/bin/../lib/gcc/nios2-elf/4.1.2/../../../../nios2-elf/lib/mno-hw-mul\libsmallc.a(lib_a-exit.o)
 .debug_frame   0x00000a5c       0x20 c:/altera/13.0sp1/nios2eds/bin/gnu/h-i686-mingw32/bin/../lib/gcc/nios2-elf/4.1.2/../../../../nios2-elf/lib/mno-hw-mul\libsmallc.a(lib_a-memcmp.o)
 .debug_frame   0x00000a7c       0x4c c:/altera/13.0sp1/nios2eds/bin/gnu/h-i686-mingw32/bin/../lib/gcc/nios2-elf/4.1.2/../../../../nios2-elf/lib/mno-hw-mul\libsmallc.a(lib_a-__call_atexit.o)
 .debug_frame   0x00000ac8       0x48 ../NiosIICountLeadingOnes_bsp/\libhal_bsp.a(alt_exit.o)

.debug_str      0x00000000     0x1100
 *(.debug_str)
 .debug_str     0x00000000       0x12 obj/default/count_leading_ones.o
 .debug_str     0x00000012      0x1fc c:/altera/13.0sp1/nios2eds/bin/gnu/h-i686-mingw32/bin/../lib/gcc/nios2-elf/4.1.2/mno-hw-mul\libgcc.a(_mul_df.o)
                                0x241 (size before relaxing)
 .debug_str     0x0000020e       0x35 c:/altera/13.0sp1/nios2eds/bin/gnu/h-i686-mingw32/bin/../lib/gcc/nios2-elf/4.1.2/mno-hw-mul\libgcc.a(_div_df.o)
                                0x231 (size before relaxing)
 .debug_str     0x00000000      0x1a3 c:/altera/13.0sp1/nios2eds/bin/gnu/h-i686-mingw32/bin/../lib/gcc/nios2-elf/4.1.2/mno-hw-mul\libgcc.a(_thenan_df.o)
 .debug_str     0x00000243       0x21 c:/altera/13.0sp1/nios2eds/bin/gnu/h-i686-mingw32/bin/../lib/gcc/nios2-elf/4.1.2/mno-hw-mul\libgcc.a(_usi_to_df.o)
                                0x1da (size before relaxing)
 .debug_str     0x00000264       0x8d c:/altera/13.0sp1/nios2eds/bin/gnu/h-i686-mingw32/bin/../lib/gcc/nios2-elf/4.1.2/mno-hw-mul\libgcc.a(_muldi3.o)
                                0x1ac (size before relaxing)
 .debug_str     0x000002f1       0x20 c:/altera/13.0sp1/nios2eds/bin/gnu/h-i686-mingw32/bin/../lib/gcc/nios2-elf/4.1.2/mno-hw-mul\libgcc.a(_clzsi2.o)
                                0x17e (size before relaxing)
 .debug_str     0x00000311       0x10 c:/altera/13.0sp1/nios2eds/bin/gnu/h-i686-mingw32/bin/../lib/gcc/nios2-elf/4.1.2/mno-hw-mul\libgcc.a(_pack_df.o)
                                0x206 (size before relaxing)
 .debug_str     0x00000321        0xb c:/altera/13.0sp1/nios2eds/bin/gnu/h-i686-mingw32/bin/../lib/gcc/nios2-elf/4.1.2/mno-hw-mul\libgcc.a(_unpack_df.o)
                                0x1e8 (size before relaxing)
 .debug_str     0x0000032c       0x37 c:/altera/13.0sp1/nios2eds/bin/gnu/h-i686-mingw32/bin/../lib/gcc/nios2-elf/4.1.2/mno-hw-mul\libgcc.a(lib2-mul.o)
                                0x175 (size before relaxing)
 .debug_str     0x00000000      0x161 c:/altera/13.0sp1/nios2eds/bin/gnu/h-i686-mingw32/bin/../lib/gcc/nios2-elf/4.1.2/mno-hw-mul\libgcc.a(_clz.o)
 .debug_str     0x00000363      0x3c5 c:/altera/13.0sp1/nios2eds/bin/gnu/h-i686-mingw32/bin/../lib/gcc/nios2-elf/4.1.2/../../../../nios2-elf/lib/mno-hw-mul\libsmallc.a(lib_a-clock.o)
                                0x479 (size before relaxing)
 .debug_str     0x00000728       0xf8 c:/altera/13.0sp1/nios2eds/bin/gnu/h-i686-mingw32/bin/../lib/gcc/nios2-elf/4.1.2/../../../../nios2-elf/lib/mno-hw-mul\libsmallc.a(lib_a-impure.o)
                                0x45d (size before relaxing)
 .debug_str     0x00000820       0xf9 c:/altera/13.0sp1/nios2eds/bin/gnu/h-i686-mingw32/bin/../lib/gcc/nios2-elf/4.1.2/../../../../nios2-elf/lib/mno-hw-mul\libsmallc.a(lib_a-printf.o)
                                0x466 (size before relaxing)
 .debug_str     0x00000919       0x48 c:/altera/13.0sp1/nios2eds/bin/gnu/h-i686-mingw32/bin/../lib/gcc/nios2-elf/4.1.2/../../../../nios2-elf/lib/mno-hw-mul\libsmallc.a(lib_a-puts.o)
                                0x450 (size before relaxing)
 .debug_str     0x00000961       0xe2 c:/altera/13.0sp1/nios2eds/bin/gnu/h-i686-mingw32/bin/../lib/gcc/nios2-elf/4.1.2/../../../../nios2-elf/lib/mno-hw-mul\libsmallc.a(lib_a-strlen.o)
                                0x184 (size before relaxing)
 .debug_str     0x00000a43       0x4b c:/altera/13.0sp1/nios2eds/bin/gnu/h-i686-mingw32/bin/../lib/gcc/nios2-elf/4.1.2/../../../../nios2-elf/lib/mno-hw-mul\libsmallc.a(lib_a-timesr.o)
                                0x472 (size before relaxing)
 .debug_str     0x00000a8e      0x168 c:/altera/13.0sp1/nios2eds/bin/gnu/h-i686-mingw32/bin/../lib/gcc/nios2-elf/4.1.2/../../../../nios2-elf/lib/mno-hw-mul\libsmallc.a(lib_a-vfprintf.o)
                                0x5af (size before relaxing)
 .debug_str     0x00000bf6       0x70 c:/altera/13.0sp1/nios2eds/bin/gnu/h-i686-mingw32/bin/../lib/gcc/nios2-elf/4.1.2/../../../../nios2-elf/lib/mno-hw-mul\libsmallc.a(lib_a-fvwrite_small_dev.o)
                                0x46a (size before relaxing)
 .debug_str     0x00000c66       0x4f c:/altera/13.0sp1/nios2eds/bin/gnu/h-i686-mingw32/bin/../lib/gcc/nios2-elf/4.1.2/../../../../nios2-elf/lib/mno-hw-mul\libsmallc.a(lib_a-writer.o)