Archive member included because of file (symbol)

c:/altera/13.0sp1/nios2eds/bin/gnu/h-i686-mingw32/bin/../lib/gcc/nios2-elf/4.1.2/mno-hw-mul\libgcc.a(lib2-divmod.o)
                              obj/default/count_binary.o (__divsi3)
c:/altera/13.0sp1/nios2eds/bin/gnu/h-i686-mingw32/bin/../lib/gcc/nios2-elf/4.1.2/../../../../nios2-elf/lib/mno-hw-mul\libsmallc.a(lib_a-printf.o)
                              obj/default/count_binary.o (printf)
c:/altera/13.0sp1/nios2eds/bin/gnu/h-i686-mingw32/bin/../lib/gcc/nios2-elf/4.1.2/../../../../nios2-elf/lib/mno-hw-mul\libsmallc.a(lib_a-putchar.o)
                              obj/default/count_binary.o (putchar)
c:/altera/13.0sp1/nios2eds/bin/gnu/h-i686-mingw32/bin/../lib/gcc/nios2-elf/4.1.2/../../../../nios2-elf/lib/mno-hw-mul\libsmallc.a(lib_a-puts.o)
                              obj/default/count_binary.o (puts)
c:/altera/13.0sp1/nios2eds/bin/gnu/h-i686-mingw32/bin/../lib/gcc/nios2-elf/4.1.2/../../../../nios2-elf/lib/mno-hw-mul\libsmallc.a(lib_a-strlen.o)
                              c:/altera/13.0sp1/nios2eds/bin/gnu/h-i686-mingw32/bin/../lib/gcc/nios2-elf/4.1.2/../../../../nios2-elf/lib/mno-hw-mul\libsmallc.a(lib_a-puts.o) (strlen)
c:/altera/13.0sp1/nios2eds/bin/gnu/h-i686-mingw32/bin/../lib/gcc/nios2-elf/4.1.2/../../../../nios2-elf/lib/mno-hw-mul\libsmallc.a(lib_a-vfprintf.o)
                              c:/altera/13.0sp1/nios2eds/bin/gnu/h-i686-mingw32/bin/../lib/gcc/nios2-elf/4.1.2/../../../../nios2-elf/lib/mno-hw-mul\libsmallc.a(lib_a-printf.o) (___vfprintf_internal_r)
c:/altera/13.0sp1/nios2eds/bin/gnu/h-i686-mingw32/bin/../lib/gcc/nios2-elf/4.1.2/../../../../nios2-elf/lib/mno-hw-mul\libsmallc.a(lib_a-fvwrite_small_dev.o)
                              c:/altera/13.0sp1/nios2eds/bin/gnu/h-i686-mingw32/bin/../lib/gcc/nios2-elf/4.1.2/../../../../nios2-elf/lib/mno-hw-mul\libsmallc.a(lib_a-printf.o) (__sfvwrite_small_dev)
c:/altera/13.0sp1/nios2eds/bin/gnu/h-i686-mingw32/bin/../lib/gcc/nios2-elf/4.1.2/../../../../nios2-elf/lib/mno-hw-mul\libsmallc.a(lib_a-impure.o)
                              c:/altera/13.0sp1/nios2eds/bin/gnu/h-i686-mingw32/bin/../lib/gcc/nios2-elf/4.1.2/../../../../nios2-elf/lib/mno-hw-mul\libsmallc.a(lib_a-printf.o) (_impure_ptr)
c:/altera/13.0sp1/nios2eds/bin/gnu/h-i686-mingw32/bin/../lib/gcc/nios2-elf/4.1.2/../../../../nios2-elf/lib/mno-hw-mul\libsmallc.a(lib_a-putc.o)
                              c:/altera/13.0sp1/nios2eds/bin/gnu/h-i686-mingw32/bin/../lib/gcc/nios2-elf/4.1.2/../../../../nios2-elf/lib/mno-hw-mul\libsmallc.a(lib_a-putchar.o) (_putc_r)
c:/altera/13.0sp1/nios2eds/bin/gnu/h-i686-mingw32/bin/../lib/gcc/nios2-elf/4.1.2/../../../../nios2-elf/lib/mno-hw-mul\libsmallc.a(lib_a-writer.o)
                              c:/altera/13.0sp1/nios2eds/bin/gnu/h-i686-mingw32/bin/../lib/gcc/nios2-elf/4.1.2/../../../../nios2-elf/lib/mno-hw-mul\libsmallc.a(lib_a-fvwrite_small_dev.o) (_write_r)
c:/altera/13.0sp1/nios2eds/bin/gnu/h-i686-mingw32/bin/../lib/gcc/nios2-elf/4.1.2/../../../../nios2-elf/lib/mno-hw-mul\libsmallc.a(lib_a-int_errno.o)
                              c:/altera/13.0sp1/nios2eds/bin/gnu/h-i686-mingw32/bin/../lib/gcc/nios2-elf/4.1.2/../../../../nios2-elf/lib/mno-hw-mul\libsmallc.a(lib_a-writer.o) (errno)
c:/altera/13.0sp1/nios2eds/bin/gnu/h-i686-mingw32/bin/../lib/gcc/nios2-elf/4.1.2/mno-hw-mul\libgcc.a(lib2-mul.o)
                              c:/altera/13.0sp1/nios2eds/bin/gnu/h-i686-mingw32/bin/../lib/gcc/nios2-elf/4.1.2/../../../../nios2-elf/lib/mno-hw-mul\libsmallc.a(lib_a-vfprintf.o) (__mulsi3)
../NiosIICountBinary_bsp/\libhal_bsp.a(alt_load.o)
                              ../NiosIICountBinary_bsp//obj/HAL/src/crt0.o (alt_load)
../NiosIICountBinary_bsp/\libhal_bsp.a(alt_main.o)
                              ../NiosIICountBinary_bsp//obj/HAL/src/crt0.o (alt_main)
../NiosIICountBinary_bsp/\libhal_bsp.a(alt_usleep.o)
                              obj/default/count_binary.o (usleep)
../NiosIICountBinary_bsp/\libhal_bsp.a(alt_write.o)
                              c:/altera/13.0sp1/nios2eds/bin/gnu/h-i686-mingw32/bin/../lib/gcc/nios2-elf/4.1.2/../../../../nios2-elf/lib/mno-hw-mul\libsmallc.a(lib_a-writer.o) (write)
../NiosIICountBinary_bsp/\libhal_bsp.a(alt_sys_init.o)
                              ../NiosIICountBinary_bsp/\libhal_bsp.a(alt_main.o) (alt_irq_init)
../NiosIICountBinary_bsp/\libhal_bsp.a(altera_avalon_jtag_uart_fd.o)
                              ../NiosIICountBinary_bsp/\libhal_bsp.a(alt_sys_init.o) (altera_avalon_jtag_uart_read_fd)
../NiosIICountBinary_bsp/\libhal_bsp.a(altera_avalon_jtag_uart_read.o)
                              ../NiosIICountBinary_bsp/\libhal_bsp.a(altera_avalon_jtag_uart_fd.o) (altera_avalon_jtag_uart_read)
../NiosIICountBinary_bsp/\libhal_bsp.a(altera_avalon_jtag_uart_write.o)
                              ../NiosIICountBinary_bsp/\libhal_bsp.a(altera_avalon_jtag_uart_fd.o) (altera_avalon_jtag_uart_write)
../NiosIICountBinary_bsp/\libhal_bsp.a(altera_avalon_timer_sc.o)
                              ../NiosIICountBinary_bsp/\libhal_bsp.a(alt_sys_init.o) (alt_avalon_timer_sc_init)
../NiosIICountBinary_bsp/\libhal_bsp.a(alt_busy_sleep.o)
                              ../NiosIICountBinary_bsp/\libhal_bsp.a(alt_usleep.o) (alt_busy_sleep)
../NiosIICountBinary_bsp/\libhal_bsp.a(alt_close.o)
                              ../NiosIICountBinary_bsp/\libhal_bsp.a(alt_main.o) (close)
../NiosIICountBinary_bsp/\libhal_bsp.a(alt_dcache_flush_all.o)
                              ../NiosIICountBinary_bsp/\libhal_bsp.a(alt_load.o) (alt_dcache_flush_all)
../NiosIICountBinary_bsp/\libhal_bsp.a(alt_dev.o)
                              ../NiosIICountBinary_bsp/\libhal_bsp.a(alt_sys_init.o) (alt_dev_list)
../NiosIICountBinary_bsp/\libhal_bsp.a(alt_dev_llist_insert.o)
                              ../NiosIICountBinary_bsp/\libhal_bsp.a(alt_sys_init.o) (alt_dev_llist_insert)
../NiosIICountBinary_bsp/\libhal_bsp.a(alt_errno.o)
                              ../NiosIICountBinary_bsp/\libhal_bsp.a(alt_write.o) (alt_errno)
../NiosIICountBinary_bsp/\libhal_bsp.a(alt_icache_flush_all.o)
                              ../NiosIICountBinary_bsp/\libhal_bsp.a(alt_load.o) (alt_icache_flush_all)
../NiosIICountBinary_bsp/\libhal_bsp.a(alt_iic.o)
                              ../NiosIICountBinary_bsp/\libhal_bsp.a(altera_avalon_timer_sc.o) (alt_ic_isr_register)
../NiosIICountBinary_bsp/\libhal_bsp.a(alt_iic_isr_register.o)
                              ../NiosIICountBinary_bsp/\libhal_bsp.a(alt_iic.o) (alt_iic_isr_register)
../NiosIICountBinary_bsp/\libhal_bsp.a(alt_io_redirect.o)
                              ../NiosIICountBinary_bsp/\libhal_bsp.a(alt_main.o) (alt_io_redirect)
../NiosIICountBinary_bsp/\libhal_bsp.a(alt_irq_entry.o)
                              ../NiosIICountBinary_bsp/\libhal_bsp.a(alt_iic_isr_register.o) (alt_irq_entry)
../NiosIICountBinary_bsp/\libhal_bsp.a(alt_irq_handler.o)
                              ../NiosIICountBinary_bsp/\libhal_bsp.a(alt_iic_isr_register.o) (alt_irq_handler)
../NiosIICountBinary_bsp/\libhal_bsp.a(alt_irq_vars.o)
                              ../NiosIICountBinary_bsp/\libhal_bsp.a(alt_iic.o) (alt_irq_active)
../NiosIICountBinary_bsp/\libhal_bsp.a(alt_open.o)
                              ../NiosIICountBinary_bsp/\libhal_bsp.a(alt_io_redirect.o) (open)
../NiosIICountBinary_bsp/\libhal_bsp.a(alt_release_fd.o)
                              ../NiosIICountBinary_bsp/\libhal_bsp.a(alt_close.o) (alt_release_fd)
../NiosIICountBinary_bsp/\libhal_bsp.a(alt_tick.o)
                              ../NiosIICountBinary_bsp/\libhal_bsp.a(altera_avalon_timer_sc.o) (_alt_tick_rate)
../NiosIICountBinary_bsp/\libhal_bsp.a(altera_nios2_qsys_irq.o)
                              ../NiosIICountBinary_bsp/\libhal_bsp.a(alt_sys_init.o) (altera_nios2_qsys_irq_init)
../NiosIICountBinary_bsp/\libhal_bsp.a(alt_exception_entry.o)
                              ../NiosIICountBinary_bsp/\libhal_bsp.a(alt_irq_entry.o) (alt_exception)
../NiosIICountBinary_bsp/\libhal_bsp.a(alt_find_dev.o)
                              ../NiosIICountBinary_bsp/\libhal_bsp.a(alt_open.o) (alt_find_dev)
../NiosIICountBinary_bsp/\libhal_bsp.a(alt_find_file.o)
                              ../NiosIICountBinary_bsp/\libhal_bsp.a(alt_open.o) (alt_find_file)
../NiosIICountBinary_bsp/\libhal_bsp.a(alt_get_fd.o)
                              ../NiosIICountBinary_bsp/\libhal_bsp.a(alt_open.o) (alt_get_fd)
../NiosIICountBinary_bsp/\libhal_bsp.a(alt_icache_flush.o)
                              ../NiosIICountBinary_bsp/\libhal_bsp.a(alt_icache_flush_all.o) (alt_icache_flush)
c:/altera/13.0sp1/nios2eds/bin/gnu/h-i686-mingw32/bin/../lib/gcc/nios2-elf/4.1.2/../../../../nios2-elf/lib/mno-hw-mul\libsmallc.a(lib_a-exit.o)
                              ../NiosIICountBinary_bsp/\libhal_bsp.a(alt_main.o) (exit)
c:/altera/13.0sp1/nios2eds/bin/gnu/h-i686-mingw32/bin/../lib/gcc/nios2-elf/4.1.2/../../../../nios2-elf/lib/mno-hw-mul\libsmallc.a(lib_a-memcmp.o)
                              ../NiosIICountBinary_bsp/\libhal_bsp.a(alt_find_dev.o) (memcmp)
c:/altera/13.0sp1/nios2eds/bin/gnu/h-i686-mingw32/bin/../lib/gcc/nios2-elf/4.1.2/../../../../nios2-elf/lib/mno-hw-mul\libsmallc.a(lib_a-__call_atexit.o)
                              c:/altera/13.0sp1/nios2eds/bin/gnu/h-i686-mingw32/bin/../lib/gcc/nios2-elf/4.1.2/../../../../nios2-elf/lib/mno-hw-mul\libsmallc.a(lib_a-exit.o) (__call_exitprocs)
../NiosIICountBinary_bsp/\libhal_bsp.a(alt_exit.o)
                              c:/altera/13.0sp1/nios2eds/bin/gnu/h-i686-mingw32/bin/../lib/gcc/nios2-elf/4.1.2/../../../../nios2-elf/lib/mno-hw-mul\libsmallc.a(lib_a-exit.o) (_exit)

Allocating common symbols
Common symbol       size              file

alt_irq             0x100             ../NiosIICountBinary_bsp/\libhal_bsp.a(alt_irq_handler.o)
edge_capture        0x4               obj/default/count_binary.o
errno               0x4               c:/altera/13.0sp1/nios2eds/bin/gnu/h-i686-mingw32/bin/../lib/gcc/nios2-elf/4.1.2/../../../../nios2-elf/lib/mno-hw-mul\libsmallc.a(lib_a-int_errno.o)

Memory Configuration

Name             Origin             Length             Attributes
reset            0x00000000         0x00000020
sram             0x00000020         0x0007ffe0
onchip_mem       0x00080000         0x00005000
*default*        0x00000000         0xffffffff

Linker script and memory map

LOAD ../NiosIICountBinary_bsp//obj/HAL/src/crt0.o
LOAD obj/default/count_binary.o
LOAD c:/altera/13.0sp1/nios2eds/bin/gnu/h-i686-mingw32/bin/../lib/gcc/nios2-elf/4.1.2/../../../../nios2-elf/lib/mno-hw-mul\libstdc++.a
LOAD c:/altera/13.0sp1/nios2eds/bin/gnu/h-i686-mingw32/bin/../lib/gcc/nios2-elf/4.1.2/../../../../nios2-elf/lib/mno-hw-mul\libm.a
LOAD c:/altera/13.0sp1/nios2eds/bin/gnu/h-i686-mingw32/bin/../lib/gcc/nios2-elf/4.1.2/mno-hw-mul\libgcc.a
START GROUP
LOAD c:/altera/13.0sp1/nios2eds/bin/gnu/h-i686-mingw32/bin/../lib/gcc/nios2-elf/4.1.2/../../../../nios2-elf/lib/mno-hw-mul\libsmallc.a
LOAD c:/altera/13.0sp1/nios2eds/bin/gnu/h-i686-mingw32/bin/../lib/gcc/nios2-elf/4.1.2/mno-hw-mul\libgcc.a
LOAD ../NiosIICountBinary_bsp/\libhal_bsp.a
END GROUP
LOAD c:/altera/13.0sp1/nios2eds/bin/gnu/h-i686-mingw32/bin/../lib/gcc/nios2-elf/4.1.2/mno-hw-mul\libgcc.a
                0x00000000                __alt_mem_sram = 0x0
                0x00080000                __alt_mem_onchip_mem = 0x80000

.entry          0x00000000       0x20
 *(.entry)
 .entry         0x00000000       0x20 ../NiosIICountBinary_bsp//obj/HAL/src/crt0.o
                0x00000000                __reset

.exceptions     0x00000020      0x194
                0x00000020                PROVIDE (__ram_exceptions_start, ABSOLUTE (.))
                0x00000020                . = ALIGN (0x20)
 *(.irq)
 *(.exceptions.entry.label)
 .exceptions.entry.label
                0x00000020        0x0 ../NiosIICountBinary_bsp/\libhal_bsp.a(alt_irq_entry.o)
                0x00000020                alt_irq_entry
 .exceptions.entry.label
                0x00000020        0x0 ../NiosIICountBinary_bsp/\libhal_bsp.a(alt_exception_entry.o)
                0x00000020                alt_exception
 *(.exceptions.entry.user)
 *(.exceptions.entry)
 .exceptions.entry
                0x00000020       0x54 ../NiosIICountBinary_bsp/\libhal_bsp.a(alt_exception_entry.o)
 *(.exceptions.irqtest.user)
 *(.exceptions.irqtest)
 .exceptions.irqtest
                0x00000074       0x10 ../NiosIICountBinary_bsp/\libhal_bsp.a(alt_irq_entry.o)
 *(.exceptions.irqhandler.user)
 *(.exceptions.irqhandler)
 .exceptions.irqhandler
                0x00000084        0x4 ../NiosIICountBinary_bsp/\libhal_bsp.a(alt_irq_entry.o)
 *(.exceptions.irqreturn.user)
 *(.exceptions.irqreturn)
 .exceptions.irqreturn
                0x00000088        0x4 ../NiosIICountBinary_bsp/\libhal_bsp.a(alt_irq_entry.o)
 *(.exceptions.notirq.label)
 .exceptions.notirq.label
                0x0000008c        0x0 ../NiosIICountBinary_bsp/\libhal_bsp.a(alt_irq_entry.o)
 *(.exceptions.notirq.user)
 *(.exceptions.notirq)
 .exceptions.notirq
                0x0000008c        0x8 ../NiosIICountBinary_bsp/\libhal_bsp.a(alt_exception_entry.o)
 *(.exceptions.soft.user)
 *(.exceptions.soft)
 *(.exceptions.unknown.user)
 *(.exceptions.unknown)
 .exceptions.unknown
                0x00000094        0x4 ../NiosIICountBinary_bsp/\libhal_bsp.a(alt_exception_entry.o)
 *(.exceptions.exit.label)
 .exceptions.exit.label
                0x00000098        0x0 ../NiosIICountBinary_bsp/\libhal_bsp.a(alt_irq_entry.o)
 .exceptions.exit.label
                0x00000098        0x0 ../NiosIICountBinary_bsp/\libhal_bsp.a(alt_exception_entry.o)
 *(.exceptions.exit.user)
 *(.exceptions.exit)
 .exceptions.exit
                0x00000098       0x54 ../NiosIICountBinary_bsp/\libhal_bsp.a(alt_exception_entry.o)
 *(.exceptions)
 .exceptions    0x000000ec       0xc8 ../NiosIICountBinary_bsp/\libhal_bsp.a(alt_irq_handler.o)
                0x000000ec                alt_irq_handler
                0x000001b4                PROVIDE (__ram_exceptions_end, ABSOLUTE (.))
                0x00000020                PROVIDE (__flash_exceptions_start, LOADADDR (.exceptions))

.text           0x00080000     0x2a54
                0x00080000                PROVIDE (stext, ABSOLUTE (.))
 *(.interp)
 *(.hash)
 *(.dynsym)
 *(.dynstr)
 *(.gnu.version)
 *(.gnu.version_d)
 *(.gnu.version_r)
 *(.rel.init)
 *(.rela.init)
 *(.rel.text .rel.text.* .rel.gnu.linkonce.t.*)
 *(.rela.text .rela.text.* .rela.gnu.linkonce.t.*)
 *(.rel.fini)
 *(.rela.fini)
 *(.rel.rodata .rel.rodata.* .rel.gnu.linkonce.r.*)
 *(.rela.rodata .rela.rodata.* .rela.gnu.linkonce.r.*)
 *(.rel.data .rel.data.* .rel.gnu.linkonce.d.*)
 *(.rela.data .rela.data.* .rela.gnu.linkonce.d.*)
 *(.rel.tdata .rel.tdata.* .rel.gnu.linkonce.td.*)
 *(.rela.tdata .rela.tdata.* .rela.gnu.linkonce.td.*)
 *(.rel.tbss .rel.tbss.* .rel.gnu.linkonce.tb.*)
 *(.rela.tbss .rela.tbss.* .rela.gnu.linkonce.tb.*)
 *(.rel.ctors)
 *(.rela.ctors)
 *(.rel.dtors)
 *(.rela.dtors)
 *(.rel.got)
 *(.rela.got)
 *(.rel.sdata .rel.sdata.* .rel.gnu.linkonce.s.*)
 *(.rela.sdata .rela.sdata.* .rela.gnu.linkonce.s.*)
 *(.rel.sbss .rel.sbss.* .rel.gnu.linkonce.sb.*)
 *(.rela.sbss .rela.sbss.* .rela.gnu.linkonce.sb.*)
 *(.rel.sdata2 .rel.sdata2.* .rel.gnu.linkonce.s2.*)
 *(.rela.sdata2 .rela.sdata2.* .rela.gnu.linkonce.s2.*)
 *(.rel.sbss2 .rel.sbss2.* .rel.gnu.linkonce.sb2.*)
 *(.rela.sbss2 .rela.sbss2.* .rela.gnu.linkonce.sb2.*)
 *(.rel.bss .rel.bss.* .rel.gnu.linkonce.b.*)
 *(.rela.bss .rela.bss.* .rela.gnu.linkonce.b.*)
 *(.rel.plt)
 *(.rela.plt)
 *(.rel.dyn)
 *(.init)
 *(.plt)
 *(.text .stub .text.* .gnu.linkonce.t.*)
 .text          0x00080000       0x3c ../NiosIICountBinary_bsp//obj/HAL/src/crt0.o
                0x00080000                _start
 .text          0x0008003c      0x39c obj/default/count_binary.o
                0x000802d0                main
 .text          0x000803d8      0x14c c:/altera/13.0sp1/nios2eds/bin/gnu/h-i686-mingw32/bin/../lib/gcc/nios2-elf/4.1.2/mno-hw-mul\libgcc.a(lib2-divmod.o)
                0x00080454                __divsi3
                0x000804b4                __modsi3
                0x00080514                __udivsi3
                0x0008051c                __umodsi3
 .text          0x00080524       0x98 c:/altera/13.0sp1/nios2eds/bin/gnu/h-i686-mingw32/bin/../lib/gcc/nios2-elf/4.1.2/../../../../nios2-elf/lib/mno-hw-mul\libsmallc.a(lib_a-printf.o)
                0x00080524                printf
                0x00080578                _printf_r
 .text          0x000805bc       0x24 c:/altera/13.0sp1/nios2eds/bin/gnu/h-i686-mingw32/bin/../lib/gcc/nios2-elf/4.1.2/../../../../nios2-elf/lib/mno-hw-mul\libsmallc.a(lib_a-putchar.o)
                0x000805bc                putchar
                0x000805d8                _putchar_r
 .text          0x000805e0       0xa4 c:/altera/13.0sp1/nios2eds/bin/gnu/h-i686-mingw32/bin/../lib/gcc/nios2-elf/4.1.2/../../../../nios2-elf/lib/mno-hw-mul\libsmallc.a(lib_a-puts.o)
                0x000805e0                _puts_r
                0x00080670                puts
 .text          0x00080684       0x20 c:/altera/13.0sp1/nios2eds/bin/gnu/h-i686-mingw32/bin/../lib/gcc/nios2-elf/4.1.2/../../../../nios2-elf/lib/mno-hw-mul\libsmallc.a(lib_a-strlen.o)
                0x00080684                strlen
 .text          0x000806a4      0x740 c:/altera/13.0sp1/nios2eds/bin/gnu/h-i686-mingw32/bin/../lib/gcc/nios2-elf/4.1.2/../../../../nios2-elf/lib/mno-hw-mul\libsmallc.a(lib_a-vfprintf.o)
                0x00080724                ___vfprintf_internal_r
                0x00080dc0                __vfprintf_internal
 .text          0x00080de4       0xbc c:/altera/13.0sp1/nios2eds/bin/gnu/h-i686-mingw32/bin/../lib/gcc/nios2-elf/4.1.2/../../../../nios2-elf/lib/mno-hw-mul\libsmallc.a(lib_a-fvwrite_small_dev.o)
                0x00080de4                __sfvwrite_small_dev
 .text          0x00080ea0        0x0 c:/altera/13.0sp1/nios2eds/bin/gnu/h-i686-mingw32/bin/../lib/gcc/nios2-elf/4.1.2/../../../../nios2-elf/lib/mno-hw-mul\libsmallc.a(lib_a-impure.o)
 .text          0x00080ea0       0xe4 c:/altera/13.0sp1/nios2eds/bin/gnu/h-i686-mingw32/bin/../lib/gcc/nios2-elf/4.1.2/../../../../nios2-elf/lib/mno-hw-mul\libsmallc.a(lib_a-putc.o)
                0x00080ea0                putc
                0x00080f10                _putc_r
 .text          0x00080f84       0x78 c:/altera/13.0sp1/nios2eds/bin/gnu/h-i686-mingw32/bin/../lib/gcc/nios2-elf/4.1.2/../../../../nios2-elf/lib/mno-hw-mul\libsmallc.a(lib_a-writer.o)
                0x00080f84                _write_r
 .text          0x00080ffc        0x0 c:/altera/13.0sp1/nios2eds/bin/gnu/h-i686-mingw32/bin/../lib/gcc/nios2-elf/4.1.2/../../../../nios2-elf/lib/mno-hw-mul\libsmallc.a(lib_a-int_errno.o)
 .text          0x00080ffc       0x38 c:/altera/13.0sp1/nios2eds/bin/gnu/h-i686-mingw32/bin/../lib/gcc/nios2-elf/4.1.2/mno-hw-mul\libgcc.a(lib2-mul.o)
                0x00080ffc                __mulsi3
 .text          0x00081034       0xec ../NiosIICountBinary_bsp/\libhal_bsp.a(alt_load.o)
                0x00081034                alt_load
 .text          0x00081120       0x5c ../NiosIICountBinary_bsp/\libhal_bsp.a(alt_main.o)
                0x00081120                alt_main
 .text          0x0008117c       0x30 ../NiosIICountBinary_bsp/\libhal_bsp.a(alt_usleep.o)
                0x0008117c                usleep
 .text          0x000811ac      0x184 ../NiosIICountBinary_bsp/\libhal_bsp.a(alt_write.o)
                0x000811ac                write
 .text          0x00081330       0xb4 ../NiosIICountBinary_bsp/\libhal_bsp.a(alt_sys_init.o)
                0x00081330                alt_irq_init
                0x00081364                alt_sys_init
 .text          0x000813e4       0xb0 ../NiosIICountBinary_bsp/\libhal_bsp.a(altera_avalon_jtag_uart_fd.o)
                0x000813e4                altera_avalon_jtag_uart_read_fd
                0x0008143c                altera_avalon_jtag_uart_write_fd
 .text          0x00081494      0x104 ../NiosIICountBinary_bsp/\libhal_bsp.a(altera_avalon_jtag_uart_read.o)
                0x00081494                altera_avalon_jtag_uart_read
 .text          0x00081598       0xa4 ../NiosIICountBinary_bsp/\libhal_bsp.a(altera_avalon_jtag_uart_write.o)
                0x00081598                altera_avalon_jtag_uart_write
 .text          0x0008163c      0x100 ../NiosIICountBinary_bsp/\libhal_bsp.a(altera_avalon_timer_sc.o)
                0x000816ac                alt_avalon_timer_sc_init
 .text          0x0008173c      0x15c ../NiosIICountBinary_bsp/\libhal_bsp.a(alt_busy_sleep.o)
                0x0008173c                alt_busy_sleep
 .text          0x00081898      0x160 ../NiosIICountBinary_bsp/\libhal_bsp.a(alt_close.o)
                0x00081898                close
 .text          0x000819f8       0x1c ../NiosIICountBinary_bsp/\libhal_bsp.a(alt_dcache_flush_all.o)
                0x000819f8                alt_dcache_flush_all
 .text          0x00081a14       0x2c ../NiosIICountBinary_bsp/\libhal_bsp.a(alt_dev.o)
 .text          0x00081a40      0x114 ../NiosIICountBinary_bsp/\libhal_bsp.a(alt_dev_llist_insert.o)
                0x00081a40                alt_dev_llist_insert
 .text          0x00081b54        0x0 ../NiosIICountBinary_bsp/\libhal_bsp.a(alt_errno.o)
 .text          0x00081b54       0x30 ../NiosIICountBinary_bsp/\libhal_bsp.a(alt_icache_flush_all.o)
                0x00081b54                alt_icache_flush_all
 .text          0x00081b84      0x1d4 ../NiosIICountBinary_bsp/\libhal_bsp.a(alt_iic.o)
                0x00081b84                alt_ic_isr_register
                0x00081bd4                alt_ic_irq_enable
                0x00081c70                alt_ic_irq_disable
                0x00081d10                alt_ic_irq_enabled
 .text          0x00081d58       0xf8 ../NiosIICountBinary_bsp/\libhal_bsp.a(alt_iic_isr_register.o)
                0x00081d58                alt_iic_isr_register
 .text          0x00081e50      0x150 ../NiosIICountBinary_bsp/\libhal_bsp.a(alt_io_redirect.o)
                0x00081f28                alt_io_redirect
 .text          0x00081fa0        0x0 ../NiosIICountBinary_bsp/\libhal_bsp.a(alt_irq_entry.o)
 .text          0x00081fa0        0x0 ../NiosIICountBinary_bsp/\libhal_bsp.a(alt_irq_handler.o)
 .text          0x00081fa0        0x0 ../NiosIICountBinary_bsp/\libhal_bsp.a(alt_irq_vars.o)
 .text          0x00081fa0      0x2e4 ../NiosIICountBinary_bsp/\libhal_bsp.a(alt_open.o)
                0x00082098                open
 .text          0x00082284       0x78 ../NiosIICountBinary_bsp/\libhal_bsp.a(alt_release_fd.o)
                0x00082284                alt_release_fd
 .text          0x000822fc      0x1a4 ../NiosIICountBinary_bsp/\libhal_bsp.a(alt_tick.o)
                0x000822fc                alt_alarm_stop
                0x00082394                alt_tick
 .text          0x000824a0       0x20 ../NiosIICountBinary_bsp/\libhal_bsp.a(altera_nios2_qsys_irq.o)
                0x000824a0                altera_nios2_qsys_irq_init
 .text          0x000824c0        0x0 ../NiosIICountBinary_bsp/\libhal_bsp.a(alt_exception_entry.o)
 .text          0x000824c0       0x94 ../NiosIICountBinary_bsp/\libhal_bsp.a(alt_find_dev.o)
                0x000824c0                alt_find_dev
 .text          0x00082554      0x120 ../NiosIICountBinary_bsp/\libhal_bsp.a(alt_find_file.o)
                0x00082554                alt_find_file
 .text          0x00082674       0xd0 ../NiosIICountBinary_bsp/\libhal_bsp.a(alt_get_fd.o)
                0x00082674                alt_get_fd
 .text          0x00082744       0x90 ../NiosIICountBinary_bsp/\libhal_bsp.a(alt_icache_flush.o)
                0x00082744                alt_icache_flush
 .text          0x000827d4       0x20 c:/altera/13.0sp1/nios2eds/bin/gnu/h-i686-mingw32/bin/../lib/gcc/nios2-elf/4.1.2/../../../../nios2-elf/lib/mno-hw-mul\libsmallc.a(lib_a-exit.o)
                0x000827d4                exit
 .text          0x000827f4       0x3c c:/altera/13.0sp1/nios2eds/bin/gnu/h-i686-mingw32/bin/../lib/gcc/nios2-elf/4.1.2/../../../../nios2-elf/lib/mno-hw-mul\libsmallc.a(lib_a-memcmp.o)
                0x000827f4                memcmp
 .text          0x00082830      0x1c0 c:/altera/13.0sp1/nios2eds/bin/gnu/h-i686-mingw32/bin/../lib/gcc/nios2-elf/4.1.2/../../../../nios2-elf/lib/mno-hw-mul\libsmallc.a(lib_a-__call_atexit.o)
                0x00082834                __call_exitprocs
 .text          0x000829f0       0x60 ../NiosIICountBinary_bsp/\libhal_bsp.a(alt_exit.o)
                0x00082a30                _exit
 *(.gnu.warning.*)
 *(.fini)
                0x00082a50                PROVIDE (__etext, ABSOLUTE (.))
                0x00082a50                PROVIDE (_etext, ABSOLUTE (.))
                0x00082a50                PROVIDE (etext, ABSOLUTE (.))
 *(.eh_frame_hdr)
                0x00082a50                . = ALIGN (0x4)
                0x00082a50                PROVIDE (__preinit_array_start, ABSOLUTE (.))
 *(.preinit_array)
                0x00082a50                PROVIDE (__preinit_array_end, ABSOLUTE (.))
                0x00082a50                PROVIDE (__init_array_start, ABSOLUTE (.))
 *(.init_array)
                0x00082a50                PROVIDE (__init_array_end, ABSOLUTE (.))
                0x00082a50                PROVIDE (__fini_array_start, ABSOLUTE (.))
 *(.fini_array)
                0x00082a50                PROVIDE (__fini_array_end, ABSOLUTE (.))
 *(.eh_frame)
 *(.gcc_except_table)
 *(.dynamic)
                0x00082a50                PROVIDE (__CTOR_LIST__, ABSOLUTE (.))
 *(.ctors)
 *(SORT(.ctors.*))
 .ctors.65535   0x00082a50        0x4 c:/altera/13.0sp1/nios2eds/bin/gnu/h-i686-mingw32/bin/../lib/gcc/nios2-elf/4.1.2/../../../../nios2-elf/lib/mno-hw-mul\libsmallc.a(lib_a-__call_atexit.o)
                0x00082a54                PROVIDE (__CTOR_END__, ABSOLUTE (.))
                0x00082a54                PROVIDE (__DTOR_LIST__, ABSOLUTE (.))
 *(.dtors)
 *(SORT(.dtors.*))
                0x00082a54                PROVIDE (__DTOR_END__, ABSOLUTE (.))
 *(.jcr)
                0x00082a54                . = ALIGN (0x4)

.rodata         0x00082a54      0x110
                0x00082a54                PROVIDE (__ram_rodata_start, ABSOLUTE (.))
                0x00082a54                . = ALIGN (0x4)
 *(.rodata .rodata.* .gnu.linkonce.r.*)
 .rodata        0x00082a54       0xe0 obj/default/count_binary.o
 .rodata.str1.4
                0x00082b34        0x4 c:/altera/13.0sp1/nios2eds/bin/gnu/h-i686-mingw32/bin/../lib/gcc/nios2-elf/4.1.2/../../../../nios2-elf/lib/mno-hw-mul\libsmallc.a(lib_a-puts.o)
 .rodata        0x00082b38       0x10 ../NiosIICountBinary_bsp/\libhal_bsp.a(alt_main.o)
 .rodata        0x00082b48       0x10 ../NiosIICountBinary_bsp/\libhal_bsp.a(alt_sys_init.o)
 .rodata        0x00082b58        0xc ../NiosIICountBinary_bsp/\libhal_bsp.a(alt_dev.o)
 *(.rodata1)
                0x00082b64                . = ALIGN (0x4)
                0x00082b64                PROVIDE (__ram_rodata_end, ABSOLUTE (.))
                0x00082a54                PROVIDE (__flash_rodata_start, LOADADDR (.rodata))

.rwdata         0x00082b64      0x2e0 load address 0x00082e44
                0x00082b64                PROVIDE (__ram_rwdata_start, ABSOLUTE (.))
                0x00082b64                . = ALIGN (0x4)
 *(.got.plt)
 *(.got)
 *(.data1)
 *(.data .data.* .gnu.linkonce.d.*)
 .data          0x00082b64        0x0 ../NiosIICountBinary_bsp//obj/HAL/src/crt0.o
 .data          0x00082b64        0x0 obj/default/count_binary.o
 .data          0x00082b64        0x0 c:/altera/13.0sp1/nios2eds/bin/gnu/h-i686-mingw32/bin/../lib/gcc/nios2-elf/4.1.2/mno-hw-mul\libgcc.a(lib2-divmod.o)
 .data          0x00082b64        0x0 c:/altera/13.0sp1/nios2eds/bin/gnu/h-i686-mingw32/bin/../lib/gcc/nios2-elf/4.1.2/../../../../nios2-elf/lib/mno-hw-mul\libsmallc.a(lib_a-printf.o)
 .data          0x00082b64        0x0 c:/altera/13.0sp1/nios2eds/bin/gnu/h-i686-mingw32/bin/../lib/gcc/nios2-elf/4.1.2/../../../../nios2-elf/lib/mno-hw-mul\libsmallc.a(lib_a-putchar.o)
 .data          0x00082b64        0x0 c:/altera/13.0sp1/nios2eds/bin/gnu/h-i686-mingw32/bin/../lib/gcc/nios2-elf/4.1.2/../../../../nios2-elf/lib/mno-hw-mul\libsmallc.a(lib_a-puts.o)
 .data          0x00082b64        0x0 c:/altera/13.0sp1/nios2eds/bin/gnu/h-i686-mingw32/bin/../lib/gcc/nios2-elf/4.1.2/../../../../nios2-elf/lib/mno-hw-mul\libsmallc.a(lib_a-strlen.o)
 .data          0x00082b64        0x0 c:/altera/13.0sp1/nios2eds/bin/gnu/h-i686-mingw32/bin/../lib/gcc/nios2-elf/4.1.2/../../../../nios2-elf/lib/mno-hw-mul\libsmallc.a(lib_a-vfprintf.o)
 .data          0x00082b64        0x0 c:/altera/13.0sp1/nios2eds/bin/gnu/h-i686-mingw32/bin/../lib/gcc/nios2-elf/4.1.2/../../../../nios2-elf/lib/mno-hw-mul\libsmallc.a(lib_a-fvwrite_small_dev.o)
 .data          0x00082b64       0xe0 c:/altera/13.0sp1/nios2eds/bin/gnu/h-i686-mingw32/bin/../lib/gcc/nios2-elf/4.1.2/../../../../nios2-elf/lib/mno-hw-mul\libsmallc.a(lib_a-impure.o)
 .data          0x00082c44        0x0 c:/altera/13.0sp1/nios2eds/bin/gnu/h-i686-mingw32/bin/../lib/gcc/nios2-elf/4.1.2/../../../../nios2-elf/lib/mno-hw-mul\libsmallc.a(lib_a-putc.o)
 .data          0x00082c44        0x0 c:/altera/13.0sp1/nios2eds/bin/gnu/h-i686-mingw32/bin/../lib/gcc/nios2-elf/4.1.2/../../../../nios2-elf/lib/mno-hw-mul\libsmallc.a(lib_a-writer.o)
 .data          0x00082c44        0x0 c:/altera/13.0sp1/nios2eds/bin/gnu/h-i686-mingw32/bin/../lib/gcc/nios2-elf/4.1.2/../../../../nios2-elf/lib/mno-hw-mul\libsmallc.a(lib_a-int_errno.o)
 .data          0x00082c44        0x0 c:/altera/13.0sp1/nios2eds/bin/gnu/h-i686-mingw32/bin/../lib/gcc/nios2-elf/4.1.2/mno-hw-mul\libgcc.a(lib2-mul.o)
 .data          0x00082c44        0x0 ../NiosIICountBinary_bsp/\libhal_bsp.a(alt_load.o)
 .data          0x00082c44        0x0 ../NiosIICountBinary_bsp/\libhal_bsp.a(alt_main.o)
 .data          0x00082c44        0x0 ../NiosIICountBinary_bsp/\libhal_bsp.a(alt_usleep.o)
 .data          0x00082c44        0x0 ../NiosIICountBinary_bsp/\libhal_bsp.a(alt_write.o)
 .data          0x00082c44       0x2c ../NiosIICountBinary_bsp/\libhal_bsp.a(alt_sys_init.o)
 .data          0x00082c70        0x0 ../NiosIICountBinary_bsp/\libhal_bsp.a(altera_avalon_jtag_uart_fd.o)
 .data          0x00082c70        0x0 ../NiosIICountBinary_bsp/\libhal_bsp.a(altera_avalon_jtag_uart_read.o)
 .data          0x00082c70        0x0 ../NiosIICountBinary_bsp/\libhal_bsp.a(altera_avalon_jtag_uart_write.o)
 .data          0x00082c70        0x0 ../NiosIICountBinary_bsp/\libhal_bsp.a(altera_avalon_timer_sc.o)
 .data          0x00082c70        0x0 ../NiosIICountBinary_bsp/\libhal_bsp.a(alt_busy_sleep.o)
 .data          0x00082c70        0x0 ../NiosIICountBinary_bsp/\libhal_bsp.a(alt_close.o)
 .data          0x00082c70        0x0 ../NiosIICountBinary_bsp/\libhal_bsp.a(alt_dcache_flush_all.o)
 .data          0x00082c70      0x1a8 ../NiosIICountBinary_bsp/\libhal_bsp.a(alt_dev.o)
                0x00082c70                alt_dev_null
                0x00082c98                alt_fd_list
 .data          0x00082e18        0x0 ../NiosIICountBinary_bsp/\libhal_bsp.a(alt_dev_llist_insert.o)
 .data          0x00082e18        0x0 ../NiosIICountBinary_bsp/\libhal_bsp.a(alt_errno.o)
 .data          0x00082e18        0x0 ../NiosIICountBinary_bsp/\libhal_bsp.a(alt_icache_flush_all.o)
 .data          0x00082e18        0x0 ../NiosIICountBinary_bsp/\libhal_bsp.a(alt_iic.o)
 .data          0x00082e18        0x0 ../NiosIICountBinary_bsp/\libhal_bsp.a(alt_iic_isr_register.o)
 .data          0x00082e18        0x0 ../NiosIICountBinary_bsp/\libhal_bsp.a(alt_io_redirect.o)
 .data          0x00082e18        0x0 ../NiosIICountBinary_bsp/\libhal_bsp.a(alt_irq_entry.o)
 .data          0x00082e18        0x0 ../NiosIICountBinary_bsp/\libhal_bsp.a(alt_irq_handler.o)
 .data          0x00082e18        0x0 ../NiosIICountBinary_bsp/\libhal_bsp.a(alt_irq_vars.o)
 .data          0x00082e18        0x0 ../NiosIICountBinary_bsp/\libhal_bsp.a(alt_open.o)
 .data          0x00082e18        0x0 ../NiosIICountBinary_bsp/\libhal_bsp.a(alt_release_fd.o)
 .data          0x00082e18        0x0 ../NiosIICountBinary_bsp/\libhal_bsp.a(alt_tick.o)
 .data          0x00082e18        0x0 ../NiosIICountBinary_bsp/\libhal_bsp.a(altera_nios2_qsys_irq.o)
 .data          0x00082e18        0x0 ../NiosIICountBinary_bsp/\libhal_bsp.a(alt_exception_entry.o)
 .data          0x00082e18        0x0 ../NiosIICountBinary_bsp/\libhal_bsp.a(alt_find_dev.o)
 .data          0x00082e18        0x0 ../NiosIICountBinary_bsp/\libhal_bsp.a(alt_find_file.o)
 .data          0x00082e18        0x0 ../NiosIICountBinary_bsp/\libhal_bsp.a(alt_get_fd.o)
 .data          0x00082e18        0x0 ../NiosIICountBinary_bsp/\libhal_bsp.a(alt_icache_flush.o)
 .data          0x00082e18        0x0 c:/altera/13.0sp1/nios2eds/bin/gnu/h-i686-mingw32/bin/../lib/gcc/nios2-elf/4.1.2/../../../../nios2-elf/lib/mno-hw-mul\libsmallc.a(lib_a-exit.o)
 .data          0x00082e18        0x0 c:/altera/13.0sp1/nios2eds/bin/gnu/h-i686-mingw32/bin/../lib/gcc/nios2-elf/4.1.2/../../../../nios2-elf/lib/mno-hw-mul\libsmallc.a(lib_a-memcmp.o)
 .data          0x00082e18        0x0 c:/altera/13.0sp1/nios2eds/bin/gnu/h-i686-mingw32/bin/../lib/gcc/nios2-elf/4.1.2/../../../../nios2-elf/lib/mno-hw-mul\libsmallc.a(lib_a-__call_atexit.o)
 .data          0x00082e18        0x0 ../NiosIICountBinary_bsp/\libhal_bsp.a(alt_exit.o)
                0x0008ae18                _gp = ABSOLUTE ((. + 0x8000))
                0x0008ae18                PROVIDE (gp, _gp)
 *(.rwdata .rwdata.*)
 *(.sdata .sdata.* .gnu.linkonce.s.*)
 .sdata         0x00082e18        0x8 c:/altera/13.0sp1/nios2eds/bin/gnu/h-i686-mingw32/bin/../lib/gcc/nios2-elf/4.1.2/../../../../nios2-elf/lib/mno-hw-mul\libsmallc.a(lib_a-impure.o)
                0x00082e18                _impure_ptr
                0x00082e1c                _global_impure_ptr
 .sdata         0x00082e20       0x14 ../NiosIICountBinary_bsp/\libhal_bsp.a(alt_dev.o)
                0x00082e20                alt_fs_list
                0x00082e28                alt_dev_list
                0x00082e30                alt_max_fd
 .sdata         0x00082e34        0x4 ../NiosIICountBinary_bsp/\libhal_bsp.a(alt_errno.o)
                0x00082e34                alt_errno
 .sdata         0x00082e38        0x4 ../NiosIICountBinary_bsp/\libhal_bsp.a(alt_irq_vars.o)
                0x00082e38                alt_priority_mask
 .sdata         0x00082e3c        0x8 ../NiosIICountBinary_bsp/\libhal_bsp.a(alt_tick.o)
                0x00082e3c                alt_alarm_list
 *(.sdata2 .sdata2.* .gnu.linkonce.s2.*)
                0x00082e44                . = ALIGN (0x4)
                0x00082e44                _edata = ABSOLUTE (.)
                0x00082e44                PROVIDE (edata, ABSOLUTE (.))
                0x00082e44                PROVIDE (__ram_rwdata_end, ABSOLUTE (.))
                0x00082e44                PROVIDE (__flash_rwdata_start, LOADADDR (.rwdata))

.bss            0x00083124      0x124
                0x00083124                __bss_start = ABSOLUTE (.)
                0x00083124                PROVIDE (__sbss_start, ABSOLUTE (.))
                0x00083124                PROVIDE (___sbss_start, ABSOLUTE (.))
 *(.dynsbss)
 *(.sbss .sbss.* .gnu.linkonce.sb.*)
 .sbss          0x00083124        0x1 obj/default/count_binary.o
 *fill*         0x00083125        0x3 00
 .sbss          0x00083128        0x4 obj/default/count_binary.o
                0x00083128                edge_capture
 .sbss          0x0008312c        0x4 c:/altera/13.0sp1/nios2eds/bin/gnu/h-i686-mingw32/bin/../lib/gcc/nios2-elf/4.1.2/../../../../nios2-elf/lib/mno-hw-mul\libsmallc.a(lib_a-int_errno.o)
                0x0008312c                errno
 .sbss          0x00083130        0xc ../NiosIICountBinary_bsp/\libhal_bsp.a(alt_main.o)
                0x00083130                alt_argc
                0x00083134                alt_argv
                0x00083138                alt_envp
 .sbss          0x0008313c        0x4 ../NiosIICountBinary_bsp/\libhal_bsp.a(alt_irq_vars.o)
                0x0008313c                alt_irq_active
 .sbss          0x00083140        0x8 ../NiosIICountBinary_bsp/\libhal_bsp.a(alt_tick.o)
                0x00083140                _alt_tick_rate
                0x00083144                _alt_nticks
 *(.sbss2 .sbss2.* .gnu.linkonce.sb2.*)
 *(.scommon)
                0x00083148                PROVIDE (__sbss_end, ABSOLUTE (.))
                0x00083148                PROVIDE (___sbss_end, ABSOLUTE (.))
 *(.dynbss)
 *(.bss .bss.* .gnu.linkonce.b.*)
 .bss           0x00083148        0x0 ../NiosIICountBinary_bsp//obj/HAL/src/crt0.o
 .bss           0x00083148        0x0 obj/default/count_binary.o
 .bss           0x00083148        0x0 c:/altera/13.0sp1/nios2eds/bin/gnu/h-i686-mingw32/bin/../lib/gcc/nios2-elf/4.1.2/mno-hw-mul\libgcc.a(lib2-divmod.o)
 .bss           0x00083148        0x0 c:/altera/13.0sp1/nios2eds/bin/gnu/h-i686-mingw32/bin/../lib/gcc/nios2-elf/4.1.2/../../../../nios2-elf/lib/mno-hw-mul\libsmallc.a(lib_a-printf.o)
 .bss           0x00083148        0x0 c:/altera/13.0sp1/nios2eds/bin/gnu/h-i686-mingw32/bin/../lib/gcc/nios2-elf/4.1.2/../../../../nios2-elf/lib/mno-hw-mul\libsmallc.a(lib_a-putchar.o)
 .bss           0x00083148        0x0 c:/altera/13.0sp1/nios2eds/bin/gnu/h-i686-mingw32/bin/../lib/gcc/nios2-elf/4.1.2/../../../../nios2-elf/lib/mno-hw-mul\libsmallc.a(lib_a-puts.o)
 .bss           0x00083148        0x0 c:/altera/13.0sp1/nios2eds/bin/gnu/h-i686-mingw32/bin/../lib/gcc/nios2-elf/4.1.2/../../../../nios2-elf/lib/mno-hw-mul\libsmallc.a(lib_a-strlen.o)
 .bss           0x00083148        0x0 c:/altera/13.0sp1/nios2eds/bin/gnu/h-i686-mingw32/bin/../lib/gcc/nios2-elf/4.1.2/../../../../nios2-elf/lib/mno-hw-mul\libsmallc.a(lib_a-vfprintf.o)
 .bss           0x00083148        0x0 c:/altera/13.0sp1/nios2eds/bin/gnu/h-i686-mingw32/bin/../lib/gcc/nios2-elf/4.1.2/../../../../nios2-elf/lib/mno-hw-mul\libsmallc.a(lib_a-fvwrite_small_dev.o)
 .bss           0x00083148        0x0 c:/altera/13.0sp1/nios2eds/bin/gnu/h-i686-mingw32/bin/../lib/gcc/nios2-elf/4.1.2/../../../../nios2-elf/lib/mno-hw-mul\libsmallc.a(lib_a-impure.o)
 .bss           0x00083148        0x0 c:/altera/13.0sp1/nios2eds/bin/gnu/h-i686-mingw32/bin/../lib/gcc/nios2-elf/4.1.2/../../../../nios2-elf/lib/mno-hw-mul\libsmallc.a(lib_a-putc.o)
 .bss           0x00083148        0x0 c:/altera/13.0sp1/nios2eds/bin/gnu/h-i686-mingw32/bin/../lib/gcc/nios2-elf/4.1.2/../../../../nios2-elf/lib/mno-hw-mul\libsmallc.a(lib_a-writer.o)
 .bss           0x00083148        0x0 c:/altera/13.0sp1/nios2eds/bin/gnu/h-i686-mingw32/bin/../lib/gcc/nios2-elf/4.1.2/../../../../nios2-elf/lib/mno-hw-mul\libsmallc.a(lib_a-int_errno.o)
 .bss           0x00083148        0x0 c:/altera/13.0sp1/nios2eds/bin/gnu/h-i686-mingw32/bin/../lib/gcc/nios2-elf/4.1.2/mno-hw-mul\libgcc.a(lib2-mul.o)
 .bss           0x00083148        0x0 ../NiosIICountBinary_bsp/\libhal_bsp.a(alt_load.o)
 .bss           0x00083148        0x0 ../NiosIICountBinary_bsp/\libhal_bsp.a(alt_main.o)
 .bss           0x00083148        0x0 ../NiosIICountBinary_bsp/\libhal_bsp.a(alt_usleep.o)
 .bss           0x00083148        0x0 ../NiosIICountBinary_bsp/\libhal_bsp.a(alt_write.o)
 .bss           0x00083148        0x0 ../NiosIICountBinary_bsp/\libhal_bsp.a(alt_sys_init.o)
 .bss           0x00083148        0x0 ../NiosIICountBinary_bsp/\libhal_bsp.a(altera_avalon_jtag_uart_fd.o)
 .bss           0x00083148        0x0 ../NiosIICountBinary_bsp/\libhal_bsp.a(altera_avalon_jtag_uart_read.o)
 .bss           0x00083148        0x0 ../NiosIICountBinary_bsp/\libhal_bsp.a(altera_avalon_jtag_uart_write.o)
 .bss           0x00083148        0x0 ../NiosIICountBinary_bsp/\libhal_bsp.a(altera_avalon_timer_sc.o)
 .bss           0x00083148        0x0 ../NiosIICountBinary_bsp/\libhal_bsp.a(alt_busy_sleep.o)
 .bss           0x00083148        0x0 ../NiosIICountBinary_bsp/\libhal_bsp.a(alt_close.o)
 .bss           0x00083148        0x0 ../NiosIICountBinary_bsp/\libhal_bsp.a(alt_dcache_flush_all.o)
 .bss           0x00083148        0x0 ../NiosIICountBinary_bsp/\libhal_bsp.a(alt_dev.o)
 .bss           0x00083148        0x0 ../NiosIICountBinary_bsp/\libhal_bsp.a(alt_dev_llist_insert.o)
 .bss           0x00083148        0x0 ../NiosIICountBinary_bsp/\libhal_bsp.a(alt_errno.o)
 .bss           0x00083148        0x0 ../NiosIICountBinary_bsp/\libhal_bsp.a(alt_icache_flush_all.o)
 .bss           0x00083148        0x0 ../NiosIICountBinary_bsp/\libhal_bsp.a(alt_iic.o)
 .bss           0x00083148        0x0 ../NiosIICountBinary_bsp/\libhal_bsp.a(alt_iic_isr_register.o)
 .bss           0x00083148        0x0 ../NiosIICountBinary_bsp/\libhal_bsp.a(alt_io_redirect.o)
 .bss           0x00083148        0x0 ../NiosIICountBinary_bsp/\libhal_bsp.a(alt_irq_entry.o)
 .bss           0x00083148        0x0 ../NiosIICountBinary_bsp/\libhal_bsp.a(alt_irq_handler.o)
 .bss           0x00083148        0x0 ../NiosIICountBinary_bsp/\libhal_bsp.a(alt_irq_vars.o)
 .bss           0x00083148        0x0 ../NiosIICountBinary_bsp/\libhal_bsp.a(alt_open.o)
 .bss           0x00083148        0x0 ../NiosIICountBinary_bsp/\libhal_bsp.a(alt_release_fd.o)
 .bss           0x00083148        0x0 ../NiosIICountBinary_bsp/\libhal_bsp.a(alt_tick.o)
 .bss           0x00083148        0x0 ../NiosIICountBinary_bsp/\libhal_bsp.a(altera_nios2_qsys_irq.o)
 .bss           0x00083148        0x0 ../NiosIICountBinary_bsp/\libhal_bsp.a(alt_exception_entry.o)
 .bss           0x00083148        0x0 ../NiosIICountBinary_bsp/\libhal_bsp.a(alt_find_dev.o)
 .bss           0x00083148        0x0 ../NiosIICountBinary_bsp/\libhal_bsp.a(alt_find_file.o)
 .bss           0x00083148        0x0 ../NiosIICountBinary_bsp/\libhal_bsp.a(alt_get_fd.o)
 .bss           0x00083148        0x0 ../NiosIICountBinary_bsp/\libhal_bsp.a(alt_icache_flush.o)
 .bss           0x00083148        0x0 c:/altera/13.0sp1/nios2eds/bin/gnu/h-i686-mingw32/bin/../lib/gcc/nios2-elf/4.1.2/../../../../nios2-elf/lib/mno-hw-mul\libsmallc.a(lib_a-exit.o)
 .bss           0x00083148        0x0 c:/altera/13.0sp1/nios2eds/bin/gnu/h-i686-mingw32/bin/../lib/gcc/nios2-elf/4.1.2/../../../../nios2-elf/lib/mno-hw-mul\libsmallc.a(lib_a-memcmp.o)
 .bss           0x00083148        0x0 c:/altera/13.0sp1/nios2eds/bin/gnu/h-i686-mingw32/bin/../lib/gcc/nios2-elf/4.1.2/../../../../nios2-elf/lib/mno-hw-mul\libsmallc.a(lib_a-__call_atexit.o)
 .bss           0x00083148        0x0 ../NiosIICountBinary_bsp/\libhal_bsp.a(alt_exit.o)
 *(COMMON)
 COMMON         0x00083148      0x100 ../NiosIICountBinary_bsp/\libhal_bsp.a(alt_irq_handler.o)
                0x00083148                alt_irq
                0x00083248                . = ALIGN (0x4)
                0x00083248                __bss_end = ABSOLUTE (.)

.sram           0x000001b4        0x0 load address 0x00083248
                0x000001b4                PROVIDE (_alt_partition_sram_start, ABSOLUTE (.))
 *(.sram. sram.*)
                0x000001b4                . = ALIGN (0x4)
                0x000001b4                PROVIDE (_alt_partition_sram_end, ABSOLUTE (.))
                0x00083248                PROVIDE (_alt_partition_sram_load_addr, LOADADDR (.sram))

.onchip_mem     0x00083248        0x0
                0x00083248                PROVIDE (_alt_partition_onchip_mem_start, ABSOLUTE (.))
 *(.onchip_mem. onchip_mem.*)
                0x00083248                . = ALIGN (0x4)
                0x00083248                PROVIDE (_alt_partition_onchip_mem_end, ABSOLUTE (.))
                0x00083248                _end = ABSOLUTE (.)
                0x00083248                end = ABSOLUTE (.)
                0x00083248                __alt_stack_base = ABSOLUTE (.)
                0x00083248                PROVIDE (_alt_partition_onchip_mem_load_addr, LOADADDR (.onchip_mem))

.stab
 *(.stab)

.stabstr
 *(.stabstr)

.stab.excl
 *(.stab.excl)

.stab.exclstr
 *(.stab.exclstr)

.stab.index
 *(.stab.index)

.stab.indexstr
 *(.stab.indexstr)

.comment        0x00000000       0x26
 *(.comment)
 .comment       0x00000000       0x26 obj/default/count_binary.o
                                 0x27 (size before relaxing)
 .comment       0x00000000       0x27 c:/altera/13.0sp1/nios2eds/bin/gnu/h-i686-mingw32/bin/../lib/gcc/nios2-elf/4.1.2/mno-hw-mul\libgcc.a(lib2-divmod.o)
 .comment       0x00000000       0x27 c:/altera/13.0sp1/nios2eds/bin/gnu/h-i686-mingw32/bin/../lib/gcc/nios2-elf/4.1.2/../../../../nios2-elf/lib/mno-hw-mul\libsmallc.a(lib_a-printf.o)
 .comment       0x00000000       0x27 c:/altera/13.0sp1/nios2eds/bin/gnu/h-i686-mingw32/bin/../lib/gcc/nios2-elf/4.1.2/../../../../nios2-elf/lib/mno-hw-mul\libsmallc.a(lib_a-putchar.o)
 .comment       0x00000000       0x27 c:/altera/13.0sp1/nios2eds/bin/gnu/h-i686-mingw32/bin/../lib/gcc/nios2-elf/4.1.2/../../../../nios2-elf/lib/mno-hw-mul\libsmallc.a(lib_a-puts.o)
 .comment       0x00000000       0x27 c:/altera/13.0sp1/nios2eds/bin/gnu/h-i686-mingw32/bin/../lib/gcc/nios2-elf/4.1.2/../../../../nios2-elf/lib/mno-hw-mul\libsmallc.a(lib_a-strlen.o)
 .comment       0x00000000       0x27 c:/altera/13.0sp1/nios2eds/bin/gnu/h-i686-mingw32/bin/../lib/gcc/nios2-elf/4.1.2/../../../../nios2-elf/lib/mno-hw-mul\libsmallc.a(lib_a-vfprintf.o)
 .comment       0x00000000       0x27 c:/altera/13.0sp1/nios2eds/bin/gnu/h-i686-mingw32/bin/../lib/gcc/nios2-elf/4.1.2/../../../../nios2-elf/lib/mno-hw-mul\libsmallc.a(lib_a-fvwrite_small_dev.o)
 .comment       0x00000000       0x27 c:/altera/13.0sp1/nios2eds/bin/gnu/h-i686-mingw32/bin/../lib/gcc/nios2-elf/4.1.2/../../../../nios2-elf/lib/mno-hw-mul\libsmallc.a(lib_a-impure.o)
 .comment       0x00000000       0x27 c:/altera/13.0sp1/nios2eds/bin/gnu/h-i686-mingw32/bin/../lib/gcc/nios2-elf/4.1.2/../../../../nios2-elf/lib/mno-hw-mul\libsmallc.a(lib_a-putc.o)
 .comment       0x00000000       0x27 c:/altera/13.0sp1/nios2eds/bin/gnu/h-i686-mingw32/bin/../lib/gcc/nios2-elf/4.1.2/../../../../nios2-elf/lib/mno-hw-mul\libsmallc.a(lib_a-writer.o)
 .comment       0x00000000       0x27 c:/altera/13.0sp1/nios2eds/bin/gnu/h-i686-mingw32/bin/../lib/gcc/nios2-elf/4.1.2/../../../../nios2-elf/lib/mno-hw-mul\libsmallc.a(lib_a-int_errno.o)
 .comment       0x00000000       0x27 c:/altera/13.0sp1/nios2eds/bin/gnu/h-i686-mingw32/bin/../lib/gcc/nios2-elf/4.1.2/mno-hw-mul\libgcc.a(lib2-mul.o)
 .comment       0x00000000       0x27 ../NiosIICountBinary_bsp/\libhal_bsp.a(alt_load.o)
 .comment       0x00000000       0x27 ../NiosIICountBinary_bsp/\libhal_bsp.a(alt_main.o)
 .comment       0x00000000       0x27 ../NiosIICountBinary_bsp/\libhal_bsp.a(alt_usleep.o)
 .comment       0x00000000       0x27 ../NiosIICountBinary_bsp/\libhal_bsp.a(alt_write.o)
 .comment       0x00000000       0x27 ../NiosIICountBinary_bsp/\libhal_bsp.a(alt_sys_init.o)
 .comment       0x00000000       0x27 ../NiosIICountBinary_bsp/\libhal_bsp.a(altera_avalon_jtag_uart_fd.o)
 .comment       0x00000000       0x27 ../NiosIICountBinary_bsp/\libhal_bsp.a(altera_avalon_jtag_uart_read.o)
 .comment       0x00000000       0x27 ../NiosIICountBinary_bsp/\libhal_bsp.a(altera_avalon_jtag_uart_write.o)
 .comment       0x00000000       0x27 ../NiosIICountBinary_bsp/\libhal_bsp.a(altera_avalon_timer_sc.o)
 .comment       0x00000000       0x27 ../NiosIICountBinary_bsp/\libhal_bsp.a(alt_busy_sleep.o)
 .comment       0x00000000       0x27 ../NiosIICountBinary_bsp/\libhal_bsp.a(alt_close.o)
 .comment       0x00000000       0x27 ../NiosIICountBinary_bsp/\libhal_bsp.a(alt_dcache_flush_all.o)
 .comment       0x00000000       0x27 ../NiosIICountBinary_bsp/\libhal_bsp.a(alt_dev.o)
 .comment       0x00000000       0x27 ../NiosIICountBinary_bsp/\libhal_bsp.a(alt_dev_llist_insert.o)
 .comment       0x00000000       0x27 ../NiosIICountBinary_bsp/\libhal_bsp.a(alt_errno.o)
 .comment       0x00000000       0x27 ../NiosIICountBinary_bsp/\libhal_bsp.a(alt_icache_flush_all.o)
 .comment       0x00000000       0x27 ../NiosIICountBinary_bsp/\libhal_bsp.a(alt_iic.o)
 .comment       0x00000000       0x27 ../NiosIICountBinary_bsp/\libhal_bsp.a(alt_iic_isr_register.o)
 .comment       0x00000000       0x27 ../NiosIICountBinary_bsp/\libhal_bsp.a(alt_io_redirect.o)
 .comment       0x00000000       0x27 ../NiosIICountBinary_bsp/\libhal_bsp.a(alt_irq_handler.o)
 .comment       0x00000000       0x27 ../NiosIICountBinary_bsp/\libhal_bsp.a(alt_irq_vars.o)
 .comment       0x00000000       0x27 ../NiosIICountBinary_bsp/\libhal_bsp.a(alt_open.o)
 .comment       0x00000000       0x27 ../NiosIICountBinary_bsp/\libhal_bsp.a(alt_release_fd.o)
 .comment       0x00000000       0x27 ../NiosIICountBinary_bsp/\libhal_bsp.a(alt_tick.o)
 .comment       0x00000000       0x27 ../NiosIICountBinary_bsp/\libhal_bsp.a(altera_nios2_qsys_irq.o)
 .comment       0x00000000       0x27 ../NiosIICountBinary_bsp/\libhal_bsp.a(alt_find_dev.o)
 .comment       0x00000000       0x27 ../NiosIICountBinary_bsp/\libhal_bsp.a(alt_find_file.o)
 .comment       0x00000000       0x27 ../NiosIICountBinary_bsp/\libhal_bsp.a(alt_get_fd.o)
 .comment       0x00000000       0x27 ../NiosIICountBinary_bsp/\libhal_bsp.a(alt_icache_flush.o)
 .comment       0x00000000       0x27 c:/altera/13.0sp1/nios2eds/bin/gnu/h-i686-mingw32/bin/../lib/gcc/nios2-elf/4.1.2/../../../../nios2-elf/lib/mno-hw-mul\libsmallc.a(lib_a-exit.o)
 .comment       0x00000000       0x27 c:/altera/13.0sp1/nios2eds/bin/gnu/h-i686-mingw32/bin/../lib/gcc/nios2-elf/4.1.2/../../../../nios2-elf/lib/mno-hw-mul\libsmallc.a(lib_a-memcmp.o)
 .comment       0x00000000       0x27 c:/altera/13.0sp1/nios2eds/bin/gnu/h-i686-mingw32/bin/../lib/gcc/nios2-elf/4.1.2/../../../../nios2-elf/lib/mno-hw-mul\libsmallc.a(lib_a-__call_atexit.o)
 .comment       0x00000000       0x27 ../NiosIICountBinary_bsp/\libhal_bsp.a(alt_exit.o)

.debug
 *(.debug)

.line
 *(.line)

.debug_srcinfo
 *(.debug_srcinfo)

.debug_sfnames
 *(.debug_sfnames)

.debug_aranges  0x00000000      0x5d8
 *(.debug_aranges)
 .debug_aranges
                0x00000000       0x28 ../NiosIICountBinary_bsp//obj/HAL/src/crt0.o
 .debug_aranges
                0x00000028       0x20 obj/default/count_binary.o
 .debug_aranges
                0x00000048       0x20 c:/altera/13.0sp1/nios2eds/bin/gnu/h-i686-mingw32/bin/../lib/gcc/nios2-elf/4.1.2/mno-hw-mul\libgcc.a(lib2-divmod.o)
 .debug_aranges
                0x00000068       0x20 c:/altera/13.0sp1/nios2eds/bin/gnu/h-i686-mingw32/bin/../lib/gcc/nios2-elf/4.1.2/../../../../nios2-elf/lib/mno-hw-mul\libsmallc.a(lib_a-printf.o)
 .debug_aranges
                0x00000088       0x20 c:/altera/13.0sp1/nios2eds/bin/gnu/h-i686-mingw32/bin/../lib/gcc/nios2-elf/4.1.2/../../../../nios2-elf/lib/mno-hw-mul\libsmallc.a(lib_a-putchar.o)
 .debug_aranges
                0x000000a8       0x20 c:/altera/13.0sp1/nios2eds/bin/gnu/h-i686-mingw32/bin/../lib/gcc/nios2-elf/4.1.2/../../../../nios2-elf/lib/mno-hw-mul\libsmallc.a(lib_a-puts.o)
 .debug_aranges
                0x000000c8       0x20 c:/altera/13.0sp1/nios2eds/bin/gnu/h-i686-mingw32/bin/../lib/gcc/nios2-elf/4.1.2/../../../../nios2-elf/lib/mno-hw-mul\libsmallc.a(lib_a-strlen.o)
 .debug_aranges
                0x000000e8       0x20 c:/altera/13.0sp1/nios2eds/bin/gnu/h-i686-mingw32/bin/../lib/gcc/nios2-elf/4.1.2/../../../../nios2-elf/lib/mno-hw-mul\libsmallc.a(lib_a-vfprintf.o)
 .debug_aranges
                0x00000108       0x20 c:/altera/13.0sp1/nios2eds/bin/gnu/h-i686-mingw32/bin/../lib/gcc/nios2-elf/4.1.2/../../../../nios2-elf/lib/mno-hw-mul\libsmallc.a(lib_a-fvwrite_small_dev.o)
 .debug_aranges
                0x00000128       0x20 c:/altera/13.0sp1/nios2eds/bin/gnu/h-i686-mingw32/bin/../lib/gcc/nios2-elf/4.1.2/../../../../nios2-elf/lib/mno-hw-mul\libsmallc.a(lib_a-putc.o)
 .debug_aranges
                0x00000148       0x20 c:/altera/13.0sp1/nios2eds/bin/gnu/h-i686-mingw32/bin/../lib/gcc/nios2-elf/4.1.2/../../../../nios2-elf/lib/mno-hw-mul\libsmallc.a(lib_a-writer.o)
 .debug_aranges
                0x00000168       0x20 c:/altera/13.0sp1/nios2eds/bin/gnu/h-i686-mingw32/bin/../lib/gcc/nios2-elf/4.1.2/mno-hw-mul\libgcc.a(lib2-mul.o)
 .debug_aranges
                0x00000188       0x20 ../NiosIICountBinary_bsp/\libhal_bsp.a(alt_load.o)
 .debug_aranges
                0x000001a8       0x20 ../NiosIICountBinary_bsp/\libhal_bsp.a(alt_main.o)
 .debug_aranges
                0x000001c8       0x20 ../NiosIICountBinary_bsp/\libhal_bsp.a(alt_usleep.o)
 .debug_aranges
                0x000001e8       0x20 ../NiosIICountBinary_bsp/\libhal_bsp.a(alt_write.o)
 .debug_aranges
                0x00000208       0x20 ../NiosIICountBinary_bsp/\libhal_bsp.a(alt_sys_init.o)
 .debug_aranges
                0x00000228       0x20 ../NiosIICountBinary_bsp/\libhal_bsp.a(altera_avalon_jtag_uart_fd.o)
 .debug_aranges
                0x00000248       0x20 ../NiosIICountBinary_bsp/\libhal_bsp.a(altera_avalon_jtag_uart_read.o)
 .debug_aranges
                0x00000268       0x20 ../NiosIICountBinary_bsp/\libhal_bsp.a(altera_avalon_jtag_uart_write.o)
 .debug_aranges
                0x00000288       0x20 ../NiosIICountBinary_bsp/\libhal_bsp.a(altera_avalon_timer_sc.o)
 .debug_aranges
                0x000002a8       0x20 ../NiosIICountBinary_bsp/\libhal_bsp.a(alt_busy_sleep.o)
 .debug_aranges
                0x000002c8       0x20 ../NiosIICountBinary_bsp/\libhal_bsp.a(alt_close.o)
 .debug_aranges
                0x000002e8       0x20 ../NiosIICountBinary_bsp/\libhal_bsp.a(alt_dcache_flush_all.o)
 .debug_aranges
                0x00000308       0x20 ../NiosIICountBinary_bsp/\libhal_bsp.a(alt_dev.o)
 .debug_aranges
                0x00000328       0x20 ../NiosIICountBinary_bsp/\libhal_bsp.a(alt_dev_llist_insert.o)
 .debug_aranges
                0x00000348       0x20 ../NiosIICountBinary_bsp/\libhal_bsp.a(alt_icache_flush_all.o)
 .debug_aranges
                0x00000368       0x20 ../NiosIICountBinary_bsp/\libhal_bsp.a(alt_iic.o)
 .debug_aranges
                0x00000388       0x20 ../NiosIICountBinary_bsp/\libhal_bsp.a(alt_iic_isr_register.o)
 .debug_aranges
                0x000003a8       0x20 ../NiosIICountBinary_bsp/\libhal_bsp.a(alt_io_redirect.o)
 .debug_aranges
                0x000003c8       0x30 ../NiosIICountBinary_bsp/\libhal_bsp.a(alt_irq_entry.o)
 .debug_aranges
                0x000003f8       0x28 ../NiosIICountBinary_bsp/\libhal_bsp.a(alt_irq_handler.o)
 .debug_aranges
                0x00000420       0x20 ../NiosIICountBinary_bsp/\libhal_bsp.a(alt_open.o)
 .debug_aranges
                0x00000440       0x20 ../NiosIICountBinary_bsp/\libhal_bsp.a(alt_release_fd.o)
 .debug_aranges
                0x00000460       0x20 ../NiosIICountBinary_bsp/\libhal_bsp.a(alt_tick.o)
 .debug_aranges
                0x00000480       0x20 ../NiosIICountBinary_bsp/\libhal_bsp.a(altera_nios2_qsys_irq.o)
 .debug_aranges
                0x000004a0       0x38 ../NiosIICountBinary_bsp/\libhal_bsp.a(alt_exception_entry.o)
 .debug_aranges
                0x000004d8       0x20 ../NiosIICountBinary_bsp/\libhal_bsp.a(alt_find_dev.o)
 .debug_aranges
                0x000004f8       0x20 ../NiosIICountBinary_bsp/\libhal_bsp.a(alt_find_file.o)
 .debug_aranges
                0x00000518       0x20 ../NiosIICountBinary_bsp/\libhal_bsp.a(alt_get_fd.o)
 .debug_aranges
                0x00000538       0x20 ../NiosIICountBinary_bsp/\libhal_bsp.a(alt_icache_flush.o)
 .debug_aranges
                0x00000558       0x20 c:/altera/13.0sp1/nios2eds/bin/gnu/h-i686-mingw32/bin/../lib/gcc/nios2-elf/4.1.2/../../../../nios2-elf/lib/mno-hw-mul\libsmallc.a(lib_a-exit.o)
 .debug_aranges
                0x00000578       0x20 c:/altera/13.0sp1/nios2eds/bin/gnu/h-i686-mingw32/bin/../lib/gcc/nios2-elf/4.1.2/../../../../nios2-elf/lib/mno-hw-mul\libsmallc.a(lib_a-memcmp.o)
 .debug_aranges
                0x00000598       0x20 c:/altera/13.0sp1/nios2eds/bin/gnu/h-i686-mingw32/bin/../lib/gcc/nios2-elf/4.1.2/../../../../nios2-elf/lib/mno-hw-mul\libsmallc.a(lib_a-__call_atexit.o)
 .debug_aranges
                0x000005b8       0x20 ../NiosIICountBinary_bsp/\libhal_bsp.a(alt_exit.o)

.debug_pubnames
                0x00000000      0x851
 *(.debug_pubnames)
 .debug_pubnames
                0x00000000       0x2c obj/default/count_binary.o
 .debug_pubnames
                0x0000002c       0x48 c:/altera/13.0sp1/nios2eds/bin/gnu/h-i686-mingw32/bin/../lib/gcc/nios2-elf/4.1.2/mno-hw-mul\libgcc.a(lib2-divmod.o)
 .debug_pubnames
                0x00000074       0x2b c:/altera/13.0sp1/nios2eds/bin/gnu/h-i686-mingw32/bin/../lib/gcc/nios2-elf/4.1.2/../../../../nios2-elf/lib/mno-hw-mul\libsmallc.a(lib_a-printf.o)
 .debug_pubnames
                0x0000009f       0x2d c:/altera/13.0sp1/nios2eds/bin/gnu/h-i686-mingw32/bin/../lib/gcc/nios2-elf/4.1.2/../../../../nios2-elf/lib/mno-hw-mul\libsmallc.a(lib_a-putchar.o)
 .debug_pubnames
                0x000000cc       0x27 c:/altera/13.0sp1/nios2eds/bin/gnu/h-i686-mingw32/bin/../lib/gcc/nios2-elf/4.1.2/../../../../nios2-elf/lib/mno-hw-mul\libsmallc.a(lib_a-puts.o)
 .debug_pubnames
                0x000000f3       0x1d c:/altera/13.0sp1/nios2eds/bin/gnu/h-i686-mingw32/bin/../lib/gcc/nios2-elf/4.1.2/../../../../nios2-elf/lib/mno-hw-mul\libsmallc.a(lib_a-strlen.o)
 .debug_pubnames
                0x00000110       0x45 c:/altera/13.0sp1/nios2eds/bin/gnu/h-i686-mingw32/bin/../lib/gcc/nios2-elf/4.1.2/../../../../nios2-elf/lib/mno-hw-mul\libsmallc.a(lib_a-vfprintf.o)
 .debug_pubnames
                0x00000155       0x2b c:/altera/13.0sp1/nios2eds/bin/gnu/h-i686-mingw32/bin/../lib/gcc/nios2-elf/4.1.2/../../../../nios2-elf/lib/mno-hw-mul\libsmallc.a(lib_a-fvwrite_small_dev.o)
 .debug_pubnames
                0x00000180       0x39 c:/altera/13.0sp1/nios2eds/bin/gnu/h-i686-mingw32/bin/../lib/gcc/nios2-elf/4.1.2/../../../../nios2-elf/lib/mno-hw-mul\libsmallc.a(lib_a-impure.o)
 .debug_pubnames
                0x000001b9       0x27 c:/altera/13.0sp1/nios2eds/bin/gnu/h-i686-mingw32/bin/../lib/gcc/nios2-elf/4.1.2/../../../../nios2-elf/lib/mno-hw-mul\libsmallc.a(lib_a-putc.o)
 .debug_pubnames
                0x000001e0       0x1f c:/altera/13.0sp1/nios2eds/bin/gnu/h-i686-mingw32/bin/../lib/gcc/nios2-elf/4.1.2/../../../../nios2-elf/lib/mno-hw-mul\libsmallc.a(lib_a-writer.o)
 .debug_pubnames
                0x000001ff       0x1c c:/altera/13.0sp1/nios2eds/bin/gnu/h-i686-mingw32/bin/../lib/gcc/nios2-elf/4.1.2/../../../../nios2-elf/lib/mno-hw-mul\libsmallc.a(lib_a-int_errno.o)
 .debug_pubnames
                0x0000021b       0x1f c:/altera/13.0sp1/nios2eds/bin/gnu/h-i686-mingw32/bin/../lib/gcc/nios2-elf/4.1.2/mno-hw-mul\libgcc.a(lib2-mul.o)
 .debug_pubnames
                0x0000023a       0x1f ../NiosIICountBinary_bsp/\libhal_bsp.a(alt_load.o)
 .debug_pubnames
                0x00000259       0x46 ../NiosIICountBinary_bsp/\libhal_bsp.a(alt_main.o)
 .debug_pubnames
                0x0000029f       0x1d ../NiosIICountBinary_bsp/\libhal_bsp.a(alt_usleep.o)
 .debug_pubnames
                0x000002bc       0x1c ../NiosIICountBinary_bsp/\libhal_bsp.a(alt_write.o)
 .debug_pubnames
                0x000002d8       0x34 ../NiosIICountBinary_bsp/\libhal_bsp.a(alt_sys_init.o)
 .debug_pubnames
                0x0000030c       0x5b ../NiosIICountBinary_bsp/\libhal_bsp.a(altera_avalon_jtag_uart_fd.o)
 .debug_pubnames
                0x00000367       0x33 ../NiosIICountBinary_bsp/\libhal_bsp.a(altera_avalon_jtag_uart_read.o)
 .debug_pubnames
                0x0000039a       0x34 ../NiosIICountBinary_bsp/\libhal_bsp.a(altera_avalon_jtag_uart_write.o)
 .debug_pubnames
                0x000003ce       0x2f ../NiosIICountBinary_bsp/\libhal_bsp.a(altera_avalon_timer_sc.o)
 .debug_pubnames
                0x000003fd       0x25 ../NiosIICountBinary_bsp/\libhal_bsp.a(alt_busy_sleep.o)
 .debug_pubnames
                0x00000422       0x1c ../NiosIICountBinary_bsp/\libhal_bsp.a(alt_close.o)
 .debug_pubnames
                0x0000043e       0x2b ../NiosIICountBinary_bsp/\libhal_bsp.a(alt_dcache_flush_all.o)
 .debug_pubnames
                0x00000469       0x63 ../NiosIICountBinary_bsp/\libhal_bsp.a(alt_dev.o)
 .debug_pubnames
                0x000004cc       0x2b ../NiosIICountBinary_bsp/\libhal_bsp.a(alt_dev_llist_insert.o)
 .debug_pubnames
                0x000004f7       0x20 ../NiosIICountBinary_bsp/\libhal_bsp.a(alt_errno.o)
 .debug_pubnames
                0x00000517       0x2b ../NiosIICountBinary_bsp/\libhal_bsp.a(alt_icache_flush_all.o)
 .debug_pubnames
                0x00000542       0x6e ../NiosIICountBinary_bsp/\libhal_bsp.a(alt_iic.o)
 .debug_pubnames
                0x000005b0       0x2b ../NiosIICountBinary_bsp/\libhal_bsp.a(alt_iic_isr_register.o)
 .debug_pubnames
                0x000005db       0x26 ../NiosIICountBinary_bsp/\libhal_bsp.a(alt_io_redirect.o)
 .debug_pubnames
                0x00000601       0x32 ../NiosIICountBinary_bsp/\libhal_bsp.a(alt_irq_handler.o)
 .debug_pubnames
                0x00000633       0x3b ../NiosIICountBinary_bsp/\libhal_bsp.a(alt_irq_vars.o)
 .debug_pubnames
                0x0000066e       0x1b ../NiosIICountBinary_bsp/\libhal_bsp.a(alt_open.o)
 .debug_pubnames
                0x00000689       0x25 ../NiosIICountBinary_bsp/\libhal_bsp.a(alt_release_fd.o)
 .debug_pubnames
                0x000006ae       0x68 ../NiosIICountBinary_bsp/\libhal_bsp.a(alt_tick.o)
 .debug_pubnames
                0x00000716       0x31 ../NiosIICountBinary_bsp/\libhal_bsp.a(altera_nios2_qsys_irq.o)
 .debug_pubnames
                0x00000747       0x23 ../NiosIICountBinary_bsp/\libhal_bsp.a(alt_find_dev.o)
 .debug_pubnames
                0x0000076a       0x24 ../NiosIICountBinary_bsp/\libhal_bsp.a(alt_find_file.o)
 .debug_pubnames
                0x0000078e       0x21 ../NiosIICountBinary_bsp/\libhal_bsp.a(alt_get_fd.o)
 .debug_pubnames
                0x000007af       0x27 ../NiosIICountBinary_bsp/\libhal_bsp.a(alt_icache_flush.o)
 .debug_pubnames
                0x000007d6       0x1b c:/altera/13.0sp1/nios2eds/bin/gnu/h-i686-mingw32/bin/../lib/gcc/nios2-elf/4.1.2/../../../../nios2-elf/lib/mno-hw-mul\libsmallc.a(lib_a-exit.o)
 .debug_pubnames
                0x000007f1       0x1d c:/altera/13.0sp1/nios2eds/bin/gnu/h-i686-mingw32/bin/../lib/gcc/nios2-elf/4.1.2/../../../../nios2-elf/lib/mno-hw-mul\libsmallc.a(lib_a-memcmp.o)
 .debug_pubnames
                0x0000080e       0x27 c:/altera/13.0sp1/nios2eds/bin/gnu/h-i686-mingw32/bin/../lib/gcc/nios2-elf/4.1.2/../../../../nios2-elf/lib/mno-hw-mul\libsmallc.a(lib_a-__call_atexit.o)
 .debug_pubnames
                0x00000835       0x1c ../NiosIICountBinary_bsp/\libhal_bsp.a(alt_exit.o)

.debug_info     0x00000000     0xbed7
 *(.debug_info .gnu.linkonce.wi.*)
 .debug_info    0x00000000       0xaa ../NiosIICountBinary_bsp//obj/HAL/src/crt0.o
 .debug_info    0x000000aa      0xdac obj/default/count_binary.o
 .debug_info    0x00000e56      0x21c c:/altera/13.0sp1/nios2eds/bin/gnu/h-i686-mingw32/bin/../lib/gcc/nios2-elf/4.1.2/mno-hw-mul\libgcc.a(lib2-divmod.o)
 .debug_info    0x00001072      0x6c8 c:/altera/13.0sp1/nios2eds/bin/gnu/h-i686-mingw32/bin/../lib/gcc/nios2-elf/4.1.2/../../../../nios2-elf/lib/mno-hw-mul\libsmallc.a(lib_a-printf.o)
 .debug_info    0x0000173a      0x66b c:/altera/13.0sp1/nios2eds/bin/gnu/h-i686-mingw32/bin/../lib/gcc/nios2-elf/4.1.2/../../../../nios2-elf/lib/mno-hw-mul\libsmallc.a(lib_a-putchar.o)
 .debug_info    0x00001da5      0x685 c:/altera/13.0sp1/nios2eds/bin/gnu/h-i686-mingw32/bin/../lib/gcc/nios2-elf/4.1.2/../../../../nios2-elf/lib/mno-hw-mul\libsmallc.a(lib_a-puts.o)
 .debug_info    0x0000242a       0xc2 c:/altera/13.0sp1/nios2eds/bin/gnu/h-i686-mingw32/bin/../lib/gcc/nios2-elf/4.1.2/../../../../nios2-elf/lib/mno-hw-mul\libsmallc.a(lib_a-strlen.o)
 .debug_info    0x000024ec      0x9b6 c:/altera/13.0sp1/nios2eds/bin/gnu/h-i686-mingw32/bin/../lib/gcc/nios2-elf/4.1.2/../../../../nios2-elf/lib/mno-hw-mul\libsmallc.a(lib_a-vfprintf.o)
 .debug_info    0x00002ea2      0x68e c:/altera/13.0sp1/nios2eds/bin/gnu/h-i686-mingw32/bin/../lib/gcc/nios2-elf/4.1.2/../../../../nios2-elf/lib/mno-hw-mul\libsmallc.a(lib_a-fvwrite_small_dev.o)
 .debug_info    0x00003530      0x636 c:/altera/13.0sp1/nios2eds/bin/gnu/h-i686-mingw32/bin/../lib/gcc/nios2-elf/4.1.2/../../../../nios2-elf/lib/mno-hw-mul\libsmallc.a(lib_a-impure.o)
 .debug_info    0x00003b66      0x6b8 c:/altera/13.0sp1/nios2eds/bin/gnu/h-i686-mingw32/bin/../lib/gcc/nios2-elf/4.1.2/../../../../nios2-elf/lib/mno-hw-mul\libsmallc.a(lib_a-putc.o)
 .debug_info    0x0000421e      0x68c c:/altera/13.0sp1/nios2eds/bin/gnu/h-i686-mingw32/bin/../lib/gcc/nios2-elf/4.1.2/../../../../nios2-elf/lib/mno-hw-mul\libsmallc.a(lib_a-writer.o)
 .debug_info    0x000048aa       0x8c c:/altera/13.0sp1/nios2eds/bin/gnu/h-i686-mingw32/bin/../lib/gcc/nios2-elf/4.1.2/../../../../nios2-elf/lib/mno-hw-mul\libsmallc.a(lib_a-int_errno.o)
 .debug_info    0x00004936       0xf3 c:/altera/13.0sp1/nios2eds/bin/gnu/h-i686-mingw32/bin/../lib/gcc/nios2-elf/4.1.2/mno-hw-mul\libgcc.a(lib2-mul.o)
 .debug_info    0x00004a29      0x2bc ../NiosIICountBinary_bsp/\libhal_bsp.a(alt_load.o)
 .debug_info    0x00004ce5      0x254 ../NiosIICountBinary_bsp/\libhal_bsp.a(alt_main.o)
 .debug_info    0x00004f39      0x197 ../NiosIICountBinary_bsp/\libhal_bsp.a(alt_usleep.o)
 .debug_info    0x000050d0      0x6c2 ../NiosIICountBinary_bsp/\libhal_bsp.a(alt_write.o)
 .debug_info    0x00005792      0x5f0 ../NiosIICountBinary_bsp/\libhal_bsp.a(alt_sys_init.o)
 .debug_info    0x00005d82      0x5e8 ../NiosIICountBinary_bsp/\libhal_bsp.a(altera_avalon_jtag_uart_fd.o)
 .debug_info    0x0000636a      0x338 ../NiosIICountBinary_bsp/\libhal_bsp.a(altera_avalon_jtag_uart_read.o)
 .debug_info    0x000066a2      0x315 ../NiosIICountBinary_bsp/\libhal_bsp.a(altera_avalon_jtag_uart_write.o)
 .debug_info    0x000069b7      0x3ba ../NiosIICountBinary_bsp/\libhal_bsp.a(altera_avalon_timer_sc.o)
 .debug_info    0x00006d71      0x1da ../NiosIICountBinary_bsp/\libhal_bsp.a(alt_busy_sleep.o)
 .debug_info    0x00006f4b      0x496 ../NiosIICountBinary_bsp/\libhal_bsp.a(alt_close.o)
 .debug_info    0x000073e1      0x18b ../NiosIICountBinary_bsp/\libhal_bsp.a(alt_dcache_flush_all.o)
 .debug_info    0x0000756c      0x6ae ../NiosIICountBinary_bsp/\libhal_bsp.a(alt_dev.o)
 .debug_info    0x00007c1a      0x2e6 ../NiosIICountBinary_bsp/\libhal_bsp.a(alt_dev_llist_insert.o)
 .debug_info    0x00007f00      0x193 ../NiosIICountBinary_bsp/\libhal_bsp.a(alt_errno.o)
 .debug_info    0x00008093      0x18b ../NiosIICountBinary_bsp/\libhal_bsp.a(alt_icache_flush_all.o)
 .debug_info    0x0000821e      0x4c2 ../NiosIICountBinary_bsp/\libhal_bsp.a(alt_iic.o)
 .debug_info    0x000086e0      0x343 ../NiosIICountBinary_bsp/\libhal_bsp.a(alt_iic_isr_register.o)
 .debug_info    0x00008a23      0x6c4 ../NiosIICountBinary_bsp/\libhal_bsp.a(alt_io_redirect.o)
 .debug_info    0x000090e7       0xb3 ../NiosIICountBinary_bsp/\libhal_bsp.a(alt_irq_entry.o)
 .debug_info    0x0000919a      0x2a4 ../NiosIICountBinary_bsp/\libhal_bsp.a(alt_irq_handler.o)
 .debug_info    0x0000943e      0x196 ../NiosIICountBinary_bsp/\libhal_bsp.a(alt_irq_vars.o)
 .debug_info    0x000095d4      0x554 ../NiosIICountBinary_bsp/\libhal_bsp.a(alt_open.o)
 .debug_info    0x00009b28      0x421 ../NiosIICountBinary_bsp/\libhal_bsp.a(alt_release_fd.o)
 .debug_info    0x00009f49      0x42d ../NiosIICountBinary_bsp/\libhal_bsp.a(alt_tick.o)
 .debug_info    0x0000a376      0x192 ../NiosIICountBinary_bsp/\libhal_bsp.a(altera_nios2_qsys_irq.o)
 .debug_info    0x0000a508       0xb9 ../NiosIICountBinary_bsp/\libhal_bsp.a(alt_exception_entry.o)
 .debug_info    0x0000a5c1      0x447 ../NiosIICountBinary_bsp/\libhal_bsp.a(alt_find_dev.o)
 .debug_info    0x0000aa08      0x44e ../NiosIICountBinary_bsp/\libhal_bsp.a(alt_find_file.o)
 .debug_info    0x0000ae56      0x48f ../NiosIICountBinary_bsp/\libhal_bsp.a(alt_get_fd.o)
 .debug_info    0x0000b2e5      0x1d3 ../NiosIICountBinary_bsp/\libhal_bsp.a(alt_icache_flush.o)
 .debug_info    0x0000b4b8       0x9f c:/altera/13.0sp1/nios2eds/bin/gnu/h-i686-mingw32/bin/../lib/gcc/nios2-elf/4.1.2/../../../../nios2-elf/lib/mno-hw-mul\libsmallc.a(lib_a-exit.o)
 .debug_info    0x0000b557       0xef c:/altera/13.0sp1/nios2eds/bin/gnu/h-i686-mingw32/bin/../lib/gcc/nios2-elf/4.1.2/../../../../nios2-elf/lib/mno-hw-mul\libsmallc.a(lib_a-memcmp.o)
 .debug_info    0x0000b646      0x6d5 c:/altera/13.0sp1/nios2eds/bin/gnu/h-i686-mingw32/bin/../lib/gcc/nios2-elf/4.1.2/../../../../nios2-elf/lib/mno-hw-mul\libsmallc.a(lib_a-__call_atexit.o)
 .debug_info    0x0000bd1b      0x1bc ../NiosIICountBinary_bsp/\libhal_bsp.a(alt_exit.o)

.debug_abbrev   0x00000000     0x29b1
 *(.debug_abbrev)
 .debug_abbrev  0x00000000       0x12 ../NiosIICountBinary_bsp//obj/HAL/src/crt0.o
 .debug_abbrev  0x00000012      0x1ca obj/default/count_binary.o
 .debug_abbrev  0x000001dc       0xe0 c:/altera/13.0sp1/nios2eds/bin/gnu/h-i686-mingw32/bin/../lib/gcc/nios2-elf/4.1.2/mno-hw-mul\libgcc.a(lib2-divmod.o)
 .debug_abbrev  0x000002bc      0x179 c:/altera/13.0sp1/nios2eds/bin/gnu/h-i686-mingw32/bin/../lib/gcc/nios2-elf/4.1.2/../../../../nios2-elf/lib/mno-hw-mul\libsmallc.a(lib_a-printf.o)
 .debug_abbrev  0x00000435      0x158 c:/altera/13.0sp1/nios2eds/bin/gnu/h-i686-mingw32/bin/../lib/gcc/nios2-elf/4.1.2/../../../../nios2-elf/lib/mno-hw-mul\libsmallc.a(lib_a-putchar.o)
 .debug_abbrev  0x0000058d      0x180 c:/altera/13.0sp1/nios2eds/bin/gnu/h-i686-mingw32/bin/../lib/gcc/nios2-elf/4.1.2/../../../../nios2-elf/lib/mno-hw-mul\libsmallc.a(lib_a-puts.o)
 .debug_abbrev  0x0000070d       0x7a c:/altera/13.0sp1/nios2eds/bin/gnu/h-i686-mingw32/bin/../lib/gcc/nios2-elf/4.1.2/../../../../nios2-elf/lib/mno-hw-mul\libsmallc.a(lib_a-strlen.o)
 .debug_abbrev  0x00000787      0x263 c:/altera/13.0sp1/nios2eds/bin/gnu/h-i686-mingw32/bin/../lib/gcc/nios2-elf/4.1.2/../../../../nios2-elf/lib/mno-hw-mul\libsmallc.a(lib_a-vfprintf.o)
 .debug_abbrev  0x000009ea      0x179 c:/altera/13.0sp1/nios2eds/bin/gnu/h-i686-mingw32/bin/../lib/gcc/nios2-elf/4.1.2/../../../../nios2-elf/lib/mno-hw-mul\libsmallc.a(lib_a-fvwrite_small_dev.o)
 .debug_abbrev  0x00000b63      0x13f c:/altera/13.0sp1/nios2eds/bin/gnu/h-i686-mingw32/bin/../lib/gcc/nios2-elf/4.1.2/../../../../nios2-elf/lib/mno-hw-mul\libsmallc.a(lib_a-impure.o)
 .debug_abbrev  0x00000ca2      0x167 c:/altera/13.0sp1/nios2eds/bin/gnu/h-i686-mingw32/bin/../lib/gcc/nios2-elf/4.1.2/../../../../nios2-elf/lib/mno-hw-mul\libsmallc.a(lib_a-putc.o)
 .debug_abbrev  0x00000e09      0x16c c:/altera/13.0sp1/nios2eds/bin/gnu/h-i686-mingw32/bin/../lib/gcc/nios2-elf/4.1.2/../../../../nios2-elf/lib/mno-hw-mul\libsmallc.a(lib_a-writer.o)
 .debug_abbrev  0x00000f75       0x3b c:/altera/13.0sp1/nios2eds/bin/gnu/h-i686-mingw32/bin/../lib/gcc/nios2-elf/4.1.2/../../../../nios2-elf/lib/mno-hw-mul\libsmallc.a(lib_a-int_errno.o)
 .debug_abbrev  0x00000fb0       0x7b c:/altera/13.0sp1/nios2eds/bin/gnu/h-i686-mingw32/bin/../lib/gcc/nios2-elf/4.1.2/mno-hw-mul\libgcc.a(lib2-mul.o)
 .debug_abbrev  0x0000102b       0x88 ../NiosIICountBinary_bsp/\libhal_bsp.a(alt_load.o)
 .debug_abbrev  0x000010b3       0xb7 ../NiosIICountBinary_bsp/\libhal_bsp.a(alt_main.o)
 .debug_abbrev  0x0000116a       0x5d ../NiosIICountBinary_bsp/\libhal_bsp.a(alt_usleep.o)
 .debug_abbrev  0x000011c7      0x100 ../NiosIICountBinary_bsp/\libhal_bsp.a(alt_write.o)
 .debug_abbrev  0x000012c7      0x121 ../NiosIICountBinary_bsp/\libhal_bsp.a(alt_sys_init.o)
 .debug_abbrev  0x000013e8       0xcb ../NiosIICountBinary_bsp/\libhal_bsp.a(altera_avalon_jtag_uart_fd.o)
 .debug_abbrev  0x000014b3       0xb6 ../NiosIICountBinary_bsp/\libhal_bsp.a(altera_avalon_jtag_uart_read.o)
 .debug_abbrev  0x00001569       0xb4 ../NiosIICountBinary_bsp/\libhal_bsp.a(altera_avalon_jtag_uart_write.o)
 .debug_abbrev  0x0000161d      0x137 ../NiosIICountBinary_bsp/\libhal_bsp.a(altera_avalon_timer_sc.o)
 .debug_abbrev  0x00001754       0x6c ../NiosIICountBinary_bsp/\libhal_bsp.a(alt_busy_sleep.o)
 .debug_abbrev  0x000017c0       0xfb ../NiosIICountBinary_bsp/\libhal_bsp.a(alt_close.o)
 .debug_abbrev  0x000018bb       0x3f ../NiosIICountBinary_bsp/\libhal_bsp.a(alt_dcache_flush_all.o)
 .debug_abbrev  0x000018fa       0xc7 ../NiosIICountBinary_bsp/\libhal_bsp.a(alt_dev.o)
 .debug_abbrev  0x000019c1       0xf6 ../NiosIICountBinary_bsp/\libhal_bsp.a(alt_dev_llist_insert.o)
 .debug_abbrev  0x00001ab7       0x5e ../NiosIICountBinary_bsp/\libhal_bsp.a(alt_errno.o)
 .debug_abbrev  0x00001b15       0x3f ../NiosIICountBinary_bsp/\libhal_bsp.a(alt_icache_flush_all.o)
 .debug_abbrev  0x00001b54      0x134 ../NiosIICountBinary_bsp/\libhal_bsp.a(alt_iic.o)
 .debug_abbrev  0x00001c88      0x14e ../NiosIICountBinary_bsp/\libhal_bsp.a(alt_iic_isr_register.o)
 .debug_abbrev  0x00001dd6       0xf0 ../NiosIICountBinary_bsp/\libhal_bsp.a(alt_io_redirect.o)
 .debug_abbrev  0x00001ec6       0x12 ../NiosIICountBinary_bsp/\libhal_bsp.a(alt_irq_entry.o)
 .debug_abbrev  0x00001ed8      0x10c ../NiosIICountBinary_bsp/\libhal_bsp.a(alt_irq_handler.o)
 .debug_abbrev  0x00001fe4       0x44 ../NiosIICountBinary_bsp/\libhal_bsp.a(alt_irq_vars.o)
 .debug_abbrev  0x00002028      0x112 ../NiosIICountBinary_bsp/\libhal_bsp.a(alt_open.o)
 .debug_abbrev  0x0000213a       0xc1 ../NiosIICountBinary_bsp/\libhal_bsp.a(alt_release_fd.o)
 .debug_abbrev  0x000021fb      0x150 ../NiosIICountBinary_bsp/\libhal_bsp.a(alt_tick.o)
 .debug_abbrev  0x0000234b       0x3f ../NiosIICountBinary_bsp/\libhal_bsp.a(altera_nios2_qsys_irq.o)
 .debug_abbrev  0x0000238a       0x12 ../NiosIICountBinary_bsp/\libhal_bsp.a(alt_exception_entry.o)
 .debug_abbrev  0x0000239c       0xcf ../NiosIICountBinary_bsp/\libhal_bsp.a(alt_find_dev.o)
 .debug_abbrev  0x0000246b       0xcf ../NiosIICountBinary_bsp/\libhal_bsp.a(alt_find_file.o)
 .debug_abbrev  0x0000253a       0xfb ../NiosIICountBinary_bsp/\libhal_bsp.a(alt_get_fd.o)
 .debug_abbrev  0x00002635       0x7a ../NiosIICountBinary_bsp/\libhal_bsp.a(alt_icache_flush.o)
 .debug_abbrev  0x000026af       0x4e c:/altera/13.0sp1/nios2eds/bin/gnu/h-i686-mingw32/bin/../lib/gcc/nios2-elf/4.1.2/../../../../nios2-elf/lib/mno-hw-mul\libsmallc.a(lib_a-exit.o)
 .debug_abbrev  0x000026fd       0x7c c:/altera/13.0sp1/nios2eds/bin/gnu/h-i686-mingw32/bin/../lib/gcc/nios2-elf/4.1.2/../../../../nios2-elf/lib/mno-hw-mul\libsmallc.a(lib_a-memcmp.o)
 .debug_abbrev  0x00002779      0x1c6 c:/altera/13.0sp1/nios2eds/bin/gnu/h-i686-mingw32/bin/../lib/gcc/nios2-elf/4.1.2/../../../../nios2-elf/lib/mno-hw-mul\libsmallc.a(lib_a-__call_atexit.o)
 .debug_abbrev  0x0000293f       0x72 ../NiosIICountBinary_bsp/\libhal_bsp.a(alt_exit.o)

.debug_line     0x00000000     0x7264
 *(.debug_line)
 .debug_line    0x00000000       0x6c ../NiosIICountBinary_bsp//obj/HAL/src/crt0.o
 .debug_line    0x0000006c      0x44a obj/default/count_binary.o
 .debug_line    0x000004b6      0x24f c:/altera/13.0sp1/nios2eds/bin/gnu/h-i686-mingw32/bin/../lib/gcc/nios2-elf/4.1.2/mno-hw-mul\libgcc.a(lib2-divmod.o)
 .debug_line    0x00000705      0x2be c:/altera/13.0sp1/nios2eds/bin/gnu/h-i686-mingw32/bin/../lib/gcc/nios2-elf/4.1.2/../../../../nios2-elf/lib/mno-hw-mul\libsmallc.a(lib_a-printf.o)
 .debug_line    0x000009c3      0x267 c:/altera/13.0sp1/nios2eds/bin/gnu/h-i686-mingw32/bin/../lib/gcc/nios2-elf/4.1.2/../../../../nios2-elf/lib/mno-hw-mul\libsmallc.a(lib_a-putchar.o)
 .debug_line    0x00000c2a      0x2b2 c:/altera/13.0sp1/nios2eds/bin/gnu/h-i686-mingw32/bin/../lib/gcc/nios2-elf/4.1.2/../../../../nios2-elf/lib/mno-hw-mul\libsmallc.a(lib_a-puts.o)
 .debug_line    0x00000edc      0x250 c:/altera/13.0sp1/nios2eds/bin/gnu/h-i686-mingw32/bin/../lib/gcc/nios2-elf/4.1.2/../../../../nios2-elf/lib/mno-hw-mul\libsmallc.a(lib_a-strlen.o)
 .debug_line    0x0000112c      0x666 c:/altera/13.0sp1/nios2eds/bin/gnu/h-i686-mingw32/bin/../lib/gcc/nios2-elf/4.1.2/../../../../nios2-elf/lib/mno-hw-mul\libsmallc.a(lib_a-vfprintf.o)
 .debug_line    0x00001792      0x2a9 c:/altera/13.0sp1/nios2eds/bin/gnu/h-i686-mingw32/bin/../lib/gcc/nios2-elf/4.1.2/../../../../nios2-elf/lib/mno-hw-mul\libsmallc.a(lib_a-fvwrite_small_dev.o)
 .debug_line    0x00001a3b      0x230 c:/altera/13.0sp1/nios2eds/bin/gnu/h-i686-mingw32/bin/../lib/gcc/nios2-elf/4.1.2/../../../../nios2-elf/lib/mno-hw-mul\libsmallc.a(lib_a-impure.o)
 .debug_line    0x00001c6b      0x2d2 c:/altera/13.0sp1/nios2eds/bin/gnu/h-i686-mingw32/bin/../lib/gcc/nios2-elf/4.1.2/../../../../nios2-elf/lib/mno-hw-mul\libsmallc.a(lib_a-putc.o)
 .debug_line    0x00001f3d      0x29d c:/altera/13.0sp1/nios2eds/bin/gnu/h-i686-mingw32/bin/../lib/gcc/nios2-elf/4.1.2/../../../../nios2-elf/lib/mno-hw-mul\libsmallc.a(lib_a-writer.o)
 .debug_line    0x000021da      0x1e2 c:/altera/13.0sp1/nios2eds/bin/gnu/h-i686-mingw32/bin/../lib/gcc/nios2-elf/4.1.2/../../../../nios2-elf/lib/mno-hw-mul\libsmallc.a(lib_a-int_errno.o)
 .debug_line    0x000023bc      0x11a c:/altera/13.0sp1/nios2eds/bin/gnu/h-i686-mingw32/bin/../lib/gcc/nios2-elf/4.1.2/mno-hw-mul\libgcc.a(lib2-mul.o)
 .debug_line    0x000024d6      0x217 ../NiosIICountBinary_bsp/\libhal_bsp.a(alt_load.o)
 .debug_line    0x000026ed      0x2ba ../NiosIICountBinary_bsp/\libhal_bsp.a(alt_main.o)
 .debug_line    0x000029a7      0x202 ../NiosIICountBinary_bsp/\libhal_bsp.a(alt_usleep.o)
 .debug_line    0x00002ba9      0x2c9 ../NiosIICountBinary_bsp/\libhal_bsp.a(alt_write.o)
 .debug_line    0x00002e72      0x2c7 ../NiosIICountBinary_bsp/\libhal_bsp.a(alt_sys_init.o)
 .debug_line    0x00003139      0x1d7 ../NiosIICountBinary_bsp/\libhal_bsp.a(altera_avalon_jtag_uart_fd.o)
 .debug_line    0x00003310      0x343 ../NiosIICountBinary_bsp/\libhal_bsp.a(altera_avalon_jtag_uart_read.o)
 .debug_line    0x00003653      0x304 ../NiosIICountBinary_bsp/\libhal_bsp.a(altera_avalon_jtag_uart_write.o)
 .debug_line    0x00003957      0x2b3 ../NiosIICountBinary_bsp/\libhal_bsp.a(altera_avalon_timer_sc.o)
 .debug_line    0x00003c0a      0x25c ../NiosIICountBinary_bsp/\libhal_bsp.a(alt_busy_sleep.o)
 .debug_line    0x00003e66      0x299 ../NiosIICountBinary_bsp/\libhal_bsp.a(alt_close.o)
 .debug_line    0x000040ff      0x1b5 ../NiosIICountBinary_bsp/\libhal_bsp.a(alt_dcache_flush_all.o)
 .debug_line    0x000042b4      0x254 ../NiosIICountBinary_bsp/\libhal_bsp.a(alt_dev.o)
 .debug_line    0x00004508      0x25a ../NiosIICountBinary_bsp/\libhal_bsp.a(alt_dev_llist_insert.o)
 .debug_line    0x00004762      0x1aa ../NiosIICountBinary_bsp/\libhal_bsp.a(alt_errno.o)
 .debug_line    0x0000490c      0x1bd ../NiosIICountBinary_bsp/\libhal_bsp.a(alt_icache_flush_all.o)
 .debug_line    0x00004ac9      0x2c8 ../NiosIICountBinary_bsp/\libhal_bsp.a(alt_iic.o)
 .debug_line    0x00004d91      0x249 ../NiosIICountBinary_bsp/\libhal_bsp.a(alt_iic_isr_register.o)
 .debug_line    0x00004fda      0x2b4 ../NiosIICountBinary_bsp/\libhal_bsp.a(alt_io_redirect.o)
 .debug_line    0x0000528e       0x6b ../NiosIICountBinary_bsp/\libhal_bsp.a(alt_irq_entry.o)
 .debug_line    0x000052f9      0x248 ../NiosIICountBinary_bsp/\libhal_bsp.a(alt_irq_handler.o)
 .debug_line    0x00005541       0x72 ../NiosIICountBinary_bsp/\libhal_bsp.a(alt_irq_vars.o)
 .debug_line    0x000055b3      0x2ff ../NiosIICountBinary_bsp/\libhal_bsp.a(alt_open.o)
 .debug_line    0x000058b2       0xed ../NiosIICountBinary_bsp/\libhal_bsp.a(alt_release_fd.o)
 .debug_line    0x0000599f      0x2dc ../NiosIICountBinary_bsp/\libhal_bsp.a(alt_tick.o)
 .debug_line    0x00005c7b      0x1ce ../NiosIICountBinary_bsp/\libhal_bsp.a(altera_nios2_qsys_irq.o)
 .debug_line    0x00005e49       0xab ../NiosIICountBinary_bsp/\libhal_bsp.a(alt_exception_entry.o)
 .debug_line    0x00005ef4      0x26b ../NiosIICountBinary_bsp/\libhal_bsp.a(alt_find_dev.o)
 .debug_line    0x0000615f      0x27c ../NiosIICountBinary_bsp/\libhal_bsp.a(alt_find_file.o)
 .debug_line    0x000063db      0x297 ../NiosIICountBinary_bsp/\libhal_bsp.a(alt_get_fd.o)
 .debug_line    0x00006672      0x1f9 ../NiosIICountBinary_bsp/\libhal_bsp.a(alt_icache_flush.o)
 .debug_line    0x0000686b      0x223 c:/altera/13.0sp1/nios2eds/bin/gnu/h-i686-mingw32/bin/../lib/gcc/nios2-elf/4.1.2/../../../../nios2-elf/lib/mno-hw-mul\libsmallc.a(lib_a-exit.o)
 .debug_line    0x00006a8e      0x270 c:/altera/13.0sp1/nios2eds/bin/gnu/h-i686-mingw32/bin/../lib/gcc/nios2-elf/4.1.2/../../../../nios2-elf/lib/mno-hw-mul\libsmallc.a(lib_a-memcmp.o)
 .debug_line    0x00006cfe      0x360 c:/altera/13.0sp1/nios2eds/bin/gnu/h-i686-mingw32/bin/../lib/gcc/nios2-elf/4.1.2/../../../../nios2-elf/lib/mno-hw-mul\libsmallc.a(lib_a-__call_atexit.o)
 .debug_line    0x0000705e      0x206 ../NiosIICountBinary_bsp/\libhal_bsp.a(alt_exit.o)

.debug_frame    0x00000000      0xa8c
 *(.debug_frame)
 .debug_frame   0x00000000       0xf0 obj/default/count_binary.o
 .debug_frame   0x000000f0       0x70 c:/altera/13.0sp1/nios2eds/bin/gnu/h-i686-mingw32/bin/../lib/gcc/nios2-elf/4.1.2/mno-hw-mul\libgcc.a(lib2-divmod.o)
 .debug_frame   0x00000160       0x40 c:/altera/13.0sp1/nios2eds/bin/gnu/h-i686-mingw32/bin/../lib/gcc/nios2-elf/4.1.2/../../../../nios2-elf/lib/mno-hw-mul\libsmallc.a(lib_a-printf.o)
 .debug_frame   0x000001a0       0x30 c:/altera/13.0sp1/nios2eds/bin/gnu/h-i686-mingw32/bin/../lib/gcc/nios2-elf/4.1.2/../../../../nios2-elf/lib/mno-hw-mul\libsmallc.a(lib_a-putchar.o)
 .debug_frame   0x000001d0       0x3c c:/altera/13.0sp1/nios2eds/bin/gnu/h-i686-mingw32/bin/../lib/gcc/nios2-elf/4.1.2/../../../../nios2-elf/lib/mno-hw-mul\libsmallc.a(lib_a-puts.o)
 .debug_frame   0x0000020c       0x20 c:/altera/13.0sp1/nios2eds/bin/gnu/h-i686-mingw32/bin/../lib/gcc/nios2-elf/4.1.2/../../../../nios2-elf/lib/mno-hw-mul\libsmallc.a(lib_a-strlen.o)
 .debug_frame   0x0000022c       0x64 c:/altera/13.0sp1/nios2eds/bin/gnu/h-i686-mingw32/bin/../lib/gcc/nios2-elf/4.1.2/../../../../nios2-elf/lib/mno-hw-mul\libsmallc.a(lib_a-vfprintf.o)
 .debug_frame   0x00000290       0x30 c:/altera/13.0sp1/nios2eds/bin/gnu/h-i686-mingw32/bin/../lib/gcc/nios2-elf/4.1.2/../../../../nios2-elf/lib/mno-hw-mul\libsmallc.a(lib_a-fvwrite_small_dev.o)
 .debug_frame   0x000002c0       0x48 c:/altera/13.0sp1/nios2eds/bin/gnu/h-i686-mingw32/bin/../lib/gcc/nios2-elf/4.1.2/../../../../nios2-elf/lib/mno-hw-mul\libsmallc.a(lib_a-putc.o)
 .debug_frame   0x00000308       0x2c c:/altera/13.0sp1/nios2eds/bin/gnu/h-i686-mingw32/bin/../lib/gcc/nios2-elf/4.1.2/../../../../nios2-elf/lib/mno-hw-mul\libsmallc.a(lib_a-writer.o)
 .debug_frame   0x00000334       0x20 c:/altera/13.0sp1/nios2eds/bin/gnu/h-i686-mingw32/bin/../lib/gcc/nios2-elf/4.1.2/mno-hw-mul\libgcc.a(lib2-mul.o)
 .debug_frame   0x00000354       0x48 ../NiosIICountBinary_bsp/\libhal_bsp.a(alt_load.o)
 .debug_frame   0x0000039c       0x2c ../NiosIICountBinary_bsp/\libhal_bsp.a(alt_main.o)
 .debug_frame   0x000003c8       0x2c ../NiosIICountBinary_bsp/\libhal_bsp.a(alt_usleep.o)
 .debug_frame   0x000003f4       0x48 ../NiosIICountBinary_bsp/\libhal_bsp.a(alt_write.o)
 .debug_frame   0x0000043c       0x64 ../NiosIICountBinary_bsp/\libhal_bsp.a(alt_sys_init.o)
 .debug_frame   0x000004a0       0x48 ../NiosIICountBinary_bsp/\libhal_bsp.a(altera_avalon_jtag_uart_fd.o)
 .debug_frame   0x000004e8       0x2c ../NiosIICountBinary_bsp/\libhal_bsp.a(altera_avalon_jtag_uart_read.o)
 .debug_frame   0x00000514       0x2c ../NiosIICountBinary_bsp/\libhal_bsp.a(altera_avalon_jtag_uart_write.o)
 .debug_frame   0x00000540       0x48 ../NiosIICountBinary_bsp/\libhal_bsp.a(altera_avalon_timer_sc.o)
 .debug_frame   0x00000588       0x2c ../NiosIICountBinary_bsp/\libhal_bsp.a(alt_busy_sleep.o)
 .debug_frame   0x000005b4       0x48 ../NiosIICountBinary_bsp/\libhal_bsp.a(alt_close.o)
 .debug_frame   0x000005fc       0x2c ../NiosIICountBinary_bsp/\libhal_bsp.a(alt_dcache_flush_all.o)
 .debug_frame   0x00000628       0x2c ../NiosIICountBinary_bsp/\libhal_bsp.a(alt_dev.o)
 .debug_frame   0x00000654       0x48 ../NiosIICountBinary_bsp/\libhal_bsp.a(alt_dev_llist_insert.o)
 .debug_frame   0x0000069c       0x2c ../NiosIICountBinary_bsp/\libhal_bsp.a(alt_icache_flush_all.o)
 .debug_frame   0x000006c8       0x80 ../NiosIICountBinary_bsp/\libhal_bsp.a(alt_iic.o)
 .debug_frame   0x00000748       0x2c ../NiosIICountBinary_bsp/\libhal_bsp.a(alt_iic_isr_register.o)
 .debug_frame   0x00000774       0x4c ../NiosIICountBinary_bsp/\libhal_bsp.a(alt_io_redirect.o)
 .debug_frame   0x000007c0       0x2c ../NiosIICountBinary_bsp/\libhal_bsp.a(alt_irq_handler.o)
 .debug_frame   0x000007ec       0x68 ../NiosIICountBinary_bsp/\libhal_bsp.a(alt_open.o)
 .debug_frame   0x00000854       0x30 ../NiosIICountBinary_bsp/\libhal_bsp.a(alt_release_fd.o)
 .debug_frame   0x00000884       0x48 ../NiosIICountBinary_bsp/\libhal_bsp.a(alt_tick.o)
 .debug_frame   0x000008cc       0x2c ../NiosIICountBinary_bsp/\libhal_bsp.a(altera_nios2_qsys_irq.o)
 .debug_frame   0x000008f8       0x2c ../NiosIICountBinary_bsp/\libhal_bsp.a(alt_find_dev.o)
 .debug_frame   0x00000924       0x2c ../NiosIICountBinary_bsp/\libhal_bsp.a(alt_find_file.o)
 .debug_frame   0x00000950       0x30 ../NiosIICountBinary_bsp/\libhal_bsp.a(alt_get_fd.o)
 .debug_frame   0x00000980       0x2c ../NiosIICountBinary_bsp/\libhal_bsp.a(alt_icache_flush.o)
 .debug_frame   0x000009ac       0x2c c:/altera/13.0sp1/nios2eds/bin/gnu/h-i686-mingw32/bin/../lib/gcc/nios2-elf/4.1.2/../../../../nios2-elf/lib/mno-hw-mul\libsmallc.a(lib_a-exit.o)
 .debug_frame   0x000009d8       0x20 c:/altera/13.0sp1/nios2eds/bin/gnu/h-i686-mingw32/bin/../lib/gcc/nios2-elf/4.1.2/../../../../nios2-elf/lib/mno-hw-mul\libsmallc.a(lib_a-memcmp.o)
 .debug_frame   0x000009f8       0x4c c:/altera/13.0sp1/nios2eds/bin/gnu/h-i686-mingw32/bin/../lib/gcc/nios2-elf/4.1.2/../../../../nios2-elf/lib/mno-hw-mul\libsmallc.a(lib_a-__call_atexit.o)
 .debug_frame   0x00000a44       0x48 ../NiosIICountBinary_bsp/\libhal_bsp.a(alt_exit.o)

.debug_str      0x00000000      0xe38
 *(.debug_str)
 .debug_str     0x00000000       0x20 obj/default/count_binary.o
 .debug_str     0x00000020      0x167 c:/altera/13.0sp1/nios2eds/bin/gnu/h-i686-mingw32/bin/../lib/gcc/nios2-elf/4.1.2/mno-hw-mul\libgcc.a(lib2-divmod.o)
                                0x1b4 (size before relaxing)
 .debug_str     0x00000187      0x3aa c:/altera/13.0sp1/nios2eds/bin/gnu/h-i686-mingw32/bin/../lib/gcc/nios2-elf/4.1.2/../../../../nios2-elf/lib/mno-hw-mul\libsmallc.a(lib_a-printf.o)
                                0x466 (size before relaxing)
 .debug_str     0x00000531       0x51 c:/altera/13.0sp1/nios2eds/bin/gnu/h-i686-mingw32/bin/../lib/gcc/nios2-elf/4.1.2/../../../../nios2-elf/lib/mno-hw-mul\libsmallc.a(lib_a-putchar.o)
                                0x452 (size before relaxing)
 .debug_str     0x00000582       0x48 c:/altera/13.0sp1/nios2eds/bin/gnu/h-i686-mingw32/bin/../lib/gcc/nios2-elf/4.1.2/../../../../nios2-elf/lib/mno-hw-mul\libsmallc.a(lib_a-puts.o)
                                0x450 (size before relaxing)
 .debug_str     0x000005ca       0xe2 c:/altera/13.0sp1/nios2eds/bin/gnu/h-i686-mingw32/bin/../lib/gcc/nios2-elf/4.1.2/../../../../nios2-elf/lib/mno-hw-mul\libsmallc.a(lib_a-strlen.o)
                                0x184 (size before relaxing)
 .debug_str     0x000006ac      0x168 c:/altera/13.0sp1/nios2eds/bin/gnu/h-i686-mingw32/bin/../lib/gcc/nios2-elf/4.1.2/../../../../nios2-elf/lib/mno-hw-mul\libsmallc.a(lib_a-vfprintf.o)
                                0x5af (size before relaxing)
 .debug_str     0x00000814       0x70 c:/altera/13.0sp1/nios2eds/bin/gnu/h-i686-mingw32/bin/../lib/gcc/nios2-elf/4.1.2/../../../../nios2-elf/lib/mno-hw-mul\libsmallc.a(lib_a-fvwrite_small_dev.o)
                                0x46a (size before relaxing)
 .debug_str     0x00000884       0xf8 c:/altera/13.0sp1/nios2eds/bin/gnu/h-i686-mingw32/bin/../lib/gcc/nios2-elf/4.1.2/../../../../nios2-elf/lib/mno-hw-mul\libsmallc.a(lib_a-impure.o)
                                0x45d (size before relaxing)
 .debug_str     0x0000097c       0x4f c:/altera/13.0sp1/nios2eds/bin/gnu/h-i686-mingw32/bin/../lib/gcc/nios2-elf/4.1.2/../../../../nios2-elf/lib/mno-hw-mul\libsmallc.a(lib_a-putc.o)
                                0x455 (size before relaxing)
 .debug_str     0x000009cb       0x4f c:/altera/13.0sp1/nios2eds/bin/gnu/h-i686-mingw32/bin/../lib/gcc/nios2-elf/4.1.2/../../../../nios2-elf/lib/mno-hw-mul\libsmallc.a(lib_a-writer.o)
                                0x451 (size before relaxing)
 .debug_str     0x00000a1a       0x40 c:/altera/13.0sp1/nios2eds/bin/gnu/h-i686-mingw32/bin/../lib/gcc/nios2-elf/4.1.2/../../../../nios2-elf/lib/mno-hw-mul\libsmallc.a(lib_a-int_errno.o)
                                0x177 (size before relaxing)
 .debug_str     0x00000a5a       0x37 c:/altera/13.0sp1/nios2eds/bin/gnu/h-i686-mingw32/bin/../lib/gcc/nios2-elf/4.1.2/mno-hw-mul\libgcc.a(lib2-mul.o)
                                0x175 (size before relaxing)
 .debug_str     0x00000a91       0x12 ../NiosIICountBinary_bsp/\libhal_bsp.a(alt_load.o)
 .debug_str     0x00000aa3       0x12 ../NiosIICountBinary_bsp/\libhal_bsp.a(alt_main.o)
 .debug_str     0x00000ab5       0x12 ../NiosIICountBinary_bsp/\libhal_bsp.a(alt_usleep.o)
 .debug_str     0x00000ac7       0x12 ../NiosIICountBinary_bsp/\libhal_bsp.a(alt_write.o)
 .debug_str     0x00000ad9       0x12 ../NiosIICountBinary_bsp/\libhal_bsp.a(alt_sys_init.o)
 .debug_str     0x00000aeb       0x12 ../NiosIICountBinary_bsp/\libhal_bsp.a(altera_avalon_jtag_uart_read.o)
 .debug_str     0x00000afd       0x12 ../NiosIICountBinary_bsp/\libhal_bsp.a(altera_avalon_jtag_uart_write.o)
 .debug_str     0x00000b0f       0x12 ../NiosIICountBinary_bsp/\libhal_bsp.a(altera_avalon_timer_sc.o)
 .debug_str     0x00000b21       0x12 ../NiosIICountBinary_bsp/\libhal_bsp.a(alt_busy_sleep.o)
 .debug_str     0x00000b33       0x12 ../NiosIICountBinary_bsp/\libhal_bsp.a(alt_close.o)
 .debug_str     0x00000b45       0x12 ../NiosIICountBinary_bsp/\libhal_bsp.a(alt_dcache_flush_all.o)
 .debug_str     0x00000b57       0x12 ../NiosIICountBinary_bsp/\libhal_bsp.a(alt_dev.o)
 .debug_str     0x00000b69       0x12 ../NiosIICountBinary_bsp/\libhal_bsp.a(alt_dev_llist_insert.o)
 .debug_str     0x00000b7b       0x12 ../NiosIICountBinary_bsp/\libhal_bsp.a(alt_errno.o)
 .debug_str     0x00000b8d       0x12 ../NiosIICountBinary_bsp/\libhal_bsp.a(alt_icache_flush_all.o)
 .debug_str     0x00000b9f       0x18 ../NiosIICountBinary_bsp/\libhal_bsp.a(alt_iic.o)
 .debug_str     0x00000bb7       0x1a ../NiosIICountBinary_bsp/\libhal_bsp.a(alt_iic_isr_register.o)
 .debug_str     0x00000bd1       0x12 ../NiosIICountBinary_bsp/\libhal_bsp.a(alt_io_redirect.o)
 .debug_str     0x00000be3       0x12 ../NiosIICountBinary_bsp/\libhal_bsp.a(alt_irq_handler.o)
 .debug_str     0x00000bf5       0x12 ../NiosIICountBinary_bsp/\libhal_bsp.a(alt_open.o)
 .debug_str     0x00000c07       0x1a ../NiosIICountBinary_bsp/\libhal_bsp.a(alt_tick.o)
 .debug_str     0x00000c21       0x12 ../NiosIICountBinary_bsp/\libhal_bsp.a(altera_nios2_qsys_irq.o)
 .debug_str     0x00000c33       0x12 ../NiosIICountBinary_bsp/\libhal_bsp.a(alt_find_dev.o)
 .debug_str     0x00000c45       0x12 ../NiosIICountBinary_bsp/\libhal_bsp.a(alt_find_file.o)
 .debug_str     0x00000c57       0x12 ../NiosIICountBinary_bsp/\libhal_bsp.a(alt_get_fd.o)
 .debug_str     0x00000c69       0x12 ../NiosIICountBinary_bsp/\libhal_bsp.a(alt_icache_flush.o)
 .debug_str     0x00000c7b       0xde c:/altera/13.0sp1/nios2eds/bin/gnu/h-i686-mingw32/bin/../lib/gcc/nios2-elf/4.1.2/../../../../nios2-elf/lib/mno-hw-mul\libsmallc.a(lib_a-exit.o)
                                0x178 (size before relaxing)
 .debug_str     0x00000d59       0x45 c:/altera/13.0sp1/nios2eds/bin/gnu/h-i686-mingw32/bin/../lib/gcc/nios2-elf/4.1.2/../../../../nios2-elf/lib/mno-hw-mul\libsmallc.a(lib_a-memcmp.o)
                                0x17e (size before relaxing)
 .debug_str     0x00000d9e       0x7e c:/altera/13.0sp1/nios2eds/bin/gnu/h-i686-mingw32/bin/../lib/gcc/nios2-elf/4.1.2/../../../../nios2-elf/lib/mno-hw-mul\libsmallc.a(lib_a-__call_atexit.o)
                                0x491 (size before relaxing)
 .debug_str     0x00000e1c       0x1c ../NiosIICountBinary_bsp/\libhal_bsp.a(alt_exit.o)

.debug_loc      0x00000000     0x1a21
 *(.debug_loc)
 .debug_loc     0x00000000      0x158 obj/default/count_binary.o
 .debug_loc     0x00000158      0x1d2 c:/altera/13.0sp1/nios2eds/bin/gnu/h-i686-mingw32/bin/../lib/gcc/nios2-elf/4.1.2/mno-hw-mul\libgcc.a(lib2-divmod.o)
 .debug_loc     0x0000032a       0x8d c:/altera/13.0sp1/nios2eds/bin/gnu/h-i686-mingw32/bin/../lib/gcc/nios2-elf/4.1.2/../../../../nios2-elf/lib/mno-hw-mul\libsmallc.a(lib_a-printf.o)
 .debug_loc     0x000003b7       0x44 c:/altera/13.0sp1/nios2eds/bin/gnu/h-i686-mingw32/bin/../lib/gcc/nios2-elf/4.1.2/../../../../nios2-elf/lib/mno-hw-mul\libsmallc.a(lib_a-putchar.o)
 .debug_loc     0x000003fb       0xa2 c:/altera/13.0sp1/nios2eds/bin/gnu/h-i686-mingw32/bin/../lib/gcc/nios2-elf/4.1.2/../../../../nios2-elf/lib/mno-hw-mul\libsmallc.a(lib_a-puts.o)
 .debug_loc     0x0000049d       0x1e c:/altera/13.0sp1/nios2eds/bin/gnu/h-i686-mingw32/bin/../lib/gcc/nios2-elf/4.1.2/../../../../nios2-elf/lib/mno-hw-mul\libsmallc.a(lib_a-strlen.o)
 .debug_loc     0x000004bb      0x878 c:/altera/13.0sp1/nios2eds/bin/gnu/h-i686-mingw32/bin/../lib/gcc/nios2-elf/4.1.2/../../../../nios2-elf/lib/mno-hw-mul\libsmallc.a(lib_a-vfprintf.o)
 .debug_loc     0x00000d33      0x162 c:/altera/13.0sp1/nios2eds/bin/gnu/h-i686-mingw32/bin/../lib/gcc/nios2-elf/4.1.2/../../../../nios2-elf/lib/mno-hw-mul\libsmallc.a(lib_a-fvwrite_small_dev.o)
 .debug_loc     0x00000e95       0xd4 c:/altera/13.0sp1/nios2eds/bin/gnu/h-i686-mingw32/bin/../lib/gcc/nios2-elf/4.1.2/../../../../nios2-elf/lib/mno-hw-mul\libsmallc.a(lib_a-putc.o)
 .debug_loc     0x00000f69       0x97 c:/altera/13.0sp1/nios2eds/bin/gnu/h-i686-mingw32/bin/../lib/gcc/nios2-elf/4.1.2/../../../../nios2-elf/lib/mno-hw-mul\libsmallc.a(lib_a-writer.o)
 .debug_loc     0x00001000       0x4f c:/altera/13.0sp1/nios2eds/bin/gnu/h-i686-mingw32/bin/../lib/gcc/nios2-elf/4.1.2/mno-hw-mul\libgcc.a(lib2-mul.o)
 .debug_loc     0x0000104f       0x56 ../NiosIICountBinary_bsp/\libhal_bsp.a(alt_load.o)
 .debug_loc     0x000010a5       0x2b ../NiosIICountBinary_bsp/\libhal_bsp.a(alt_main.o)
 .debug_loc     0x000010d0       0x2b ../NiosIICountBinary_bsp/\libhal_bsp.a(alt_usleep.o)
 .debug_loc     0x000010fb       0x56 ../NiosIICountBinary_bsp/\libhal_bsp.a(alt_write.o)
 .debug_loc     0x00001151       0x81 ../NiosIICountBinary_bsp/\libhal_bsp.a(alt_sys_init.o)
 .debug_loc     0x000011d2       0x56 ../NiosIICountBinary_bsp/\libhal_bsp.a(altera_avalon_jtag_uart_fd.o)
 .debug_loc     0x00001228       0x2b ../NiosIICountBinary_bsp/\libhal_bsp.a(altera_avalon_jtag_uart_read.o)
 .debug_loc     0x00001253       0x2b ../NiosIICountBinary_bsp/\libhal_bsp.a(altera_avalon_jtag_uart_write.o)
 .debug_loc     0x0000127e       0x56 ../NiosIICountBinary_bsp/\libhal_bsp.a(altera_avalon_timer_sc.o)
 .debug_loc     0x000012d4       0x2b ../NiosIICountBinary_bsp/\libhal_bsp.a(alt_busy_sleep.o)
 .debug_loc     0x000012ff       0x56 ../NiosIICountBinary_bsp/\libhal_bsp.a(alt_close.o)
 .debug_loc     0x00001355       0x2b ../NiosIICountBinary_bsp/\libhal_bsp.a(alt_dcache_flush_all.o)
 .debug_loc     0x00001380       0x2b ../NiosIICountBinary_bsp/\libhal_bsp.a(alt_dev.o)
 .debug_loc     0x000013ab       0x56 ../NiosIICountBinary_bsp/\libhal_bsp.a(alt_dev_llist_insert.o)
 .debug_loc     0x00001401       0x2b ../NiosIICountBinary_bsp/\libhal_bsp.a(alt_icache_flush_all.o)
 .debug_loc     0x0000142c       0xac ../NiosIICountBinary_bsp/\libhal_bsp.a(alt_iic.o)
 .debug_loc     0x000014d8       0x2b ../NiosIICountBinary_bsp/\libhal_bsp.a(alt_iic_isr_register.o)
 .debug_loc     0x00001503       0x56 ../NiosIICountBinary_bsp/\libhal_bsp.a(alt_io_redirect.o)
 .debug_loc     0x00001559       0x2b ../NiosIICountBinary_bsp/\libhal_bsp.a(alt_irq_handler.o)
 .debug_loc     0x00001584       0x81 ../NiosIICountBinary_bsp/\libhal_bsp.a(alt_open.o)
 .debug_loc     0x00001605       0x2b ../NiosIICountBinary_bsp/\libhal_bsp.a(alt_release_fd.o)
 .debug_loc     0x00001630       0x56 ../NiosIICountBinary_bsp/\libhal_bsp.a(alt_tick.o)
 .debug_loc     0x00001686       0x2b ../NiosIICountBinary_bsp/\libhal_bsp.a(altera_nios2_qsys_irq.o)
 .debug_loc     0x000016b1       0x2b ../NiosIICountBinary_bsp/\libhal_bsp.a(alt_find_dev.o)
 .debug_loc     0x000016dc       0x2b ../NiosIICountBinary_bsp/\libhal_bsp.a(alt_find_file.o)
 .debug_loc     0x00001707       0x2b ../NiosIICountBinary_bsp/\libhal_bsp.a(alt_get_fd.o)
 .debug_loc     0x00001732       0x2b ../NiosIICountBinary_bsp/\libhal_bsp.a(alt_icache_flush.o)
 .debug_loc     0x0000175d       0x3d c:/altera/13.0sp1/nios2eds/bin/gnu/h-i686-mingw32/bin/../lib/gcc/nios2-elf/4.1.2/../../../../nios2-elf/lib/mno-hw-mul\libsmallc.a(lib_a-exit.o)
 .debug_loc     0x0000179a       0x70 c:/altera/13.0sp1/nios2eds/bin/gnu/h-i686-mingw32/bin/../lib/gcc/nios2-elf/4.1.2/../../../../nios2-elf/lib/mno-hw-mul\libsmallc.a(lib_a-memcmp.o)
 .debug_loc     0x0000180a      0x1c1 c:/altera/13.0sp1/nios2eds/bin/gnu/h-i686-mingw32/bin/../lib/gcc/nios2-elf/4.1.2/../../../../nios2-elf/lib/mno-hw-mul\libsmallc.a(lib_a-__call_atexit.o)
 .debug_loc     0x000019cb       0x56 ../NiosIICountBinary_bsp/\libhal_bsp.a(alt_exit.o)

.debug_macinfo
 *(.debug_macinfo)

.debug_weaknames
 *(.debug_weaknames)

.debug_funcnames
 *(.debug_funcnames)

.debug_typenames
 *(.debug_typenames)

.debug_varnames
 *(.debug_varnames)

.debug_alt_sim_info
                0x00000000       0x50
 *(.debug_alt_sim_info)
 .debug_alt_sim_info
                0x00000000       0x20 ../NiosIICountBinary_bsp//obj/HAL/src/crt0.o
 .debug_alt_sim_info
                0x00000020       0x30 ../NiosIICountBinary_bsp/\libhal_bsp.a(alt_busy_sleep.o)
                0x00085000                __alt_data_end = 0x85000
                0x00085000                PROVIDE (__alt_stack_pointer, __alt_data_end)
                0x00083248                PROVIDE (__alt_stack_limit, __alt_stack_base)
                0x00083248                PROVIDE (__alt_heap_start, end)
                0x00085000                PROVIDE (__alt_heap_limit, 0x85000)
OUTPUT(NiosIICountBinary.elf elf32-littlenios2)

.debug_ranges   0x00000000      0x1d0
 .debug_ranges  0x00000000       0x20 ../NiosIICountBinary_bsp//obj/HAL/src/crt0.o
 .debug_ranges  0x00000020      0x140 c:/altera/13.0sp1/nios2eds/bin/gnu/h-i686-mingw32/bin/../lib/gcc/nios2-elf/4.1.2/../../../../nios2-elf/lib/mno-hw-mul\libsmallc.a(lib_a-vfprintf.o)
 .debug_ranges  0x00000160       0x28 ../NiosIICountBinary_bsp/\libhal_bsp.a(alt_irq_entry.o)
 .debug_ranges  0x00000188       0x30 ../NiosIICountBinary_bsp/\libhal_bsp.a(alt_exception_entry.o)
 .debug_ranges  0x000001b8       0x18 c:/altera/13.0sp1/nios2eds/bin/gnu/h-i686-mingw32/bin/../lib/gcc/nios2-elf/4.1.2/../../../../nios2-elf/lib/mno-hw-mul\libsmallc.a(lib_a-__call_atexit.o)
