This is pdfTeX, Version 3.141592653-2.6-1.40.27 (MiKTeX 25.4) (preloaded format=pdflatex.fmt)
 restricted \write18 enabled.
entering extended mode
(report.tex
LaTeX2e <2025-06-01> patch level 1
L3 programming layer <2025-09-02>
(C:\Users\ryanm\AppData\Local\Programs\MiKTeX\tex/latex/base\report.cls
Document Class: report 2025/01/22 v1.4n Standard LaTeX document class
(C:\Users\ryanm\AppData\Local\Programs\MiKTeX\tex/latex/base\size12.clo))
(C:\Users\ryanm\AppData\Local\Programs\MiKTeX\tex/latex/graphics\graphicx.sty
(C:\Users\ryanm\AppData\Local\Programs\MiKTeX\tex/latex/graphics\keyval.sty)
(C:\Users\ryanm\AppData\Local\Programs\MiKTeX\tex/latex/graphics\graphics.sty
(C:\Users\ryanm\AppData\Local\Programs\MiKTeX\tex/latex/graphics\trig.sty)
(C:\Users\ryanm\AppData\Local\Programs\MiKTeX\tex/latex/graphics-cfg\graphics.c
fg)
(C:\Users\ryanm\AppData\Local\Programs\MiKTeX\tex/latex/graphics-def\pdftex.def
)))
(C:\Users\ryanm\AppData\Local\Programs\MiKTeX\tex/latex/geometry\geometry.sty
(C:\Users\ryanm\AppData\Local\Programs\MiKTeX\tex/generic/iftex\ifvtex.sty
(C:\Users\ryanm\AppData\Local\Programs\MiKTeX\tex/generic/iftex\iftex.sty))
(C:\Users\ryanm\AppData\Local\Programs\MiKTeX\tex/latex/geometry\geometry.cfg))
(C:\Users\ryanm\AppData\Local\Programs\MiKTeX\tex/latex/amsfonts\amssymb.sty
(C:\Users\ryanm\AppData\Local\Programs\MiKTeX\tex/latex/amsfonts\amsfonts.sty))
 (C:\Users\ryanm\AppData\Local\Programs\MiKTeX\tex/latex/amsmath\amsmath.sty
For additional information on amsmath, use the `?' option.
(C:\Users\ryanm\AppData\Local\Programs\MiKTeX\tex/latex/amsmath\amstext.sty
(C:\Users\ryanm\AppData\Local\Programs\MiKTeX\tex/latex/amsmath\amsgen.sty))
(C:\Users\ryanm\AppData\Local\Programs\MiKTeX\tex/latex/amsmath\amsbsy.sty)
(C:\Users\ryanm\AppData\Local\Programs\MiKTeX\tex/latex/amsmath\amsopn.sty))
(C:\Users\ryanm\AppData\Local\Programs\MiKTeX\tex/latex/pgf/frontendlayer\tikz.
sty
(C:\Users\ryanm\AppData\Local\Programs\MiKTeX\tex/latex/pgf/basiclayer\pgf.sty
(C:\Users\ryanm\AppData\Local\Programs\MiKTeX\tex/latex/pgf/utilities\pgfrcs.st
y
(C:\Users\ryanm\AppData\Local\Programs\MiKTeX\tex/generic/pgf/utilities\pgfutil
-common.tex)
(C:\Users\ryanm\AppData\Local\Programs\MiKTeX\tex/generic/pgf/utilities\pgfutil
-latex.def)
(C:\Users\ryanm\AppData\Local\Programs\MiKTeX\tex/generic/pgf/utilities\pgfrcs.
code.tex
(C:\Users\ryanm\AppData\Local\Programs\MiKTeX\tex/generic/pgf\pgf.revision.tex)
))
(C:\Users\ryanm\AppData\Local\Programs\MiKTeX\tex/latex/pgf/basiclayer\pgfcore.
sty
(C:\Users\ryanm\AppData\Local\Programs\MiKTeX\tex/latex/pgf/systemlayer\pgfsys.
sty
(C:\Users\ryanm\AppData\Local\Programs\MiKTeX\tex/generic/pgf/systemlayer\pgfsy
s.code.tex
(C:\Users\ryanm\AppData\Local\Programs\MiKTeX\tex/generic/pgf/utilities\pgfkeys
.code.tex
(C:\Users\ryanm\AppData\Local\Programs\MiKTeX\tex/generic/pgf/utilities\pgfkeys
libraryfiltered.code.tex))
(C:\Users\ryanm\AppData\Local\Programs\MiKTeX\tex/generic/pgf/systemlayer\pgf.c
fg)
(C:\Users\ryanm\AppData\Local\Programs\MiKTeX\tex/generic/pgf/systemlayer\pgfsy
s-pdftex.def
(C:\Users\ryanm\AppData\Local\Programs\MiKTeX\tex/generic/pgf/systemlayer\pgfsy
s-common-pdf.def)))
(C:\Users\ryanm\AppData\Local\Programs\MiKTeX\tex/generic/pgf/systemlayer\pgfsy
ssoftpath.code.tex)
(C:\Users\ryanm\AppData\Local\Programs\MiKTeX\tex/generic/pgf/systemlayer\pgfsy
sprotocol.code.tex))
(C:\Users\ryanm\AppData\Local\Programs\MiKTeX\tex/latex/xcolor\xcolor.sty
(C:\Users\ryanm\AppData\Local\Programs\MiKTeX\tex/latex/graphics-cfg\color.cfg)
(C:\Users\ryanm\AppData\Local\Programs\MiKTeX\tex/latex/graphics\mathcolor.ltx)
)
(C:\Users\ryanm\AppData\Local\Programs\MiKTeX\tex/generic/pgf/basiclayer\pgfcor
e.code.tex
(C:\Users\ryanm\AppData\Local\Programs\MiKTeX\tex/generic/pgf/math\pgfmath.code
.tex
(C:\Users\ryanm\AppData\Local\Programs\MiKTeX\tex/generic/pgf/math\pgfmathutil.
code.tex)
(C:\Users\ryanm\AppData\Local\Programs\MiKTeX\tex/generic/pgf/math\pgfmathparse
r.code.tex)
(C:\Users\ryanm\AppData\Local\Programs\MiKTeX\tex/generic/pgf/math\pgfmathfunct
ions.code.tex)
(C:\Users\ryanm\AppData\Local\Programs\MiKTeX\tex/generic/pgf/math\pgfmathfunct
ions.basic.code.tex)
(C:\Users\ryanm\AppData\Local\Programs\MiKTeX\tex/generic/pgf/math\pgfmathfunct
ions.trigonometric.code.tex)
(C:\Users\ryanm\AppData\Local\Programs\MiKTeX\tex/generic/pgf/math\pgfmathfunct
ions.random.code.tex)
(C:\Users\ryanm\AppData\Local\Programs\MiKTeX\tex/generic/pgf/math\pgfmathfunct
ions.comparison.code.tex)
(C:\Users\ryanm\AppData\Local\Programs\MiKTeX\tex/generic/pgf/math\pgfmathfunct
ions.base.code.tex)
(C:\Users\ryanm\AppData\Local\Programs\MiKTeX\tex/generic/pgf/math\pgfmathfunct
ions.round.code.tex)
(C:\Users\ryanm\AppData\Local\Programs\MiKTeX\tex/generic/pgf/math\pgfmathfunct
ions.misc.code.tex)
(C:\Users\ryanm\AppData\Local\Programs\MiKTeX\tex/generic/pgf/math\pgfmathfunct
ions.integerarithmetics.code.tex)
(C:\Users\ryanm\AppData\Local\Programs\MiKTeX\tex/generic/pgf/math\pgfmathcalc.
code.tex)
(C:\Users\ryanm\AppData\Local\Programs\MiKTeX\tex/generic/pgf/math\pgfmathfloat
.code.tex))
(C:\Users\ryanm\AppData\Local\Programs\MiKTeX\tex/generic/pgf/math\pgfint.code.
tex)
(C:\Users\ryanm\AppData\Local\Programs\MiKTeX\tex/generic/pgf/basiclayer\pgfcor
epoints.code.tex)
(C:\Users\ryanm\AppData\Local\Programs\MiKTeX\tex/generic/pgf/basiclayer\pgfcor
epathconstruct.code.tex)
(C:\Users\ryanm\AppData\Local\Programs\MiKTeX\tex/generic/pgf/basiclayer\pgfcor
epathusage.code.tex)
(C:\Users\ryanm\AppData\Local\Programs\MiKTeX\tex/generic/pgf/basiclayer\pgfcor
escopes.code.tex)
(C:\Users\ryanm\AppData\Local\Programs\MiKTeX\tex/generic/pgf/basiclayer\pgfcor
egraphicstate.code.tex)
(C:\Users\ryanm\AppData\Local\Programs\MiKTeX\tex/generic/pgf/basiclayer\pgfcor
etransformations.code.tex)
(C:\Users\ryanm\AppData\Local\Programs\MiKTeX\tex/generic/pgf/basiclayer\pgfcor
equick.code.tex)
(C:\Users\ryanm\AppData\Local\Programs\MiKTeX\tex/generic/pgf/basiclayer\pgfcor
eobjects.code.tex)
(C:\Users\ryanm\AppData\Local\Programs\MiKTeX\tex/generic/pgf/basiclayer\pgfcor
epathprocessing.code.tex)
(C:\Users\ryanm\AppData\Local\Programs\MiKTeX\tex/generic/pgf/basiclayer\pgfcor
earrows.code.tex)
(C:\Users\ryanm\AppData\Local\Programs\MiKTeX\tex/generic/pgf/basiclayer\pgfcor
eshade.code.tex)
(C:\Users\ryanm\AppData\Local\Programs\MiKTeX\tex/generic/pgf/basiclayer\pgfcor
eimage.code.tex)
(C:\Users\ryanm\AppData\Local\Programs\MiKTeX\tex/generic/pgf/basiclayer\pgfcor
eexternal.code.tex)
(C:\Users\ryanm\AppData\Local\Programs\MiKTeX\tex/generic/pgf/basiclayer\pgfcor
elayers.code.tex)
(C:\Users\ryanm\AppData\Local\Programs\MiKTeX\tex/generic/pgf/basiclayer\pgfcor
etransparency.code.tex)
(C:\Users\ryanm\AppData\Local\Programs\MiKTeX\tex/generic/pgf/basiclayer\pgfcor
epatterns.code.tex)
(C:\Users\ryanm\AppData\Local\Programs\MiKTeX\tex/generic/pgf/basiclayer\pgfcor
erdf.code.tex)))
(C:\Users\ryanm\AppData\Local\Programs\MiKTeX\tex/generic/pgf/modules\pgfmodule
shapes.code.tex)
(C:\Users\ryanm\AppData\Local\Programs\MiKTeX\tex/generic/pgf/modules\pgfmodule
plot.code.tex)
(C:\Users\ryanm\AppData\Local\Programs\MiKTeX\tex/latex/pgf/compatibility\pgfco
mp-version-0-65.sty)
(C:\Users\ryanm\AppData\Local\Programs\MiKTeX\tex/latex/pgf/compatibility\pgfco
mp-version-1-18.sty))
(C:\Users\ryanm\AppData\Local\Programs\MiKTeX\tex/latex/pgf/utilities\pgffor.st
y
(C:\Users\ryanm\AppData\Local\Programs\MiKTeX\tex/latex/pgf/utilities\pgfkeys.s
ty
(C:\Users\ryanm\AppData\Local\Programs\MiKTeX\tex/generic/pgf/utilities\pgfkeys
.code.tex))
(C:\Users\ryanm\AppData\Local\Programs\MiKTeX\tex/latex/pgf/math\pgfmath.sty
(C:\Users\ryanm\AppData\Local\Programs\MiKTeX\tex/generic/pgf/math\pgfmath.code
.tex))
(C:\Users\ryanm\AppData\Local\Programs\MiKTeX\tex/generic/pgf/utilities\pgffor.
code.tex))
(C:\Users\ryanm\AppData\Local\Programs\MiKTeX\tex/generic/pgf/frontendlayer/tik
z\tikz.code.tex
(C:\Users\ryanm\AppData\Local\Programs\MiKTeX\tex/generic/pgf/libraries\pgflibr
aryplothandlers.code.tex)
(C:\Users\ryanm\AppData\Local\Programs\MiKTeX\tex/generic/pgf/modules\pgfmodule
matrix.code.tex)
(C:\Users\ryanm\AppData\Local\Programs\MiKTeX\tex/generic/pgf/frontendlayer/tik
z/libraries\tikzlibrarytopaths.code.tex)))
(C:\Users\ryanm\AppData\Local\Programs\MiKTeX\tex/generic/pgf/frontendlayer/tik
z/libraries\tikzlibraryautomata.code.tex
(C:\Users\ryanm\AppData\Local\Programs\MiKTeX\tex/generic/pgf/frontendlayer/tik
z/libraries\tikzlibraryshapes.multipart.code.tex
(C:\Users\ryanm\AppData\Local\Programs\MiKTeX\tex/generic/pgf/libraries/shapes\
pgflibraryshapes.multipart.code.tex)))
(C:\Users\ryanm\AppData\Local\Programs\MiKTeX\tex/generic/pgf/frontendlayer/tik
z/libraries\tikzlibrarypositioning.code.tex)
(C:\Users\ryanm\AppData\Local\Programs\MiKTeX\tex/generic/pgf/libraries\pgflibr
aryarrows.meta.code.tex)
(C:\Users\ryanm\AppData\Local\Programs\MiKTeX\tex/generic/pgf/frontendlayer/tik
z/libraries\tikzlibraryshapes.geometric.code.tex
(C:\Users\ryanm\AppData\Local\Programs\MiKTeX\tex/generic/pgf/libraries/shapes\
pgflibraryshapes.geometric.code.tex))
(C:\Users\ryanm\AppData\Local\Programs\MiKTeX\tex/latex/booktabs\booktabs.sty)
(C:\Users\ryanm\AppData\Local\Programs\MiKTeX\tex/latex/tools\array.sty)
(C:\Users\ryanm\AppData\Local\Programs\MiKTeX\tex/latex/float\float.sty)
(C:\Users\ryanm\AppData\Local\Programs\MiKTeX\tex/latex/hyperref\hyperref.sty
(C:\Users\ryanm\AppData\Local\Programs\MiKTeX\tex/latex/kvsetkeys\kvsetkeys.sty
)
(C:\Users\ryanm\AppData\Local\Programs\MiKTeX\tex/generic/kvdefinekeys\kvdefine
keys.sty)
(C:\Users\ryanm\AppData\Local\Programs\MiKTeX\tex/generic/pdfescape\pdfescape.s
ty
(C:\Users\ryanm\AppData\Local\Programs\MiKTeX\tex/generic/ltxcmds\ltxcmds.sty)
(C:\Users\ryanm\AppData\Local\Programs\MiKTeX\tex/generic/pdftexcmds\pdftexcmds
.sty
(C:\Users\ryanm\AppData\Local\Programs\MiKTeX\tex/generic/infwarerr\infwarerr.s
ty)))
(C:\Users\ryanm\AppData\Local\Programs\MiKTeX\tex/latex/hycolor\hycolor.sty)
(C:\Users\ryanm\AppData\Local\Programs\MiKTeX\tex/latex/hyperref\nameref.sty
(C:\Users\ryanm\AppData\Local\Programs\MiKTeX\tex/latex/refcount\refcount.sty)
(C:\Users\ryanm\AppData\Local\Programs\MiKTeX\tex/generic/gettitlestring\gettit
lestring.sty
(C:\Users\ryanm\AppData\Local\Programs\MiKTeX\tex/latex/kvoptions\kvoptions.sty
)))
(C:\Users\ryanm\AppData\Local\Programs\MiKTeX\tex/latex/etoolbox\etoolbox.sty)
(C:\Users\ryanm\AppData\Local\Programs\MiKTeX\tex/generic/stringenc\stringenc.s
ty) (C:\Users\ryanm\AppData\Local\Programs\MiKTeX\tex/latex/hyperref\pd1enc.def
) (C:\Users\ryanm\AppData\Local\Programs\MiKTeX\tex/generic/intcalc\intcalc.sty
) (C:\Users\ryanm\AppData\Local\Programs\MiKTeX\tex/latex/hyperref\puenc.def)
(C:\Users\ryanm\AppData\Local\Programs\MiKTeX\tex/latex/url\url.sty)
(C:\Users\ryanm\AppData\Local\Programs\MiKTeX\tex/generic/bitset\bitset.sty
(C:\Users\ryanm\AppData\Local\Programs\MiKTeX\tex/generic/bigintcalc\bigintcalc
.sty)))
(C:\Users\ryanm\AppData\Local\Programs\MiKTeX\tex/latex/hyperref\hpdftex.def
(C:\Users\ryanm\AppData\Local\Programs\MiKTeX\tex/latex/rerunfilecheck\rerunfil
echeck.sty
(C:\Users\ryanm\AppData\Local\Programs\MiKTeX\tex/generic/uniquecounter\uniquec
ounter.sty)))
(C:\Users\ryanm\AppData\Local\Programs\MiKTeX\tex/latex/listings\listings.sty
(C:\Users\ryanm\AppData\Local\Programs\MiKTeX\tex/latex/listings\lstpatch.sty)
(C:\Users\ryanm\AppData\Local\Programs\MiKTeX\tex/latex/listings\lstmisc.sty)
(C:\Users\ryanm\AppData\Local\Programs\MiKTeX\tex/latex/listings\listings.cfg))

(C:\Users\ryanm\AppData\Local\Programs\MiKTeX\tex/latex/l3backend\l3backend-pdf
tex.def) (report.aux)
(C:\Users\ryanm\AppData\Local\Programs\MiKTeX\tex/context/base/mkii\supp-pdf.mk
ii
[Loading MPS to PDF converter (version 2006.09.02).]
)
(C:\Users\ryanm\AppData\Local\Programs\MiKTeX\tex/latex/epstopdf-pkg\epstopdf-b
ase.sty
(C:\Users\ryanm\AppData\Local\Programs\MiKTeX\tex/latex/00miktex\epstopdf-sys.c
fg))
*geometry* driver: auto-detecting
*geometry* detected driver: pdftex
(report.out) (report.out)
(C:\Users\ryanm\AppData\Local\Programs\MiKTeX\tex/latex/amsfonts\umsa.fd)
(C:\Users\ryanm\AppData\Local\Programs\MiKTeX\tex/latex/amsfonts\umsb.fd)
[1{C:/Users/ryanm/AppData/Local/MiKTeX/fonts/map/pdftex/pdftex.map}]

pdfTeX warning (ext4): destination with the same identifier (name{page.1}) has 
been already used, duplicate ignored
<to be read again> 
                   \relax 
l.72 \end{abstract}
                    [1] (report.toc)

pdfTeX warning (ext4): destination with the same identifier (name{page.1}) has 
been already used, duplicate ignored
<to be read again> 
                   \relax 
l.76 \chapter
             {Introduction} [1]
Chapter 1.

[2]
[3]
Chapter 2.

[4]
[5 <./assets/PartA/NIOSII-Block-Diagram.png>]
[6 <./assets/nios2_system component tree.png>]
Underfull \hbox (badness 1097) in paragraph at lines 198--198
[]\OT1/cmr/m/n/12 Table 2.2: []Custom in-struc-tion op-code as-sign-ments (opco
de-addressed, not

[7]
[8]
[9 <./assets/PartA/sram/SRAM-Memory-Test.png>]
[10 <./assets/PartA/sram/NIOSII-cpu-sdram-cfg.png> <./assets/PartA/sdram/niosII
-cpu-cfg-sdram.png>]
[11 <./assets/PartA/sdram/sdram-test.png>]
Chapter 3.

[12]
(C:\Users\ryanm\AppData\Local\Programs\MiKTeX\tex/latex/listings\lstlang1.sty)
(C:\Users\ryanm\AppData\Local\Programs\MiKTeX\tex/latex/listings\lstmisc.sty)
[13]
[14]
[15]
[16]
[17]
[18 <./assets/PartB/Nios_Custom_Instruction_Slave.png>]
Overfull \hbox (4.15443pt too wide) in paragraph at lines 626--631
[]\OT1/cmr/m/n/12 Overall, for a leading-ones count that is ex-e-cuted fre-quen
tly or on a performance-

[19]
Chapter 4.

[20]
[21 <./assets/PartC/pwm_block_diagram.png>]
[22 <./assets/PartC/psm_asm.png>]
[23]
Overfull \hbox (9.45303pt too wide) in paragraph at lines 766--781
\OT1/cmr/m/n/12 make the ap-pli-ca-tion code sim-pler, a sec-ond cus-tom in-str
uc-tion, \OT1/cmtt/m/n/12 ci[]pwm[]controller\OT1/cmr/m/n/12 ,

Overfull \hbox (6.45181pt too wide) in paragraph at lines 766--781
\OT1/cmr/m/n/12 can-not be a single-cycle \OT1/cmr/m/it/12 Com-bi-na-tional \OT
1/cmr/m/n/12 cus-tom in-struc-tion like \OT1/cmtt/m/n/12 count[]leading[]ones

[24]
[25]
[26]
[27]
[28]
Overfull \hbox (16.49269pt too wide) in paragraph at lines 991--992
[][][][] 

[29 <./assets/niosII_block_diagram.png>]
[30]
Overfull \hbox (3.02408pt too wide) in paragraph at lines 1059--1066
\OT1/cmr/m/n/12 soft-ware side, each of the 10 up-/-down steps is held for \OT1
/cmtt/m/n/12 PWM[]STEP[]DELAY[]US \OT1/cmr/m/n/12 = 200 ms,

Overfull \hbox (10.97917pt too wide) in paragraph at lines 1080--1089
\OT1/cmr/m/n/12 video is avail-able at []$\OT1/cmtt/m/n/12 https : / / youtube 
. com / shorts / yChccSzzIE8$[]\OT1/cmr/m/n/12 , show-ing LEDR10

[31]
Chapter 5.

Overfull \hbox (21.18913pt too wide) in paragraph at lines 1092--1098
\OT1/cmr/m/n/12 method was used for both the PWM con-troller (Fig-ure []4.2[]) 
and the \OT1/cmtt/m/n/12 ci[]pwm[]controller

Overfull \hbox (8.22581pt too wide) in paragraph at lines 1092--1098
\OT1/cmr/m/n/12 cus-tom in-struc-tion (Fig-ure []4.3[]) (LO1); ev-ery hard-ware
 block -- \OT1/cmtt/m/n/12 count[]leading[]ones\OT1/cmr/m/n/12 ,

[32]
[33] (report.bbl
[34]
Underfull \hbox (badness 7540) in paragraph at lines 4--10
[]\OT1/cmr/m/n/12 Intel Cor-po-ra-tion.  In-tel quar-tus prime pro edi-tion use
r guide:

Underfull \hbox (badness 10000) in paragraph at lines 4--10
\OT1/cmr/m/n/12 Plat-form de-signer.  []$\OT1/cmtt/m/n/12 https : / / cdrdv2-[]
public . intel . com / 704996 /

Underfull \hbox (badness 1082) in paragraph at lines 4--10
\OT1/cmtt/m/n/12 ug-[]qpp-[]platform-[]designer-[]19-[]1-[]683609-[]704996 . pd
f$[]\OT1/cmr/m/n/12 , 2026.  Ac-cessed:
)
[35] (report.aux)

LaTeX Warning: Label(s) may have changed. Rerun to get cross-references right.

 )
(see the transcript file for additional information) <C:\Users\ryanm\AppData\Lo
cal\MiKTeX\fonts/pk/ljfour/jknappen/ec/dpi600\tcrm1200.pk><C:/Users/ryanm/AppDa
ta/Local/Programs/MiKTeX/fonts/type1/public/amsfonts/cm/cmbx12.pfb><C:/Users/ry
anm/AppData/Local/Programs/MiKTeX/fonts/type1/public/amsfonts/cm/cmitt10.pfb><C
:/Users/ryanm/AppData/Local/Programs/MiKTeX/fonts/type1/public/amsfonts/cm/cmmi
12.pfb><C:/Users/ryanm/AppData/Local/Programs/MiKTeX/fonts/type1/public/amsfont
s/cm/cmr10.pfb><C:/Users/ryanm/AppData/Local/Programs/MiKTeX/fonts/type1/public
/amsfonts/cm/cmr12.pfb><C:/Users/ryanm/AppData/Local/Programs/MiKTeX/fonts/type
1/public/amsfonts/cm/cmr17.pfb><C:/Users/ryanm/AppData/Local/Programs/MiKTeX/fo
nts/type1/public/amsfonts/cm/cmr8.pfb><C:/Users/ryanm/AppData/Local/Programs/Mi
KTeX/fonts/type1/public/amsfonts/cm/cmsy10.pfb><C:/Users/ryanm/AppData/Local/Pr
ograms/MiKTeX/fonts/type1/public/amsfonts/cm/cmti12.pfb><C:/Users/ryanm/AppData
/Local/Programs/MiKTeX/fonts/type1/public/amsfonts/cm/cmtt10.pfb><C:/Users/ryan
m/AppData/Local/Programs/MiKTeX/fonts/type1/public/amsfonts/cm/cmtt12.pfb><C:/U
sers/ryanm/AppData/Local/Programs/MiKTeX/fonts/type1/public/amsfonts/symbols/ms
bm10.pfb>
Output written on report.pdf (37 pages, 820852 bytes).
Transcript written on report.log.
